<?xml version="1.0" encoding="ISO-8859-1" ?>
<link_info>
   <banner>TMS320C2000 Linker PC v18.12.2.LTS</banner>
   <copyright>Copyright (c) 1996-2018 Texas Instruments Incorporated</copyright>
   <link_time>0x60f0eb72</link_time>
   <link_errors>0x0</link_errors>
   <output_file>Cycler_SKI_CPU1.out</output_file>
   <entry_point>
      <name>_c_int00</name>
      <address>0x846eb</address>
   </entry_point>
   <input_file_list>
      <input_file id="fl-2">
         <path>.\PHOENIXON_CONTROLS\CPU\source\</path>
         <kind>object</kind>
         <file>PhoenixonControls_AD5293.obj</file>
         <name>PhoenixonControls_AD5293.obj</name>
      </input_file>
      <input_file id="fl-3">
         <path>.\PHOENIXON_CONTROLS\CPU\source\</path>
         <kind>object</kind>
         <file>PhoenixonControls_AD5547.obj</file>
         <name>PhoenixonControls_AD5547.obj</name>
      </input_file>
      <input_file id="fl-4">
         <path>.\PHOENIXON_CONTROLS\CPU\source\</path>
         <kind>object</kind>
         <file>PhoenixonControls_AD7608.obj</file>
         <name>PhoenixonControls_AD7608.obj</name>
      </input_file>
      <input_file id="fl-5">
         <path>.\PHOENIXON_CONTROLS\CPU\source\</path>
         <kind>object</kind>
         <file>PhoenixonControls_ADC.obj</file>
         <name>PhoenixonControls_ADC.obj</name>
      </input_file>
      <input_file id="fl-6">
         <path>.\PHOENIXON_CONTROLS\CPU\source\</path>
         <kind>object</kind>
         <file>PhoenixonControls_ALARM.obj</file>
         <name>PhoenixonControls_ALARM.obj</name>
      </input_file>
      <input_file id="fl-7">
         <path>.\PHOENIXON_CONTROLS\CPU\source\</path>
         <kind>object</kind>
         <file>PhoenixonControls_CALIBRATION.obj</file>
         <name>PhoenixonControls_CALIBRATION.obj</name>
      </input_file>
      <input_file id="fl-8">
         <path>.\PHOENIXON_CONTROLS\CPU\source\</path>
         <kind>object</kind>
         <file>PhoenixonControls_COMMON.obj</file>
         <name>PhoenixonControls_COMMON.obj</name>
      </input_file>
      <input_file id="fl-9">
         <path>.\PHOENIXON_CONTROLS\CPU\source\</path>
         <kind>object</kind>
         <file>PhoenixonControls_COMMUNICATION.obj</file>
         <name>PhoenixonControls_COMMUNICATION.obj</name>
      </input_file>
      <input_file id="fl-a">
         <path>.\PHOENIXON_CONTROLS\CPU\source\</path>
         <kind>object</kind>
         <file>PhoenixonControls_CONTROL.obj</file>
         <name>PhoenixonControls_CONTROL.obj</name>
      </input_file>
      <input_file id="fl-b">
         <path>.\PHOENIXON_CONTROLS\CPU\source\</path>
         <kind>object</kind>
         <file>PhoenixonControls_CRC16.obj</file>
         <name>PhoenixonControls_CRC16.obj</name>
      </input_file>
      <input_file id="fl-c">
         <path>.\PHOENIXON_CONTROLS\CPU\source\</path>
         <kind>object</kind>
         <file>PhoenixonControls_EMIF.obj</file>
         <name>PhoenixonControls_EMIF.obj</name>
      </input_file>
      <input_file id="fl-d">
         <path>.\PHOENIXON_CONTROLS\CPU\source\</path>
         <kind>object</kind>
         <file>PhoenixonControls_GPIO.obj</file>
         <name>PhoenixonControls_GPIO.obj</name>
      </input_file>
      <input_file id="fl-e">
         <path>.\PHOENIXON_CONTROLS\CPU\source\</path>
         <kind>object</kind>
         <file>PhoenixonControls_OPERATION.obj</file>
         <name>PhoenixonControls_OPERATION.obj</name>
      </input_file>
      <input_file id="fl-f">
         <path>.\PHOENIXON_CONTROLS\CPU\source\</path>
         <kind>object</kind>
         <file>PhoenixonControls_RingBuffer.obj</file>
         <name>PhoenixonControls_RingBuffer.obj</name>
      </input_file>
      <input_file id="fl-10">
         <path>.\PHOENIXON_CONTROLS\CPU\source\</path>
         <kind>object</kind>
         <file>PhoenixonControls_SCHEDULE.obj</file>
         <name>PhoenixonControls_SCHEDULE.obj</name>
      </input_file>
      <input_file id="fl-11">
         <path>.\PHOENIXON_CONTROLS\CPU\source\</path>
         <kind>object</kind>
         <file>PhoenixonControls_SENSING.obj</file>
         <name>PhoenixonControls_SENSING.obj</name>
      </input_file>
      <input_file id="fl-12">
         <path>.\PHOENIXON_CONTROLS\CPU\source\</path>
         <kind>object</kind>
         <file>PhoenixonControls_SPI.obj</file>
         <name>PhoenixonControls_SPI.obj</name>
      </input_file>
      <input_file id="fl-13">
         <path>.\PHOENIXON_CONTROLS\CPU\source\</path>
         <kind>object</kind>
         <file>PhoenixonControls_TIMER.obj</file>
         <name>PhoenixonControls_TIMER.obj</name>
      </input_file>
      <input_file id="fl-14">
         <path>.\PHOENIXON_CONTROLS\CPU\source\</path>
         <kind>object</kind>
         <file>PhoenixonControls_TUNING.obj</file>
         <name>PhoenixonControls_TUNING.obj</name>
      </input_file>
      <input_file id="fl-15">
         <path>.\PHOENIXON_CONTROLS\CPU\source\</path>
         <kind>object</kind>
         <file>main_CPU1.obj</file>
         <name>main_CPU1.obj</name>
      </input_file>
      <input_file id="fl-16">
         <path>.\PHOENIXON_CONTROLS\CPU\source\</path>
         <kind>object</kind>
         <file>memcpy_fast_far.obj</file>
         <name>memcpy_fast_far.obj</name>
      </input_file>
      <input_file id="fl-17">
         <path>.\common\source\</path>
         <kind>object</kind>
         <file>F2837xD_Adc.obj</file>
         <name>F2837xD_Adc.obj</name>
      </input_file>
      <input_file id="fl-18">
         <path>.\common\source\</path>
         <kind>object</kind>
         <file>F2837xD_CodeStartBranch.obj</file>
         <name>F2837xD_CodeStartBranch.obj</name>
      </input_file>
      <input_file id="fl-19">
         <path>.\common\source\</path>
         <kind>object</kind>
         <file>F2837xD_CpuTimers.obj</file>
         <name>F2837xD_CpuTimers.obj</name>
      </input_file>
      <input_file id="fl-1a">
         <path>.\common\source\</path>
         <kind>object</kind>
         <file>F2837xD_DBGIER.obj</file>
         <name>F2837xD_DBGIER.obj</name>
      </input_file>
      <input_file id="fl-1b">
         <path>.\common\source\</path>
         <kind>object</kind>
         <file>F2837xD_DefaultISR.obj</file>
         <name>F2837xD_DefaultISR.obj</name>
      </input_file>
      <input_file id="fl-1c">
         <path>.\common\source\</path>
         <kind>object</kind>
         <file>F2837xD_Dma.obj</file>
         <name>F2837xD_Dma.obj</name>
      </input_file>
      <input_file id="fl-1d">
         <path>.\common\source\</path>
         <kind>object</kind>
         <file>F2837xD_ECap.obj</file>
         <name>F2837xD_ECap.obj</name>
      </input_file>
      <input_file id="fl-1e">
         <path>.\common\source\</path>
         <kind>object</kind>
         <file>F2837xD_EPwm.obj</file>
         <name>F2837xD_EPwm.obj</name>
      </input_file>
      <input_file id="fl-1f">
         <path>.\common\source\</path>
         <kind>object</kind>
         <file>F2837xD_EQep.obj</file>
         <name>F2837xD_EQep.obj</name>
      </input_file>
      <input_file id="fl-20">
         <path>.\common\source\</path>
         <kind>object</kind>
         <file>F2837xD_Emif.obj</file>
         <name>F2837xD_Emif.obj</name>
      </input_file>
      <input_file id="fl-21">
         <path>.\common\source\</path>
         <kind>object</kind>
         <file>F2837xD_Gpio.obj</file>
         <name>F2837xD_Gpio.obj</name>
      </input_file>
      <input_file id="fl-22">
         <path>.\common\source\</path>
         <kind>object</kind>
         <file>F2837xD_I2C.obj</file>
         <name>F2837xD_I2C.obj</name>
      </input_file>
      <input_file id="fl-23">
         <path>.\common\source\</path>
         <kind>object</kind>
         <file>F2837xD_Ipc.obj</file>
         <name>F2837xD_Ipc.obj</name>
      </input_file>
      <input_file id="fl-24">
         <path>.\common\source\</path>
         <kind>object</kind>
         <file>F2837xD_Ipc_Driver.obj</file>
         <name>F2837xD_Ipc_Driver.obj</name>
      </input_file>
      <input_file id="fl-25">
         <path>.\common\source\</path>
         <kind>object</kind>
         <file>F2837xD_Ipc_Driver_Lite.obj</file>
         <name>F2837xD_Ipc_Driver_Lite.obj</name>
      </input_file>
      <input_file id="fl-26">
         <path>.\common\source\</path>
         <kind>object</kind>
         <file>F2837xD_Ipc_Driver_Util.obj</file>
         <name>F2837xD_Ipc_Driver_Util.obj</name>
      </input_file>
      <input_file id="fl-27">
         <path>.\common\source\</path>
         <kind>object</kind>
         <file>F2837xD_Mcbsp.obj</file>
         <name>F2837xD_Mcbsp.obj</name>
      </input_file>
      <input_file id="fl-28">
         <path>.\common\source\</path>
         <kind>object</kind>
         <file>F2837xD_PieCtrl.obj</file>
         <name>F2837xD_PieCtrl.obj</name>
      </input_file>
      <input_file id="fl-29">
         <path>.\common\source\</path>
         <kind>object</kind>
         <file>F2837xD_PieVect.obj</file>
         <name>F2837xD_PieVect.obj</name>
      </input_file>
      <input_file id="fl-2a">
         <path>.\common\source\</path>
         <kind>object</kind>
         <file>F2837xD_Sci.obj</file>
         <name>F2837xD_Sci.obj</name>
      </input_file>
      <input_file id="fl-2b">
         <path>.\common\source\</path>
         <kind>object</kind>
         <file>F2837xD_Spi.obj</file>
         <name>F2837xD_Spi.obj</name>
      </input_file>
      <input_file id="fl-2c">
         <path>.\common\source\</path>
         <kind>object</kind>
         <file>F2837xD_SysCtrl.obj</file>
         <name>F2837xD_SysCtrl.obj</name>
      </input_file>
      <input_file id="fl-2d">
         <path>.\common\source\</path>
         <kind>object</kind>
         <file>F2837xD_TempSensorConv.obj</file>
         <name>F2837xD_TempSensorConv.obj</name>
      </input_file>
      <input_file id="fl-2e">
         <path>.\common\source\</path>
         <kind>object</kind>
         <file>F2837xD_Upp.obj</file>
         <name>F2837xD_Upp.obj</name>
      </input_file>
      <input_file id="fl-2f">
         <path>.\common\source\</path>
         <kind>object</kind>
         <file>F2837xD_can.obj</file>
         <name>F2837xD_can.obj</name>
      </input_file>
      <input_file id="fl-30">
         <path>.\common\source\</path>
         <kind>object</kind>
         <file>F2837xD_sci_io.obj</file>
         <name>F2837xD_sci_io.obj</name>
      </input_file>
      <input_file id="fl-31">
         <path>.\common\source\</path>
         <kind>object</kind>
         <file>F2837xD_sdfm_drivers.obj</file>
         <name>F2837xD_sdfm_drivers.obj</name>
      </input_file>
      <input_file id="fl-32">
         <path>.\common\source\</path>
         <kind>object</kind>
         <file>F2837xD_struct.obj</file>
         <name>F2837xD_struct.obj</name>
      </input_file>
      <input_file id="fl-33">
         <path>.\common\source\</path>
         <kind>object</kind>
         <file>F2837xD_usDelay.obj</file>
         <name>F2837xD_usDelay.obj</name>
      </input_file>
      <input_file id="fl-34">
         <path>.\common\source\</path>
         <kind>object</kind>
         <file>device.obj</file>
         <name>device.obj</name>
      </input_file>
      <input_file id="fl-35">
         <path>.\headers\source\</path>
         <kind>object</kind>
         <file>F2837xD_GlobalVariableDefs.obj</file>
         <name>F2837xD_GlobalVariableDefs.obj</name>
      </input_file>
      <input_file id="fl-3d">
         <kind>object</kind>
         <file>&lt;internal&gt;</file>
         <name>&lt;internal&gt;</name>
      </input_file>
      <input_file id="fl-3e">
         <path>..\driverlib\</path>
         <kind>archive</kind>
         <file>driverlib.lib</file>
         <name>adc.obj</name>
      </input_file>
      <input_file id="fl-3f">
         <path>..\driverlib\</path>
         <kind>archive</kind>
         <file>driverlib.lib</file>
         <name>cputimer.obj</name>
      </input_file>
      <input_file id="fl-40">
         <path>..\driverlib\</path>
         <kind>archive</kind>
         <file>driverlib.lib</file>
         <name>flash.obj</name>
      </input_file>
      <input_file id="fl-41">
         <path>..\driverlib\</path>
         <kind>archive</kind>
         <file>driverlib.lib</file>
         <name>gpio.obj</name>
      </input_file>
      <input_file id="fl-42">
         <path>..\driverlib\</path>
         <kind>archive</kind>
         <file>driverlib.lib</file>
         <name>interrupt.obj</name>
      </input_file>
      <input_file id="fl-43">
         <path>..\driverlib\</path>
         <kind>archive</kind>
         <file>driverlib.lib</file>
         <name>memcfg.obj</name>
      </input_file>
      <input_file id="fl-44">
         <path>..\driverlib\</path>
         <kind>archive</kind>
         <file>driverlib.lib</file>
         <name>spi.obj</name>
      </input_file>
      <input_file id="fl-45">
         <path>..\driverlib\</path>
         <kind>archive</kind>
         <file>driverlib.lib</file>
         <name>sysctl.obj</name>
      </input_file>
      <input_file id="fl-51">
         <path>C:\ti\ccs1011\ccs\tools\compiler\ti-cgt-c2000_18.12.2.LTS\lib\</path>
         <kind>archive</kind>
         <file>rts2800_fpu32.lib</file>
         <name>s_roundf.c.obj</name>
      </input_file>
      <input_file id="fl-52">
         <path>C:\ti\ccs1011\ccs\tools\compiler\ti-cgt-c2000_18.12.2.LTS\lib\</path>
         <kind>archive</kind>
         <file>rts2800_fpu32.lib</file>
         <name>boot28.asm.obj</name>
      </input_file>
      <input_file id="fl-53">
         <path>C:\ti\ccs1011\ccs\tools\compiler\ti-cgt-c2000_18.12.2.LTS\lib\</path>
         <kind>archive</kind>
         <file>rts2800_fpu32.lib</file>
         <name>fd_add28.asm.obj</name>
      </input_file>
      <input_file id="fl-54">
         <path>C:\ti\ccs1011\ccs\tools\compiler\ti-cgt-c2000_18.12.2.LTS\lib\</path>
         <kind>archive</kind>
         <file>rts2800_fpu32.lib</file>
         <name>fd_cmp28.asm.obj</name>
      </input_file>
      <input_file id="fl-55">
         <path>C:\ti\ccs1011\ccs\tools\compiler\ti-cgt-c2000_18.12.2.LTS\lib\</path>
         <kind>archive</kind>
         <file>rts2800_fpu32.lib</file>
         <name>fd_mpy28.asm.obj</name>
      </input_file>
      <input_file id="fl-56">
         <path>C:\ti\ccs1011\ccs\tools\compiler\ti-cgt-c2000_18.12.2.LTS\lib\</path>
         <kind>archive</kind>
         <file>rts2800_fpu32.lib</file>
         <name>fd_toul28.asm.obj</name>
      </input_file>
      <input_file id="fl-57">
         <path>C:\ti\ccs1011\ccs\tools\compiler\ti-cgt-c2000_18.12.2.LTS\lib\</path>
         <kind>archive</kind>
         <file>rts2800_fpu32.lib</file>
         <name>fs_div28.asm.obj</name>
      </input_file>
      <input_file id="fl-58">
         <path>C:\ti\ccs1011\ccs\tools\compiler\ti-cgt-c2000_18.12.2.LTS\lib\</path>
         <kind>archive</kind>
         <file>rts2800_fpu32.lib</file>
         <name>ll_aox28.asm.obj</name>
      </input_file>
      <input_file id="fl-59">
         <path>C:\ti\ccs1011\ccs\tools\compiler\ti-cgt-c2000_18.12.2.LTS\lib\</path>
         <kind>archive</kind>
         <file>rts2800_fpu32.lib</file>
         <name>ll_cmp28.asm.obj</name>
      </input_file>
      <input_file id="fl-5a">
         <path>C:\ti\ccs1011\ccs\tools\compiler\ti-cgt-c2000_18.12.2.LTS\lib\</path>
         <kind>archive</kind>
         <file>rts2800_fpu32.lib</file>
         <name>ll_div28.asm.obj</name>
      </input_file>
      <input_file id="fl-5b">
         <path>C:\ti\ccs1011\ccs\tools\compiler\ti-cgt-c2000_18.12.2.LTS\lib\</path>
         <kind>archive</kind>
         <file>rts2800_fpu32.lib</file>
         <name>fs_tofdfpu32.asm.obj</name>
      </input_file>
      <input_file id="fl-5c">
         <path>C:\ti\ccs1011\ccs\tools\compiler\ti-cgt-c2000_18.12.2.LTS\lib\</path>
         <kind>archive</kind>
         <file>rts2800_fpu32.lib</file>
         <name>cpy_tbl.c.obj</name>
      </input_file>
      <input_file id="fl-5d">
         <path>C:\ti\ccs1011\ccs\tools\compiler\ti-cgt-c2000_18.12.2.LTS\lib\</path>
         <kind>archive</kind>
         <file>rts2800_fpu32.lib</file>
         <name>memcpy.c.obj</name>
      </input_file>
      <input_file id="fl-5e">
         <path>C:\ti\ccs1011\ccs\tools\compiler\ti-cgt-c2000_18.12.2.LTS\lib\</path>
         <kind>archive</kind>
         <file>rts2800_fpu32.lib</file>
         <name>pre_init.c.obj</name>
      </input_file>
      <input_file id="fl-5f">
         <path>C:\ti\ccs1011\ccs\tools\compiler\ti-cgt-c2000_18.12.2.LTS\lib\</path>
         <kind>archive</kind>
         <file>rts2800_fpu32.lib</file>
         <name>startup.c.obj</name>
      </input_file>
      <input_file id="fl-60">
         <path>C:\ti\ccs1011\ccs\tools\compiler\ti-cgt-c2000_18.12.2.LTS\lib\</path>
         <kind>archive</kind>
         <file>rts2800_fpu32.lib</file>
         <name>exit.c.obj</name>
      </input_file>
      <input_file id="fl-61">
         <path>C:\ti\ccs1011\ccs\tools\compiler\ti-cgt-c2000_18.12.2.LTS\lib\</path>
         <kind>archive</kind>
         <file>rts2800_fpu32.lib</file>
         <name>_lock.c.obj</name>
      </input_file>
      <input_file id="fl-62">
         <path>C:\ti\ccs1011\ccs\tools\compiler\ti-cgt-c2000_18.12.2.LTS\lib\</path>
         <kind>archive</kind>
         <file>rts2800_fpu32.lib</file>
         <name>args_main.c.obj</name>
      </input_file>
      <input_file id="fl-63">
         <path>C:\ti\ccs1011\ccs\tools\compiler\ti-cgt-c2000_18.12.2.LTS\lib\</path>
         <kind>archive</kind>
         <file>rts2800_fpu32.lib</file>
         <name>memset.c.obj</name>
      </input_file>
      <input_file id="fl-64">
         <path>C:\ti\ccs1011\ccs\tools\compiler\ti-cgt-c2000_18.12.2.LTS\lib\</path>
         <kind>archive</kind>
         <file>rts2800_fpu32.lib</file>
         <name>s_floorf.c.obj</name>
      </input_file>
   </input_file_list>
   <object_component_list>
      <object_component id="oc-c8">
         <name>.cinit</name>
         <load_address>0x82000</load_address>
         <run_address>0x82000</run_address>
         <size>0x98</size>
         <input_file_ref idref="fl-e"/>
      </object_component>
      <object_component id="oc-9d">
         <name>.cinit</name>
         <load_address>0x82098</load_address>
         <run_address>0x82098</run_address>
         <size>0x86</size>
         <input_file_ref idref="fl-6"/>
      </object_component>
      <object_component id="oc-b2">
         <name>.cinit</name>
         <load_address>0x8211e</load_address>
         <run_address>0x8211e</run_address>
         <size>0x5d</size>
         <input_file_ref idref="fl-a"/>
      </object_component>
      <object_component id="oc-2d7">
         <name>.cinit:_IntegrationChargeSlopGain</name>
         <load_address>0x8217b</load_address>
         <run_address>0x8217b</run_address>
         <size>0x53</size>
         <input_file_ref idref="fl-e"/>
      </object_component>
      <object_component id="oc-2d5">
         <name>.cinit:_IntegrationChargeSlopOffset</name>
         <load_address>0x821ce</load_address>
         <run_address>0x821ce</run_address>
         <size>0x53</size>
         <input_file_ref idref="fl-e"/>
      </object_component>
      <object_component id="oc-2db">
         <name>.cinit:_IntegrationDischargeSlopGain</name>
         <load_address>0x82221</load_address>
         <run_address>0x82221</run_address>
         <size>0x53</size>
         <input_file_ref idref="fl-e"/>
      </object_component>
      <object_component id="oc-2d9">
         <name>.cinit:_IntegrationDischargeSlopOffset</name>
         <load_address>0x82274</load_address>
         <run_address>0x82274</run_address>
         <size>0x53</size>
         <input_file_ref idref="fl-e"/>
      </object_component>
      <object_component id="oc-2ce">
         <name>.cinit:_CurrentCharge_ADC</name>
         <load_address>0x822c7</load_address>
         <run_address>0x822c7</run_address>
         <size>0x43</size>
         <input_file_ref idref="fl-7"/>
      </object_component>
      <object_component id="oc-2cc">
         <name>.cinit:_CurrentCharge_REF</name>
         <load_address>0x8230a</load_address>
         <run_address>0x8230a</run_address>
         <size>0x43</size>
         <input_file_ref idref="fl-7"/>
      </object_component>
      <object_component id="oc-2ca">
         <name>.cinit:_CurrentDischarge_ADC</name>
         <load_address>0x8234d</load_address>
         <run_address>0x8234d</run_address>
         <size>0x43</size>
         <input_file_ref idref="fl-7"/>
      </object_component>
      <object_component id="oc-2c8">
         <name>.cinit:_CurrentDischarge_REF</name>
         <load_address>0x82390</load_address>
         <run_address>0x82390</run_address>
         <size>0x43</size>
         <input_file_ref idref="fl-7"/>
      </object_component>
      <object_component id="oc-e1">
         <name>.cinit</name>
         <load_address>0x823d3</load_address>
         <run_address>0x823d3</run_address>
         <size>0x3d</size>
         <input_file_ref idref="fl-13"/>
      </object_component>
      <object_component id="oc-ef">
         <name>.cinit</name>
         <load_address>0x82410</load_address>
         <run_address>0x82410</run_address>
         <size>0x3a</size>
         <input_file_ref idref="fl-15"/>
      </object_component>
      <object_component id="oc-1c8">
         <name>.cinit:_TRIP_SEL</name>
         <load_address>0x8244a</load_address>
         <run_address>0x8244a</run_address>
         <size>0x21</size>
         <input_file_ref idref="fl-32"/>
      </object_component>
      <object_component id="oc-1f2">
         <name>.cinit:_EPWM</name>
         <load_address>0x8246b</load_address>
         <run_address>0x8246b</run_address>
         <size>0x1d</size>
         <input_file_ref idref="fl-32"/>
      </object_component>
      <object_component id="oc-1c1">
         <name>.cinit:_ECAP</name>
         <load_address>0x82488</load_address>
         <run_address>0x82488</run_address>
         <size>0x11</size>
         <input_file_ref idref="fl-32"/>
      </object_component>
      <object_component id="oc-2c6">
         <name>.cinit:_VoltageCharge_ADC</name>
         <load_address>0x82499</load_address>
         <run_address>0x82499</run_address>
         <size>0xf</size>
         <input_file_ref idref="fl-7"/>
      </object_component>
      <object_component id="oc-2d0">
         <name>.cinit:_VoltageCharge_REF</name>
         <load_address>0x824a8</load_address>
         <run_address>0x824a8</run_address>
         <size>0xf</size>
         <input_file_ref idref="fl-7"/>
      </object_component>
      <object_component id="oc-2c3">
         <name>.cinit:_VoltageDischarge_ADC</name>
         <load_address>0x824b7</load_address>
         <run_address>0x824b7</run_address>
         <size>0xf</size>
         <input_file_ref idref="fl-7"/>
      </object_component>
      <object_component id="oc-2d2">
         <name>.cinit:_VoltageDischarge_REF</name>
         <load_address>0x824c6</load_address>
         <run_address>0x824c6</run_address>
         <size>0xf</size>
         <input_file_ref idref="fl-7"/>
      </object_component>
      <object_component id="oc-283">
         <name>.cinit</name>
         <load_address>0x824d5</load_address>
         <run_address>0x824d5</run_address>
         <size>0xe</size>
         <input_file_ref idref="fl-60"/>
      </object_component>
      <object_component id="oc-1e7">
         <name>.cinit:_ADC</name>
         <load_address>0x824e3</load_address>
         <run_address>0x824e3</run_address>
         <size>0xd</size>
         <input_file_ref idref="fl-32"/>
      </object_component>
      <object_component id="oc-1cd">
         <name>.cinit:_EQEP</name>
         <load_address>0x824f0</load_address>
         <run_address>0x824f0</run_address>
         <size>0xb</size>
         <input_file_ref idref="fl-32"/>
      </object_component>
      <object_component id="oc-1af">
         <name>.cinit:_SPI</name>
         <load_address>0x824fb</load_address>
         <run_address>0x824fb</run_address>
         <size>0xb</size>
         <input_file_ref idref="fl-32"/>
      </object_component>
      <object_component id="oc-1ed">
         <name>.cinit:_SDFM</name>
         <load_address>0x82506</load_address>
         <run_address>0x82506</run_address>
         <size>0x9</size>
         <input_file_ref idref="fl-32"/>
      </object_component>
      <object_component id="oc-91">
         <name>.cinit</name>
         <load_address>0x8250f</load_address>
         <run_address>0x8250f</run_address>
         <size>0x8</size>
         <input_file_ref idref="fl-4"/>
      </object_component>
      <object_component id="oc-1d1">
         <name>.cinit:_I2C</name>
         <load_address>0x82517</load_address>
         <run_address>0x82517</run_address>
         <size>0x7</size>
         <input_file_ref idref="fl-32"/>
      </object_component>
      <object_component id="oc-1d7">
         <name>.cinit:_MCBSP</name>
         <load_address>0x8251e</load_address>
         <run_address>0x8251e</run_address>
         <size>0x7</size>
         <input_file_ref idref="fl-32"/>
      </object_component>
      <object_component id="oc-1aa">
         <name>.cinit:_SCI</name>
         <load_address>0x82525</load_address>
         <run_address>0x82525</run_address>
         <size>0x7</size>
         <input_file_ref idref="fl-32"/>
      </object_component>
      <object_component id="oc-2bd">
         <name>.cinit:__lock</name>
         <load_address>0x8252c</load_address>
         <run_address>0x8252c</run_address>
         <size>0x5</size>
         <input_file_ref idref="fl-61"/>
      </object_component>
      <object_component id="oc-2f0">
         <name>.cinit:__unlock</name>
         <load_address>0x82531</load_address>
         <run_address>0x82531</run_address>
         <size>0x5</size>
         <input_file_ref idref="fl-61"/>
      </object_component>
      <object_component id="oc-2ac">
         <name>.cinit:_debug_cur_table</name>
         <load_address>0x82536</load_address>
         <run_address>0x82536</run_address>
         <size>0x5</size>
         <input_file_ref idref="fl-13"/>
      </object_component>
      <object_component id="oc-2b0">
         <name>.cinit:_debug_res_table</name>
         <load_address>0x8253b</load_address>
         <run_address>0x8253b</run_address>
         <size>0x5</size>
         <input_file_ref idref="fl-13"/>
      </object_component>
      <object_component id="oc-2ae">
         <name>.cinit:_debug_weight_table</name>
         <load_address>0x82540</load_address>
         <run_address>0x82540</run_address>
         <size>0x5</size>
         <input_file_ref idref="fl-13"/>
      </object_component>
      <object_component id="oc-181">
         <name>.cinit</name>
         <load_address>0x82545</load_address>
         <run_address>0x82545</run_address>
         <size>0x4</size>
         <input_file_ref idref="fl-30"/>
      </object_component>
      <object_component id="oc-8a">
         <name>.cinit</name>
         <load_address>0x82549</load_address>
         <run_address>0x82549</run_address>
         <size>0x4</size>
         <input_file_ref idref="fl-3"/>
      </object_component>
      <object_component id="oc-113">
         <name>.text:retain</name>
         <load_address>0x82550</load_address>
         <run_address>0x82550</run_address>
         <size>0x585</size>
         <input_file_ref idref="fl-1b"/>
      </object_component>
      <object_component id="oc-2bf">
         <name>.text</name>
         <load_address>0x82ad5</load_address>
         <run_address>0x82ad5</run_address>
         <size>0x4f6</size>
         <input_file_ref idref="fl-e"/>
      </object_component>
      <object_component id="oc-2e3">
         <name>.text</name>
         <load_address>0x82fcb</load_address>
         <run_address>0x82fcb</run_address>
         <size>0x3f0</size>
         <input_file_ref idref="fl-d"/>
      </object_component>
      <object_component id="oc-2e2">
         <name>.text</name>
         <load_address>0x833bb</load_address>
         <run_address>0x833bb</run_address>
         <size>0x252</size>
         <input_file_ref idref="fl-34"/>
      </object_component>
      <object_component id="oc-2fd">
         <name>.text</name>
         <load_address>0x8360d</load_address>
         <run_address>0x8360d</run_address>
         <size>0x244</size>
         <input_file_ref idref="fl-21"/>
      </object_component>
      <object_component id="oc-2f6">
         <name>.text:_SysCtl_setClock</name>
         <load_address>0x83851</load_address>
         <run_address>0x83851</run_address>
         <size>0x221</size>
         <input_file_ref idref="fl-45"/>
      </object_component>
      <object_component id="oc-2c0">
         <name>.text</name>
         <load_address>0x83a72</load_address>
         <run_address>0x83a72</run_address>
         <size>0x1e7</size>
         <input_file_ref idref="fl-6"/>
      </object_component>
      <object_component id="oc-2e4">
         <name>.text</name>
         <load_address>0x83c59</load_address>
         <run_address>0x83c59</run_address>
         <size>0x1ab</size>
         <input_file_ref idref="fl-c"/>
      </object_component>
      <object_component id="oc-2e6">
         <name>.text</name>
         <load_address>0x83e04</load_address>
         <run_address>0x83e04</run_address>
         <size>0x18c</size>
         <input_file_ref idref="fl-5"/>
      </object_component>
      <object_component id="oc-f7">
         <name>.text</name>
         <load_address>0x83f90</load_address>
         <run_address>0x83f90</run_address>
         <size>0x5d</size>
         <input_file_ref idref="fl-16"/>
      </object_component>
      <object_component id="oc-2de">
         <name>.text:_CPUTimer_setEmulationMode</name>
         <load_address>0x83fed</load_address>
         <run_address>0x83fed</run_address>
         <size>0x13</size>
         <input_file_ref idref="fl-3f"/>
      </object_component>
      <object_component id="oc-2ee">
         <name>.text</name>
         <load_address>0x84000</load_address>
         <run_address>0x84000</run_address>
         <size>0x171</size>
         <input_file_ref idref="fl-26"/>
      </object_component>
      <object_component id="oc-264">
         <name>.text</name>
         <load_address>0x84171</load_address>
         <run_address>0x84171</run_address>
         <size>0x107</size>
         <input_file_ref idref="fl-5a"/>
      </object_component>
      <object_component id="oc-2a6">
         <name>.text</name>
         <load_address>0x84278</load_address>
         <run_address>0x84278</run_address>
         <size>0xdd</size>
         <input_file_ref idref="fl-13"/>
      </object_component>
      <object_component id="oc-2bb">
         <name>.text</name>
         <load_address>0x84355</load_address>
         <run_address>0x84355</run_address>
         <size>0xa0</size>
         <input_file_ref idref="fl-15"/>
      </object_component>
      <object_component id="oc-241">
         <name>.text</name>
         <load_address>0x843f5</load_address>
         <run_address>0x843f5</run_address>
         <size>0x9c</size>
         <input_file_ref idref="fl-53"/>
      </object_component>
      <object_component id="oc-2ff">
         <name>.text:_ADC_setMode</name>
         <load_address>0x84491</load_address>
         <run_address>0x84491</run_address>
         <size>0x9a</size>
         <input_file_ref idref="fl-3e"/>
      </object_component>
      <object_component id="oc-255">
         <name>.text</name>
         <load_address>0x8452b</load_address>
         <run_address>0x8452b</run_address>
         <size>0x88</size>
         <input_file_ref idref="fl-57"/>
      </object_component>
      <object_component id="oc-24b">
         <name>.text</name>
         <load_address>0x845b3</load_address>
         <run_address>0x845b3</run_address>
         <size>0x83</size>
         <input_file_ref idref="fl-55"/>
      </object_component>
      <object_component id="oc-2fe">
         <name>.text:_SPI_setConfig</name>
         <load_address>0x84636</load_address>
         <run_address>0x84636</run_address>
         <size>0x5c</size>
         <input_file_ref idref="fl-44"/>
      </object_component>
      <object_component id="oc-2f2">
         <name>.text</name>
         <load_address>0x84692</load_address>
         <run_address>0x84692</run_address>
         <size>0x59</size>
         <input_file_ref idref="fl-64"/>
      </object_component>
      <object_component id="oc-83">
         <name>.text</name>
         <load_address>0x846eb</load_address>
         <run_address>0x846eb</run_address>
         <size>0x56</size>
         <input_file_ref idref="fl-52"/>
      </object_component>
      <object_component id="oc-2e5">
         <name>.text</name>
         <load_address>0x84741</load_address>
         <run_address>0x84741</run_address>
         <size>0x55</size>
         <input_file_ref idref="fl-12"/>
      </object_component>
      <object_component id="oc-2eb">
         <name>.text:_Interrupt_initModule</name>
         <load_address>0x84796</load_address>
         <run_address>0x84796</run_address>
         <size>0x54</size>
         <input_file_ref idref="fl-42"/>
      </object_component>
      <object_component id="oc-2fb">
         <name>.text:_GPIO_setPadConfig</name>
         <load_address>0x847ea</load_address>
         <run_address>0x847ea</run_address>
         <size>0x52</size>
         <input_file_ref idref="fl-41"/>
      </object_component>
      <object_component id="oc-312">
         <name>.text:_SysCtl_selectOscSource</name>
         <load_address>0x8483c</load_address>
         <run_address>0x8483c</run_address>
         <size>0x4d</size>
         <input_file_ref idref="fl-45"/>
      </object_component>
      <object_component id="oc-2e9">
         <name>.text</name>
         <load_address>0x84889</load_address>
         <run_address>0x84889</run_address>
         <size>0x4a</size>
         <input_file_ref idref="fl-2"/>
      </object_component>
      <object_component id="oc-2f9">
         <name>.text:_GPIO_setPinConfig</name>
         <load_address>0x848d3</load_address>
         <run_address>0x848d3</run_address>
         <size>0x3d</size>
         <input_file_ref idref="fl-41"/>
      </object_component>
      <object_component id="oc-2dd">
         <name>.text</name>
         <load_address>0x84910</load_address>
         <run_address>0x84910</run_address>
         <size>0x39</size>
         <input_file_ref idref="fl-51"/>
      </object_component>
      <object_component id="oc-2f8">
         <name>.text:_GPIO_setMasterCore</name>
         <load_address>0x84949</load_address>
         <run_address>0x84949</run_address>
         <size>0x38</size>
         <input_file_ref idref="fl-41"/>
      </object_component>
      <object_component id="oc-2fc">
         <name>.text:_GPIO_setQualificationMode</name>
         <load_address>0x84981</load_address>
         <run_address>0x84981</run_address>
         <size>0x38</size>
         <input_file_ref idref="fl-41"/>
      </object_component>
      <object_component id="oc-2ed">
         <name>.text:_Interrupt_enable</name>
         <load_address>0x849b9</load_address>
         <run_address>0x849b9</run_address>
         <size>0x33</size>
         <input_file_ref idref="fl-42"/>
      </object_component>
      <object_component id="oc-2fa">
         <name>.text:_GPIO_setDirectionMode</name>
         <load_address>0x849ec</load_address>
         <run_address>0x849ec</run_address>
         <size>0x31</size>
         <input_file_ref idref="fl-41"/>
      </object_component>
      <object_component id="oc-246">
         <name>.text</name>
         <load_address>0x84a1d</load_address>
         <run_address>0x84a1d</run_address>
         <size>0x2a</size>
         <input_file_ref idref="fl-54"/>
      </object_component>
      <object_component id="oc-308">
         <name>.text:_Flash_setBankPowerUpDelay</name>
         <load_address>0x84a47</load_address>
         <run_address>0x84a47</run_address>
         <size>0x29</size>
         <input_file_ref idref="fl-40"/>
      </object_component>
      <object_component id="oc-2a2">
         <name>.text</name>
         <load_address>0x84a70</load_address>
         <run_address>0x84a70</run_address>
         <size>0x29</size>
         <input_file_ref idref="fl-60"/>
      </object_component>
      <object_component id="oc-2f7">
         <name>.text:_MemCfg_setGSRAMMasterSel</name>
         <load_address>0x84a99</load_address>
         <run_address>0x84a99</run_address>
         <size>0x26</size>
         <input_file_ref idref="fl-43"/>
      </object_component>
      <object_component id="oc-29f">
         <name>.text</name>
         <load_address>0x84abf</load_address>
         <run_address>0x84abf</run_address>
         <size>0x24</size>
         <input_file_ref idref="fl-5c"/>
      </object_component>
      <object_component id="oc-2ec">
         <name>.text:_Interrupt_initVectorTable</name>
         <load_address>0x84ae3</load_address>
         <run_address>0x84ae3</run_address>
         <size>0x20</size>
         <input_file_ref idref="fl-42"/>
      </object_component>
      <object_component id="oc-25f">
         <name>.text</name>
         <load_address>0x84b03</load_address>
         <run_address>0x84b03</run_address>
         <size>0x1e</size>
         <input_file_ref idref="fl-59"/>
      </object_component>
      <object_component id="oc-2a7">
         <name>.text</name>
         <load_address>0x84b21</load_address>
         <run_address>0x84b21</run_address>
         <size>0x1d</size>
         <input_file_ref idref="fl-5d"/>
      </object_component>
      <object_component id="oc-269">
         <name>.text</name>
         <load_address>0x84b3e</load_address>
         <run_address>0x84b3e</run_address>
         <size>0x1c</size>
         <input_file_ref idref="fl-5b"/>
      </object_component>
      <object_component id="oc-250">
         <name>.text</name>
         <load_address>0x84b5a</load_address>
         <run_address>0x84b5a</run_address>
         <size>0x1b</size>
         <input_file_ref idref="fl-56"/>
      </object_component>
      <object_component id="oc-2f3">
         <name>.text:_CPUTimer_isBaseValid</name>
         <load_address>0x84b75</load_address>
         <run_address>0x84b75</run_address>
         <size>0x1a</size>
         <input_file_ref idref="fl-3f"/>
      </object_component>
      <object_component id="oc-315">
         <name>.text:_SPI_isBaseValid</name>
         <load_address>0x84b8f</load_address>
         <run_address>0x84b8f</run_address>
         <size>0x1a</size>
         <input_file_ref idref="fl-44"/>
      </object_component>
      <object_component id="oc-2e7">
         <name>.text</name>
         <load_address>0x84ba9</load_address>
         <run_address>0x84ba9</run_address>
         <size>0x19</size>
         <input_file_ref idref="fl-3"/>
      </object_component>
      <object_component id="oc-2a1">
         <name>.text</name>
         <load_address>0x84bc2</load_address>
         <run_address>0x84bc2</run_address>
         <size>0x19</size>
         <input_file_ref idref="fl-62"/>
      </object_component>
      <object_component id="oc-25a">
         <name>.text</name>
         <load_address>0x84bdb</load_address>
         <run_address>0x84bdb</run_address>
         <size>0x18</size>
         <input_file_ref idref="fl-58"/>
      </object_component>
      <object_component id="oc-2dc">
         <name>.text</name>
         <load_address>0x84bf3</load_address>
         <run_address>0x84bf3</run_address>
         <size>0x17</size>
         <input_file_ref idref="fl-9"/>
      </object_component>
      <object_component id="oc-306">
         <name>.text:_Flash_isCtrlBaseValid</name>
         <load_address>0x84c0a</load_address>
         <run_address>0x84c0a</run_address>
         <size>0x10</size>
         <input_file_ref idref="fl-40"/>
      </object_component>
      <object_component id="oc-307">
         <name>.text:_Flash_isECCBaseValid</name>
         <load_address>0x84c1a</load_address>
         <run_address>0x84c1a</run_address>
         <size>0x10</size>
         <input_file_ref idref="fl-40"/>
      </object_component>
      <object_component id="oc-314">
         <name>.text:_GPIO_isPinValid</name>
         <load_address>0x84c2a</load_address>
         <run_address>0x84c2a</run_address>
         <size>0xe</size>
         <input_file_ref idref="fl-41"/>
      </object_component>
      <object_component id="oc-301">
         <name>.text:_Interrupt_defaultHandler</name>
         <load_address>0x84c38</load_address>
         <run_address>0x84c38</run_address>
         <size>0xe</size>
         <input_file_ref idref="fl-42"/>
      </object_component>
      <object_component id="oc-2e8">
         <name>.text</name>
         <load_address>0x84c46</load_address>
         <run_address>0x84c46</run_address>
         <size>0xd</size>
         <input_file_ref idref="fl-4"/>
      </object_component>
      <object_component id="oc-300">
         <name>.text:_Interrupt_disableMaster</name>
         <load_address>0x84c53</load_address>
         <run_address>0x84c53</run_address>
         <size>0xd</size>
         <input_file_ref idref="fl-42"/>
      </object_component>
      <object_component id="oc-304">
         <name>.text:_Interrupt_enableMaster</name>
         <load_address>0x84c60</load_address>
         <run_address>0x84c60</run_address>
         <size>0xd</size>
         <input_file_ref idref="fl-42"/>
      </object_component>
      <object_component id="oc-311">
         <name>.text:_SysCtl_isMCDClockFailureDetected</name>
         <load_address>0x84c6d</load_address>
         <run_address>0x84c6d</run_address>
         <size>0xb</size>
         <input_file_ref idref="fl-45"/>
      </object_component>
      <object_component id="oc-313">
         <name>.text:_SysCtl_serviceWatchdog</name>
         <load_address>0x84c78</load_address>
         <run_address>0x84c78</run_address>
         <size>0x9</size>
         <input_file_ref idref="fl-45"/>
      </object_component>
      <object_component id="oc-2ef">
         <name>.text</name>
         <load_address>0x84c81</load_address>
         <run_address>0x84c81</run_address>
         <size>0x9</size>
         <input_file_ref idref="fl-61"/>
      </object_component>
      <object_component id="oc-101">
         <name>.text</name>
         <load_address>0x84c8a</load_address>
         <run_address>0x84c8a</run_address>
         <size>0x8</size>
         <input_file_ref idref="fl-18"/>
      </object_component>
      <object_component id="oc-10d">
         <name>.text</name>
         <load_address>0x84c92</load_address>
         <run_address>0x84c92</run_address>
         <size>0x3</size>
         <input_file_ref idref="fl-1a"/>
      </object_component>
      <object_component id="oc-303">
         <name>.text:_Interrupt_illegalOperationHandler</name>
         <load_address>0x84c95</load_address>
         <run_address>0x84c95</run_address>
         <size>0x2</size>
         <input_file_ref idref="fl-42"/>
      </object_component>
      <object_component id="oc-302">
         <name>.text:_Interrupt_nmiHandler</name>
         <load_address>0x84c97</load_address>
         <run_address>0x84c97</run_address>
         <size>0x2</size>
         <input_file_ref idref="fl-42"/>
      </object_component>
      <object_component id="oc-29e">
         <name>.text</name>
         <load_address>0x84c99</load_address>
         <run_address>0x84c99</run_address>
         <size>0x2</size>
         <input_file_ref idref="fl-5e"/>
      </object_component>
      <object_component id="oc-2ea">
         <name>.text</name>
         <load_address>0x84c9b</load_address>
         <run_address>0x84c9b</run_address>
         <size>0x1</size>
         <input_file_ref idref="fl-a"/>
      </object_component>
      <object_component id="oc-2a0">
         <name>.text</name>
         <load_address>0x84c9c</load_address>
         <run_address>0x84c9c</run_address>
         <size>0x1</size>
         <input_file_ref idref="fl-5f"/>
      </object_component>
      <object_component id="oc-102">
         <name>codestart</name>
         <load_address>0x80000</load_address>
         <run_address>0x80000</run_address>
         <size>0x2</size>
         <input_file_ref idref="fl-18"/>
      </object_component>
      <object_component id="oc-23b">
         <name>.stack</name>
         <uninitialized>true</uninitialized>
         <run_address>0x122</run_address>
         <size>0x0</size>
         <input_file_ref idref="fl-52"/>
      </object_component>
      <object_component id="oc-39e">
         <name>.stack</name>
         <uninitialized>true</uninitialized>
         <run_address>0x122</run_address>
         <size>0x0</size>
      </object_component>
      <object_component id="oc-8b">
         <name>.ebss</name>
         <uninitialized>true</uninitialized>
         <run_address>0xbb76</run_address>
         <size>0x1</size>
         <input_file_ref idref="fl-3"/>
      </object_component>
      <object_component id="oc-92">
         <name>.ebss</name>
         <uninitialized>true</uninitialized>
         <run_address>0xb97e</run_address>
         <size>0x2</size>
         <input_file_ref idref="fl-4"/>
      </object_component>
      <object_component id="oc-9e">
         <name>.ebss</name>
         <uninitialized>true</uninitialized>
         <run_address>0xaf9c</run_address>
         <size>0x24</size>
         <input_file_ref idref="fl-6"/>
      </object_component>
      <object_component id="oc-2cf">
         <name>.ebss:_VoltageCharge_REF</name>
         <uninitialized>true</uninitialized>
         <run_address>0xb9f4</run_address>
         <size>0xc</size>
         <input_file_ref idref="fl-7"/>
      </object_component>
      <object_component id="oc-2d1">
         <name>.ebss:_VoltageDischarge_REF</name>
         <uninitialized>true</uninitialized>
         <run_address>0xbb40</run_address>
         <size>0xc</size>
         <input_file_ref idref="fl-7"/>
      </object_component>
      <object_component id="oc-2c5">
         <name>.ebss:_VoltageCharge_ADC</name>
         <uninitialized>true</uninitialized>
         <run_address>0xb9e8</run_address>
         <size>0xc</size>
         <input_file_ref idref="fl-7"/>
      </object_component>
      <object_component id="oc-2c2">
         <name>.ebss:_VoltageDischarge_ADC</name>
         <uninitialized>true</uninitialized>
         <run_address>0xbb34</run_address>
         <size>0xc</size>
         <input_file_ref idref="fl-7"/>
      </object_component>
      <object_component id="oc-2cb">
         <name>.ebss:_CurrentCharge_REF</name>
         <uninitialized>true</uninitialized>
         <run_address>0xba40</run_address>
         <size>0x40</size>
         <input_file_ref idref="fl-7"/>
      </object_component>
      <object_component id="oc-2c7">
         <name>.ebss:_CurrentDischarge_REF</name>
         <uninitialized>true</uninitialized>
         <run_address>0xbac0</run_address>
         <size>0x40</size>
         <input_file_ref idref="fl-7"/>
      </object_component>
      <object_component id="oc-2cd">
         <name>.ebss:_CurrentCharge_ADC</name>
         <uninitialized>true</uninitialized>
         <run_address>0xba00</run_address>
         <size>0x40</size>
         <input_file_ref idref="fl-7"/>
      </object_component>
      <object_component id="oc-2c9">
         <name>.ebss:_CurrentDischarge_ADC</name>
         <uninitialized>true</uninitialized>
         <run_address>0xba80</run_address>
         <size>0x40</size>
         <input_file_ref idref="fl-7"/>
      </object_component>
      <object_component id="oc-ab">
         <name>.ebss</name>
         <uninitialized>true</uninitialized>
         <run_address>0xb1da</run_address>
         <size>0x1f</size>
         <input_file_ref idref="fl-9"/>
      </object_component>
      <object_component id="oc-2a5">
         <name>.ebss:_s_DATA</name>
         <uninitialized>true</uninitialized>
         <run_address>0x8800</run_address>
         <size>0x1dbc</size>
         <input_file_ref idref="fl-9"/>
      </object_component>
      <object_component id="oc-b3">
         <name>.ebss</name>
         <uninitialized>true</uninitialized>
         <run_address>0xbb00</run_address>
         <size>0x34</size>
         <input_file_ref idref="fl-a"/>
      </object_component>
      <object_component id="oc-c9">
         <name>.ebss</name>
         <uninitialized>true</uninitialized>
         <run_address>0xb850</run_address>
         <size>0x2c</size>
         <input_file_ref idref="fl-e"/>
      </object_component>
      <object_component id="oc-2d4">
         <name>.ebss:_IntegrationChargeSlopOffset</name>
         <uninitialized>true</uninitialized>
         <run_address>0xb880</run_address>
         <size>0x50</size>
         <input_file_ref idref="fl-e"/>
      </object_component>
      <object_component id="oc-2d6">
         <name>.ebss:_IntegrationChargeSlopGain</name>
         <uninitialized>true</uninitialized>
         <run_address>0xb800</run_address>
         <size>0x50</size>
         <input_file_ref idref="fl-e"/>
      </object_component>
      <object_component id="oc-2d8">
         <name>.ebss:_IntegrationDischargeSlopOffset</name>
         <uninitialized>true</uninitialized>
         <run_address>0xb980</run_address>
         <size>0x50</size>
         <input_file_ref idref="fl-e"/>
      </object_component>
      <object_component id="oc-2da">
         <name>.ebss:_IntegrationDischargeSlopGain</name>
         <uninitialized>true</uninitialized>
         <run_address>0xb900</run_address>
         <size>0x50</size>
         <input_file_ref idref="fl-e"/>
      </object_component>
      <object_component id="oc-e2">
         <name>.ebss</name>
         <uninitialized>true</uninitialized>
         <run_address>0xb96a</run_address>
         <size>0x14</size>
         <input_file_ref idref="fl-13"/>
      </object_component>
      <object_component id="oc-2af">
         <name>.ebss:_debug_res_table</name>
         <uninitialized>true</uninitialized>
         <run_address>0xb400</run_address>
         <size>0x200</size>
         <input_file_ref idref="fl-13"/>
      </object_component>
      <object_component id="oc-2ab">
         <name>.ebss:_debug_cur_table</name>
         <uninitialized>true</uninitialized>
         <run_address>0xb200</run_address>
         <size>0x200</size>
         <input_file_ref idref="fl-13"/>
      </object_component>
      <object_component id="oc-2ad">
         <name>.ebss:_debug_weight_table</name>
         <uninitialized>true</uninitialized>
         <run_address>0xb600</run_address>
         <size>0x200</size>
         <input_file_ref idref="fl-13"/>
      </object_component>
      <object_component id="oc-e9">
         <name>.ebss</name>
         <uninitialized>true</uninitialized>
         <run_address>0xa5c0</run_address>
         <size>0x9dc</size>
         <input_file_ref idref="fl-14"/>
      </object_component>
      <object_component id="oc-f0">
         <name>.ebss</name>
         <uninitialized>true</uninitialized>
         <run_address>0xafc0</run_address>
         <size>0x21a</size>
         <input_file_ref idref="fl-15"/>
      </object_component>
      <object_component id="oc-108">
         <name>.ebss</name>
         <uninitialized>true</uninitialized>
         <run_address>0xb9d0</run_address>
         <size>0x18</size>
         <input_file_ref idref="fl-19"/>
      </object_component>
      <object_component id="oc-171">
         <name>.ebss</name>
         <uninitialized>true</uninitialized>
         <run_address>0xb1fa</run_address>
         <size>0x6</size>
         <input_file_ref idref="fl-2d"/>
      </object_component>
      <object_component id="oc-182">
         <name>.ebss</name>
         <uninitialized>true</uninitialized>
         <run_address>0xb1f9</run_address>
         <size>0x1</size>
         <input_file_ref idref="fl-30"/>
      </object_component>
      <object_component id="oc-2b6">
         <name>.ebss:_I2C</name>
         <uninitialized>true</uninitialized>
         <run_address>0xa5bc</run_address>
         <size>0x4</size>
         <input_file_ref idref="fl-32"/>
      </object_component>
      <object_component id="oc-2b7">
         <name>.ebss:_MCBSP</name>
         <uninitialized>true</uninitialized>
         <run_address>0xb87c</run_address>
         <size>0x4</size>
         <input_file_ref idref="fl-32"/>
      </object_component>
      <object_component id="oc-2b1">
         <name>.ebss:_SCI</name>
         <uninitialized>true</uninitialized>
         <run_address>0xb8fc</run_address>
         <size>0x4</size>
         <input_file_ref idref="fl-32"/>
      </object_component>
      <object_component id="oc-2b9">
         <name>.ebss:_SDFM</name>
         <uninitialized>true</uninitialized>
         <run_address>0xbb66</run_address>
         <size>0x6</size>
         <input_file_ref idref="fl-32"/>
      </object_component>
      <object_component id="oc-2b5">
         <name>.ebss:_EQEP</name>
         <uninitialized>true</uninitialized>
         <run_address>0xbb56</run_address>
         <size>0x8</size>
         <input_file_ref idref="fl-32"/>
      </object_component>
      <object_component id="oc-2b2">
         <name>.ebss:_SPI</name>
         <uninitialized>true</uninitialized>
         <run_address>0xbb5e</run_address>
         <size>0x8</size>
         <input_file_ref idref="fl-32"/>
      </object_component>
      <object_component id="oc-2b8">
         <name>.ebss:_ADC</name>
         <uninitialized>true</uninitialized>
         <run_address>0xbb4c</run_address>
         <size>0xa</size>
         <input_file_ref idref="fl-32"/>
      </object_component>
      <object_component id="oc-2b3">
         <name>.ebss:_ECAP</name>
         <uninitialized>true</uninitialized>
         <run_address>0xb8ee</run_address>
         <size>0xe</size>
         <input_file_ref idref="fl-32"/>
      </object_component>
      <object_component id="oc-2ba">
         <name>.ebss:_EPWM</name>
         <uninitialized>true</uninitialized>
         <run_address>0xb950</run_address>
         <size>0x1a</size>
         <input_file_ref idref="fl-32"/>
      </object_component>
      <object_component id="oc-2b4">
         <name>.ebss:_TRIP_SEL</name>
         <uninitialized>true</uninitialized>
         <run_address>0xb8d0</run_address>
         <size>0x1e</size>
         <input_file_ref idref="fl-32"/>
      </object_component>
      <object_component id="oc-284">
         <name>.ebss</name>
         <uninitialized>true</uninitialized>
         <run_address>0xbb6c</run_address>
         <size>0x6</size>
         <input_file_ref idref="fl-60"/>
      </object_component>
      <object_component id="oc-2bc">
         <name>.ebss:__lock</name>
         <uninitialized>true</uninitialized>
         <run_address>0xbb72</run_address>
         <size>0x2</size>
         <input_file_ref idref="fl-61"/>
      </object_component>
      <object_component id="oc-305">
         <name>.ebss:__unlock</name>
         <uninitialized>true</uninitialized>
         <run_address>0xbb74</run_address>
         <size>0x2</size>
         <input_file_ref idref="fl-61"/>
      </object_component>
      <object_component id="oc-212">
         <name>.econst:.string</name>
         <load_address>0x90000</load_address>
         <run_address>0x90000</run_address>
         <size>0xcb</size>
         <input_file_ref idref="fl-40"/>
      </object_component>
      <object_component id="oc-218">
         <name>.econst:.string</name>
         <load_address>0x900cc</load_address>
         <run_address>0x900cc</run_address>
         <size>0xc8</size>
         <input_file_ref idref="fl-41"/>
      </object_component>
      <object_component id="oc-21e">
         <name>.econst:.string</name>
         <load_address>0x90194</load_address>
         <run_address>0x90194</run_address>
         <size>0x69</size>
         <input_file_ref idref="fl-42"/>
      </object_component>
      <object_component id="oc-20c">
         <name>.econst:.string</name>
         <load_address>0x901fe</load_address>
         <run_address>0x901fe</run_address>
         <size>0x68</size>
         <input_file_ref idref="fl-3f"/>
      </object_component>
      <object_component id="oc-224">
         <name>.econst:.string</name>
         <load_address>0x90266</load_address>
         <run_address>0x90266</run_address>
         <size>0x66</size>
         <input_file_ref idref="fl-43"/>
      </object_component>
      <object_component id="oc-231">
         <name>.econst:.string</name>
         <load_address>0x902cc</load_address>
         <run_address>0x902cc</run_address>
         <size>0x66</size>
         <input_file_ref idref="fl-45"/>
      </object_component>
      <object_component id="oc-206">
         <name>.econst:.string</name>
         <load_address>0x90332</load_address>
         <run_address>0x90332</run_address>
         <size>0x63</size>
         <input_file_ref idref="fl-3e"/>
      </object_component>
      <object_component id="oc-22a">
         <name>.econst:.string</name>
         <load_address>0x90396</load_address>
         <run_address>0x90396</run_address>
         <size>0x63</size>
         <input_file_ref idref="fl-44"/>
      </object_component>
      <object_component id="oc-ca">
         <name>.econst</name>
         <load_address>0x903fa</load_address>
         <run_address>0x903fa</run_address>
         <size>0x10</size>
         <input_file_ref idref="fl-e"/>
      </object_component>
      <object_component id="oc-2aa">
         <name>.econst:_$P$T0$11</name>
         <load_address>0x9040a</load_address>
         <run_address>0x9040a</run_address>
         <size>0x10</size>
         <input_file_ref idref="fl-13"/>
      </object_component>
      <object_component id="oc-2d3">
         <name>.econst:_$P$T0$36</name>
         <load_address>0x9041a</load_address>
         <run_address>0x9041a</run_address>
         <size>0x10</size>
         <input_file_ref idref="fl-e"/>
      </object_component>
      <object_component id="oc-ac">
         <name>.econst</name>
         <load_address>0x9042a</load_address>
         <run_address>0x9042a</run_address>
         <size>0x4</size>
         <input_file_ref idref="fl-9"/>
      </object_component>
      <object_component id="oc-299">
         <name>.econst</name>
         <load_address>0x9042e</load_address>
         <run_address>0x9042e</run_address>
         <size>0x2</size>
         <input_file_ref idref="fl-64"/>
      </object_component>
      <object_component id="oc-23c">
         <name>.reset</name>
         <load_address>0x3fffc0</load_address>
         <run_address>0x3fffc0</run_address>
         <size>0x2</size>
         <input_file_ref idref="fl-52"/>
      </object_component>
      <object_component id="oc-f1">
         <name>SHARE_GSRAM_CPU1</name>
         <uninitialized>true</uninitialized>
         <run_address>0x17000</run_address>
         <size>0x1e50</size>
         <input_file_ref idref="fl-15"/>
      </object_component>
      <object_component id="oc-f2">
         <name>SHARE_GSRAM_CPU2</name>
         <uninitialized>true</uninitialized>
         <run_address>0x1a000</run_address>
         <size>0x1f88</size>
         <input_file_ref idref="fl-15"/>
      </object_component>
      <object_component id="oc-2a3">
         <name>.TI.ramfunc</name>
         <load_address>0x88000</load_address>
         <run_address>0x13000</run_address>
         <size>0x13d6</size>
         <input_file_ref idref="fl-e"/>
      </object_component>
      <object_component id="oc-2a8">
         <name>.TI.ramfunc</name>
         <load_address>0x893d6</load_address>
         <run_address>0x143d6</run_address>
         <size>0x6af</size>
         <input_file_ref idref="fl-a"/>
      </object_component>
      <object_component id="oc-2be">
         <name>.TI.ramfunc</name>
         <load_address>0x89a85</load_address>
         <run_address>0x14a85</run_address>
         <size>0x646</size>
         <input_file_ref idref="fl-6"/>
      </object_component>
      <object_component id="oc-2a4">
         <name>.TI.ramfunc</name>
         <load_address>0x8a0cb</load_address>
         <run_address>0x150cb</run_address>
         <size>0x5aa</size>
         <input_file_ref idref="fl-9"/>
      </object_component>
      <object_component id="oc-e3">
         <name>.TI.ramfunc:retain</name>
         <load_address>0x8a675</load_address>
         <run_address>0x15675</run_address>
         <size>0x4d6</size>
         <input_file_ref idref="fl-13"/>
      </object_component>
      <object_component id="oc-2c4">
         <name>.TI.ramfunc</name>
         <load_address>0x8ab4b</load_address>
         <run_address>0x15b4b</run_address>
         <size>0x18d</size>
         <input_file_ref idref="fl-7"/>
      </object_component>
      <object_component id="oc-2c1">
         <name>.TI.ramfunc</name>
         <load_address>0x8acd8</load_address>
         <run_address>0x15cd8</run_address>
         <size>0x107</size>
         <input_file_ref idref="fl-11"/>
      </object_component>
      <object_component id="oc-2a9">
         <name>.TI.ramfunc</name>
         <load_address>0x8addf</load_address>
         <run_address>0x15ddf</run_address>
         <size>0xf6</size>
         <input_file_ref idref="fl-4"/>
      </object_component>
      <object_component id="oc-2e0">
         <name>.TI.ramfunc</name>
         <load_address>0x8aed5</load_address>
         <run_address>0x15ed5</run_address>
         <size>0xe4</size>
         <input_file_ref idref="fl-3"/>
      </object_component>
      <object_component id="oc-2f1">
         <name>.TI.ramfunc</name>
         <load_address>0x8afb9</load_address>
         <run_address>0x15fb9</run_address>
         <size>0xc1</size>
         <input_file_ref idref="fl-5"/>
      </object_component>
      <object_component id="oc-2df">
         <name>.TI.ramfunc</name>
         <load_address>0x8b07a</load_address>
         <run_address>0x1607a</run_address>
         <size>0x6e</size>
         <input_file_ref idref="fl-2"/>
      </object_component>
      <object_component id="oc-2f5">
         <name>.TI.ramfunc:_Flash_initModule</name>
         <load_address>0x8b0e8</load_address>
         <run_address>0x160e8</run_address>
         <size>0x43</size>
         <input_file_ref idref="fl-40"/>
      </object_component>
      <object_component id="oc-309">
         <name>.TI.ramfunc:_Flash_setBankPowerMode</name>
         <load_address>0x8b12b</load_address>
         <run_address>0x1612b</run_address>
         <size>0x32</size>
         <input_file_ref idref="fl-40"/>
      </object_component>
      <object_component id="oc-2e1">
         <name>.TI.ramfunc</name>
         <load_address>0x8b15d</load_address>
         <run_address>0x1615d</run_address>
         <size>0x2b</size>
         <input_file_ref idref="fl-c"/>
      </object_component>
      <object_component id="oc-30d">
         <name>.TI.ramfunc:_Flash_setWaitstates</name>
         <load_address>0x8b188</load_address>
         <run_address>0x16188</run_address>
         <size>0x26</size>
         <input_file_ref idref="fl-40"/>
      </object_component>
      <object_component id="oc-30a">
         <name>.TI.ramfunc:_Flash_setPumpPowerMode</name>
         <load_address>0x8b1ae</load_address>
         <run_address>0x161ae</run_address>
         <size>0x1f</size>
         <input_file_ref idref="fl-40"/>
      </object_component>
      <object_component id="oc-30b">
         <name>.TI.ramfunc:_Flash_disableCache</name>
         <load_address>0x8b1cd</load_address>
         <run_address>0x161cd</run_address>
         <size>0x18</size>
         <input_file_ref idref="fl-40"/>
      </object_component>
      <object_component id="oc-30c">
         <name>.TI.ramfunc:_Flash_disablePrefetch</name>
         <load_address>0x8b1e5</load_address>
         <run_address>0x161e5</run_address>
         <size>0x18</size>
         <input_file_ref idref="fl-40"/>
      </object_component>
      <object_component id="oc-30e">
         <name>.TI.ramfunc:_Flash_enableCache</name>
         <load_address>0x8b1fd</load_address>
         <run_address>0x161fd</run_address>
         <size>0x18</size>
         <input_file_ref idref="fl-40"/>
      </object_component>
      <object_component id="oc-30f">
         <name>.TI.ramfunc:_Flash_enablePrefetch</name>
         <load_address>0x8b215</load_address>
         <run_address>0x16215</run_address>
         <size>0x18</size>
         <input_file_ref idref="fl-40"/>
      </object_component>
      <object_component id="oc-2f4">
         <name>.TI.ramfunc</name>
         <load_address>0x8b22d</load_address>
         <run_address>0x1622d</run_address>
         <size>0x17</size>
         <input_file_ref idref="fl-12"/>
      </object_component>
      <object_component id="oc-310">
         <name>.TI.ramfunc:_Flash_enableECC</name>
         <load_address>0x8b244</load_address>
         <run_address>0x16244</run_address>
         <size>0x17</size>
         <input_file_ref idref="fl-40"/>
      </object_component>
      <object_component id="oc-18e">
         <name>.TI.ramfunc</name>
         <load_address>0x8b25b</load_address>
         <run_address>0x1625b</run_address>
         <size>0x4</size>
         <input_file_ref idref="fl-33"/>
      </object_component>
      <object_component id="oc-230">
         <name>.TI.ramfunc</name>
         <load_address>0x8b25f</load_address>
         <run_address>0x1625f</run_address>
         <size>0x4</size>
         <input_file_ref idref="fl-45"/>
      </object_component>
      <object_component id="oc-145">
         <name>PUTBUFFER</name>
         <uninitialized>true</uninitialized>
         <run_address>0x3fc00</run_address>
         <size>0x80</size>
         <input_file_ref idref="fl-24"/>
      </object_component>
      <object_component id="oc-141">
         <name>PUTWRITEIDX</name>
         <uninitialized>true</uninitialized>
         <run_address>0x3fc80</run_address>
         <size>0x4</size>
         <input_file_ref idref="fl-24"/>
      </object_component>
      <object_component id="oc-144">
         <name>GETREADIDX</name>
         <uninitialized>true</uninitialized>
         <run_address>0x3fc84</run_address>
         <size>0x4</size>
         <input_file_ref idref="fl-24"/>
      </object_component>
      <object_component id="oc-146">
         <name>GETBUFFER</name>
         <uninitialized>true</uninitialized>
         <run_address>0x3f800</run_address>
         <size>0x80</size>
         <input_file_ref idref="fl-24"/>
      </object_component>
      <object_component id="oc-143">
         <name>GETWRITEIDX</name>
         <uninitialized>true</uninitialized>
         <run_address>0x3f880</run_address>
         <size>0x4</size>
         <input_file_ref idref="fl-24"/>
      </object_component>
      <object_component id="oc-142">
         <name>PUTREADIDX</name>
         <uninitialized>true</uninitialized>
         <run_address>0x3f884</run_address>
         <size>0x4</size>
         <input_file_ref idref="fl-24"/>
      </object_component>
      <object_component id="oc-203">
         <name>PieVectTableFile</name>
         <uninitialized>true</uninitialized>
         <run_address>0xd00</run_address>
         <size>0x1c0</size>
         <input_file_ref idref="fl-35"/>
      </object_component>
      <object_component id="oc-199">
         <name>EmuBModeVar</name>
         <uninitialized>true</uninitialized>
         <run_address>0xd00</run_address>
         <size>0x1</size>
         <input_file_ref idref="fl-35"/>
      </object_component>
      <object_component id="oc-19a">
         <name>EmuBootPinsVar</name>
         <uninitialized>true</uninitialized>
         <run_address>0xd01</run_address>
         <size>0x1</size>
         <input_file_ref idref="fl-35"/>
      </object_component>
      <object_component id="oc-1b2">
         <name>AdcaResultFile</name>
         <uninitialized>true</uninitialized>
         <run_address>0xb00</run_address>
         <size>0x18</size>
         <input_file_ref idref="fl-35"/>
      </object_component>
      <object_component id="oc-1b3">
         <name>AdcbResultFile</name>
         <uninitialized>true</uninitialized>
         <run_address>0xb20</run_address>
         <size>0x18</size>
         <input_file_ref idref="fl-35"/>
      </object_component>
      <object_component id="oc-1b4">
         <name>AdccResultFile</name>
         <uninitialized>true</uninitialized>
         <run_address>0xb40</run_address>
         <size>0x18</size>
         <input_file_ref idref="fl-35"/>
      </object_component>
      <object_component id="oc-1b5">
         <name>AdcdResultFile</name>
         <uninitialized>true</uninitialized>
         <run_address>0xb60</run_address>
         <size>0x18</size>
         <input_file_ref idref="fl-35"/>
      </object_component>
      <object_component id="oc-1e6">
         <name>AdcaRegsFile</name>
         <uninitialized>true</uninitialized>
         <run_address>0x7400</run_address>
         <size>0x80</size>
         <input_file_ref idref="fl-35"/>
      </object_component>
      <object_component id="oc-1e8">
         <name>AdcbRegsFile</name>
         <uninitialized>true</uninitialized>
         <run_address>0x7480</run_address>
         <size>0x80</size>
         <input_file_ref idref="fl-35"/>
      </object_component>
      <object_component id="oc-1e9">
         <name>AdccRegsFile</name>
         <uninitialized>true</uninitialized>
         <run_address>0x7500</run_address>
         <size>0x80</size>
         <input_file_ref idref="fl-35"/>
      </object_component>
      <object_component id="oc-1ea">
         <name>AdcdRegsFile</name>
         <uninitialized>true</uninitialized>
         <run_address>0x7580</run_address>
         <size>0x80</size>
         <input_file_ref idref="fl-35"/>
      </object_component>
      <object_component id="oc-1e2">
         <name>AnalogSubsysRegsFile</name>
         <uninitialized>true</uninitialized>
         <run_address>0x5d180</run_address>
         <size>0x48</size>
         <input_file_ref idref="fl-35"/>
      </object_component>
      <object_component id="oc-1ff">
         <name>CanaRegsFile</name>
         <uninitialized>true</uninitialized>
         <run_address>0x48000</run_address>
         <size>0x164</size>
         <input_file_ref idref="fl-35"/>
      </object_component>
      <object_component id="oc-200">
         <name>CanbRegsFile</name>
         <uninitialized>true</uninitialized>
         <run_address>0x4a000</run_address>
         <size>0x164</size>
         <input_file_ref idref="fl-35"/>
      </object_component>
      <object_component id="oc-1dd">
         <name>Cla1RegsFile</name>
         <uninitialized>true</uninitialized>
         <run_address>0x1400</run_address>
         <size>0x3e</size>
         <input_file_ref idref="fl-35"/>
      </object_component>
      <object_component id="oc-19e">
         <name>Cla1SoftIntRegsFile</name>
         <uninitialized>true</uninitialized>
         <run_address>0xce0</run_address>
         <size>0x4</size>
         <input_file_ref idref="fl-35"/>
      </object_component>
      <object_component id="oc-1b8">
         <name>Cmpss1RegsFile</name>
         <uninitialized>true</uninitialized>
         <run_address>0x5c80</run_address>
         <size>0x20</size>
         <input_file_ref idref="fl-35"/>
      </object_component>
      <object_component id="oc-1b9">
         <name>Cmpss2RegsFile</name>
         <uninitialized>true</uninitialized>
         <run_address>0x5ca0</run_address>
         <size>0x20</size>
         <input_file_ref idref="fl-35"/>
      </object_component>
      <object_component id="oc-1ba">
         <name>Cmpss3RegsFile</name>
         <uninitialized>true</uninitialized>
         <run_address>0x5cc0</run_address>
         <size>0x20</size>
         <input_file_ref idref="fl-35"/>
      </object_component>
      <object_component id="oc-1bb">
         <name>Cmpss4RegsFile</name>
         <uninitialized>true</uninitialized>
         <run_address>0x5ce0</run_address>
         <size>0x20</size>
         <input_file_ref idref="fl-35"/>
      </object_component>
      <object_component id="oc-1bc">
         <name>Cmpss5RegsFile</name>
         <uninitialized>true</uninitialized>
         <run_address>0x5d00</run_address>
         <size>0x20</size>
         <input_file_ref idref="fl-35"/>
      </object_component>
      <object_component id="oc-1bd">
         <name>Cmpss6RegsFile</name>
         <uninitialized>true</uninitialized>
         <run_address>0x5d20</run_address>
         <size>0x20</size>
         <input_file_ref idref="fl-35"/>
      </object_component>
      <object_component id="oc-1be">
         <name>Cmpss7RegsFile</name>
         <uninitialized>true</uninitialized>
         <run_address>0x5d40</run_address>
         <size>0x20</size>
         <input_file_ref idref="fl-35"/>
      </object_component>
      <object_component id="oc-1bf">
         <name>Cmpss8RegsFile</name>
         <uninitialized>true</uninitialized>
         <run_address>0x5d60</run_address>
         <size>0x20</size>
         <input_file_ref idref="fl-35"/>
      </object_component>
      <object_component id="oc-1a4">
         <name>CpuTimer0RegsFile</name>
         <uninitialized>true</uninitialized>
         <run_address>0xc00</run_address>
         <size>0x8</size>
         <input_file_ref idref="fl-35"/>
      </object_component>
      <object_component id="oc-1a5">
         <name>CpuTimer1RegsFile</name>
         <uninitialized>true</uninitialized>
         <run_address>0xc08</run_address>
         <size>0x8</size>
         <input_file_ref idref="fl-35"/>
      </object_component>
      <object_component id="oc-1a6">
         <name>CpuTimer2RegsFile</name>
         <uninitialized>true</uninitialized>
         <run_address>0xc10</run_address>
         <size>0x8</size>
         <input_file_ref idref="fl-35"/>
      </object_component>
      <object_component id="oc-1a1">
         <name>DacaRegsFile</name>
         <uninitialized>true</uninitialized>
         <run_address>0x5c00</run_address>
         <size>0x8</size>
         <input_file_ref idref="fl-35"/>
      </object_component>
      <object_component id="oc-1a2">
         <name>DacbRegsFile</name>
         <uninitialized>true</uninitialized>
         <run_address>0x5c10</run_address>
         <size>0x8</size>
         <input_file_ref idref="fl-35"/>
      </object_component>
      <object_component id="oc-1a3">
         <name>DaccRegsFile</name>
         <uninitialized>true</uninitialized>
         <run_address>0x5c20</run_address>
         <size>0x8</size>
         <input_file_ref idref="fl-35"/>
      </object_component>
      <object_component id="oc-1d3">
         <name>DcsmZ1RegsFile</name>
         <uninitialized>true</uninitialized>
         <run_address>0x5f000</run_address>
         <size>0x24</size>
         <input_file_ref idref="fl-35"/>
      </object_component>
      <object_component id="oc-1d4">
         <name>DcsmZ2RegsFile</name>
         <uninitialized>true</uninitialized>
         <run_address>0x5f040</run_address>
         <size>0x24</size>
         <input_file_ref idref="fl-35"/>
      </object_component>
      <object_component id="oc-1a7">
         <name>DcsmCommonRegsFile</name>
         <uninitialized>true</uninitialized>
         <run_address>0x5f070</run_address>
         <size>0x8</size>
         <input_file_ref idref="fl-35"/>
      </object_component>
      <object_component id="oc-1f0">
         <name>DmaRegsFile</name>
         <uninitialized>true</uninitialized>
         <run_address>0x1000</run_address>
         <size>0xe0</size>
         <input_file_ref idref="fl-35"/>
      </object_component>
      <object_component id="oc-1b6">
         <name>DmaClaSrcSelRegsFile</name>
         <uninitialized>true</uninitialized>
         <run_address>0x7980</run_address>
         <size>0x1a</size>
         <input_file_ref idref="fl-35"/>
      </object_component>
      <object_component id="oc-1c0">
         <name>ECap1RegsFile</name>
         <uninitialized>true</uninitialized>
         <run_address>0x5000</run_address>
         <size>0x20</size>
         <input_file_ref idref="fl-35"/>
      </object_component>
      <object_component id="oc-1c2">
         <name>ECap2RegsFile</name>
         <uninitialized>true</uninitialized>
         <run_address>0x5020</run_address>
         <size>0x20</size>
         <input_file_ref idref="fl-35"/>
      </object_component>
      <object_component id="oc-1c3">
         <name>ECap3RegsFile</name>
         <uninitialized>true</uninitialized>
         <run_address>0x5040</run_address>
         <size>0x20</size>
         <input_file_ref idref="fl-35"/>
      </object_component>
      <object_component id="oc-1c4">
         <name>ECap4RegsFile</name>
         <uninitialized>true</uninitialized>
         <run_address>0x5060</run_address>
         <size>0x20</size>
         <input_file_ref idref="fl-35"/>
      </object_component>
      <object_component id="oc-1c5">
         <name>ECap5RegsFile</name>
         <uninitialized>true</uninitialized>
         <run_address>0x5080</run_address>
         <size>0x20</size>
         <input_file_ref idref="fl-35"/>
      </object_component>
      <object_component id="oc-1c6">
         <name>ECap6RegsFile</name>
         <uninitialized>true</uninitialized>
         <run_address>0x50a0</run_address>
         <size>0x20</size>
         <input_file_ref idref="fl-35"/>
      </object_component>
      <object_component id="oc-1e4">
         <name>Emif1RegsFile</name>
         <uninitialized>true</uninitialized>
         <run_address>0x47000</run_address>
         <size>0x70</size>
         <input_file_ref idref="fl-35"/>
      </object_component>
      <object_component id="oc-1e5">
         <name>Emif2RegsFile</name>
         <uninitialized>true</uninitialized>
         <run_address>0x47800</run_address>
         <size>0x70</size>
         <input_file_ref idref="fl-35"/>
      </object_component>
      <object_component id="oc-1f1">
         <name>EPwm1RegsFile</name>
         <uninitialized>true</uninitialized>
         <run_address>0x4000</run_address>
         <size>0x100</size>
         <input_file_ref idref="fl-35"/>
      </object_component>
      <object_component id="oc-1f3">
         <name>EPwm2RegsFile</name>
         <uninitialized>true</uninitialized>
         <run_address>0x4100</run_address>
         <size>0x100</size>
         <input_file_ref idref="fl-35"/>
      </object_component>
      <object_component id="oc-1f4">
         <name>EPwm3RegsFile</name>
         <uninitialized>true</uninitialized>
         <run_address>0x4200</run_address>
         <size>0x100</size>
         <input_file_ref idref="fl-35"/>
      </object_component>
      <object_component id="oc-1f5">
         <name>EPwm4RegsFile</name>
         <uninitialized>true</uninitialized>
         <run_address>0x4300</run_address>
         <size>0x100</size>
         <input_file_ref idref="fl-35"/>
      </object_component>
      <object_component id="oc-1f6">
         <name>EPwm5RegsFile</name>
         <uninitialized>true</uninitialized>
         <run_address>0x4400</run_address>
         <size>0x100</size>
         <input_file_ref idref="fl-35"/>
      </object_component>
      <object_component id="oc-1f7">
[...]
         <value>0x5e608</value>
         <object_component_ref idref="oc-19c"/>
      </symbol>
      <symbol id="sm-aa9">
         <name>_Cmpss4Regs</name>
         <value>0x5ce0</value>
         <object_component_ref idref="oc-1bb"/>
      </symbol>
      <symbol id="sm-aaa">
         <name>_EPwm5Regs</name>
         <value>0x4400</value>
         <object_component_ref idref="oc-1f6"/>
      </symbol>
      <symbol id="sm-aab">
         <name>_UppRegs</name>
         <value>0x6200</value>
         <object_component_ref idref="oc-1e3"/>
      </symbol>
      <symbol id="sm-aac">
         <name>_SpiaRegs</name>
         <value>0x6100</value>
         <object_component_ref idref="oc-1ae"/>
      </symbol>
      <symbol id="sm-aad">
         <name>_CpuSysRegs</name>
         <value>0x5d300</value>
         <object_component_ref idref="oc-1ef"/>
      </symbol>
      <symbol id="sm-aae">
         <name>_Cla1SoftIntRegs</name>
         <value>0xce0</value>
         <object_component_ref idref="oc-19e"/>
      </symbol>
      <symbol id="sm-aaf">
         <name>_CanbRegs</name>
         <value>0x4a000</value>
         <object_component_ref idref="oc-200"/>
      </symbol>
      <symbol id="sm-ab0">
         <name>_ECap6Regs</name>
         <value>0x50a0</value>
         <object_component_ref idref="oc-1c6"/>
      </symbol>
      <symbol id="sm-ab1">
         <name>_DmaRegs</name>
         <value>0x1000</value>
         <object_component_ref idref="oc-1f0"/>
      </symbol>
      <symbol id="sm-ab2">
         <name>_EmuBootPins</name>
         <value>0xd01</value>
         <object_component_ref idref="oc-19a"/>
      </symbol>
      <symbol id="sm-ab3">
         <name>_XintRegs</name>
         <value>0x7070</value>
         <object_component_ref idref="oc-1a8"/>
      </symbol>
      <symbol id="sm-ab4">
         <name>_CpuTimer0Regs</name>
         <value>0xc00</value>
         <object_component_ref idref="oc-1a4"/>
      </symbol>
      <symbol id="sm-ab5">
         <name>_Cmpss5Regs</name>
         <value>0x5d00</value>
         <object_component_ref idref="oc-1bc"/>
      </symbol>
      <symbol id="sm-ab6">
         <name>_Emif1Regs</name>
         <value>0x47000</value>
         <object_component_ref idref="oc-1e4"/>
      </symbol>
      <symbol id="sm-ab7">
         <name>_AccessProtectionRegs</name>
         <value>0x5f4c0</value>
         <object_component_ref idref="oc-1e0"/>
      </symbol>
      <symbol id="sm-ab8">
         <name>_MemCfgRegs</name>
         <value>0x5f400</value>
         <object_component_ref idref="oc-1eb"/>
      </symbol>
      <symbol id="sm-ab9">
         <name>_DacaRegs</name>
         <value>0x5c00</value>
         <object_component_ref idref="oc-1a1"/>
      </symbol>
      <symbol id="sm-aba">
         <name>_McbspbRegs</name>
         <value>0x6040</value>
         <object_component_ref idref="oc-1d8"/>
      </symbol>
      <symbol id="sm-abb">
         <name>_EPwm6Regs</name>
         <value>0x4500</value>
         <object_component_ref idref="oc-1f7"/>
      </symbol>
      <symbol id="sm-abc">
         <name>_AdcaRegs</name>
         <value>0x7400</value>
         <object_component_ref idref="oc-1e6"/>
      </symbol>
      <symbol id="sm-abd">
         <name>_SciaRegs</name>
         <value>0x7200</value>
         <object_component_ref idref="oc-1a9"/>
      </symbol>
      <symbol id="sm-abe">
         <name>_EPwm11Regs</name>
         <value>0x4a00</value>
         <object_component_ref idref="oc-1fc"/>
      </symbol>
      <symbol id="sm-abf">
         <name>_GpioDataRegs</name>
         <value>0x7f00</value>
         <object_component_ref idref="oc-1db"/>
      </symbol>
      <symbol id="sm-ac0">
         <name>_Sdfm1Regs</name>
         <value>0x5e00</value>
         <object_component_ref idref="oc-1ec"/>
      </symbol>
      <symbol id="sm-ac1">
         <name>_Cmpss2Regs</name>
         <value>0x5ca0</value>
         <object_component_ref idref="oc-1b9"/>
      </symbol>
      <symbol id="sm-ac2">
         <name>_Emif2Regs</name>
         <value>0x47800</value>
         <object_component_ref idref="oc-1e5"/>
      </symbol>
      <symbol id="sm-ac3">
         <name>_DcsmZ1Regs</name>
         <value>0x5f000</value>
         <object_component_ref idref="oc-1d3"/>
      </symbol>
      <symbol id="sm-ac4">
         <name>_Flash0CtrlRegs</name>
         <value>0x5f800</value>
         <object_component_ref idref="oc-202"/>
      </symbol>
      <symbol id="sm-ac5">
         <name>_EPwm7Regs</name>
         <value>0x4600</value>
         <object_component_ref idref="oc-1f8"/>
      </symbol>
      <symbol id="sm-ac6">
         <name>_SpicRegs</name>
         <value>0x6120</value>
         <object_component_ref idref="oc-1b1"/>
      </symbol>
      <symbol id="sm-ac7">
         <name>_EPwm10Regs</name>
         <value>0x4900</value>
         <object_component_ref idref="oc-1fb"/>
      </symbol>
      <symbol id="sm-ac8">
         <name>_CpuTimer2Regs</name>
         <value>0xc10</value>
         <object_component_ref idref="oc-1a6"/>
      </symbol>
      <symbol id="sm-ac9">
         <name>_DmaClaSrcSelRegs</name>
         <value>0x7980</value>
         <object_component_ref idref="oc-1b6"/>
      </symbol>
      <symbol id="sm-aca">
         <name>_AnalogSubsysRegs</name>
         <value>0x5d180</value>
         <object_component_ref idref="oc-1e2"/>
      </symbol>
      <symbol id="sm-acb">
         <name>_Cmpss3Regs</name>
         <value>0x5cc0</value>
         <object_component_ref idref="oc-1ba"/>
      </symbol>
      <symbol id="sm-acc">
         <name>_DaccRegs</name>
         <value>0x5c20</value>
         <object_component_ref idref="oc-1a3"/>
      </symbol>
      <symbol id="sm-acd">
         <name>_PieCtrlRegs</name>
         <value>0xce0</value>
         <object_component_ref idref="oc-1b7"/>
      </symbol>
      <symbol id="sm-ace">
         <name>_DevCfgRegs</name>
         <value>0x5d000</value>
         <object_component_ref idref="oc-1fe"/>
      </symbol>
      <symbol id="sm-acf">
         <name>_SpibRegs</name>
         <value>0x6110</value>
         <object_component_ref idref="oc-1b0"/>
      </symbol>
      <symbol id="sm-ad0">
         <name>_AdccRegs</name>
         <value>0x7500</value>
         <object_component_ref idref="oc-1e9"/>
      </symbol>
      <symbol id="sm-ad1">
         <name>_ScicRegs</name>
         <value>0x7220</value>
         <object_component_ref idref="oc-1ac"/>
      </symbol>
      <symbol id="sm-ad2">
         <name>_ECap1Regs</name>
         <value>0x5000</value>
         <object_component_ref idref="oc-1c0"/>
      </symbol>
      <symbol id="sm-ad3">
         <name>_OutputXbarRegs</name>
         <value>0x7a80</value>
         <object_component_ref idref="oc-1df"/>
      </symbol>
      <symbol id="sm-ad4">
         <name>_MemoryErrorRegs</name>
         <value>0x5f500</value>
         <object_component_ref idref="oc-1e1"/>
      </symbol>
      <symbol id="sm-ad5">
         <name>_Cla1Regs</name>
         <value>0x1400</value>
         <object_component_ref idref="oc-1dd"/>
      </symbol>
      <symbol id="sm-ad6">
         <name>_EQep1Regs</name>
         <value>0x5100</value>
         <object_component_ref idref="oc-1cc"/>
      </symbol>
      <symbol id="sm-ad7">
         <name>_DacbRegs</name>
         <value>0x5c10</value>
         <object_component_ref idref="oc-1a2"/>
      </symbol>
      <symbol id="sm-ad8">
         <name>_McbspaRegs</name>
         <value>0x6000</value>
         <object_component_ref idref="oc-1d6"/>
      </symbol>
      <symbol id="sm-ad9">
         <name>_EPwm1Regs</name>
         <value>0x4000</value>
         <object_component_ref idref="oc-1f1"/>
      </symbol>
      <symbol id="sm-ada">
         <name>_AdcbRegs</name>
         <value>0x7480</value>
         <object_component_ref idref="oc-1e8"/>
      </symbol>
      <symbol id="sm-adb">
         <name>_ScibRegs</name>
         <value>0x7210</value>
         <object_component_ref idref="oc-1ab"/>
      </symbol>
      <symbol id="sm-adc">
         <name>_AdcaResultRegs</name>
         <value>0xb00</value>
         <object_component_ref idref="oc-1b2"/>
      </symbol>
      <symbol id="sm-add">
         <name>_ECap2Regs</name>
         <value>0x5020</value>
         <object_component_ref idref="oc-1c2"/>
      </symbol>
      <symbol id="sm-ade">
         <name>_EPwm12Regs</name>
         <value>0x4b00</value>
         <object_component_ref idref="oc-1fd"/>
      </symbol>
      <symbol id="sm-adf">
         <name>_AdcbResultRegs</name>
         <value>0xb20</value>
         <object_component_ref idref="oc-1b3"/>
      </symbol>
      <symbol id="sm-ae0">
         <name>_AdccResultRegs</name>
         <value>0xb40</value>
         <object_component_ref idref="oc-1b4"/>
      </symbol>
      <symbol id="sm-ae1">
         <name>_Emif1ConfigRegs</name>
         <value>0x5f480</value>
         <object_component_ref idref="oc-1ca"/>
      </symbol>
      <symbol id="sm-ae2">
         <name>_Sdfm2Regs</name>
         <value>0x5e80</value>
         <object_component_ref idref="oc-1ee"/>
      </symbol>
      <symbol id="sm-ae3">
         <name>_AdcdResultRegs</name>
         <value>0xb60</value>
         <object_component_ref idref="oc-1b5"/>
      </symbol>
      <symbol id="sm-ae4">
         <name>_EQep2Regs</name>
         <value>0x5140</value>
         <object_component_ref idref="oc-1ce"/>
      </symbol>
      <symbol id="sm-ae5">
         <name>_Cmpss1Regs</name>
         <value>0x5c80</value>
         <object_component_ref idref="oc-1b8"/>
      </symbol>
      <symbol id="sm-ae6">
         <name>_EPwm8Regs</name>
         <value>0x4700</value>
         <object_component_ref idref="oc-1f9"/>
      </symbol>
      <symbol id="sm-ae7">
         <name>_Emif2ConfigRegs</name>
         <value>0x5f4a0</value>
         <object_component_ref idref="oc-1cb"/>
      </symbol>
      <symbol id="sm-ae8">
         <name>_DcsmCommonRegs</name>
         <value>0x5f070</value>
         <object_component_ref idref="oc-1a7"/>
      </symbol>
      <symbol id="sm-ae9">
         <name>_EPwm2Regs</name>
         <value>0x4100</value>
         <object_component_ref idref="oc-1f3"/>
      </symbol>
      <symbol id="sm-aea">
         <name>_ECap3Regs</name>
         <value>0x5040</value>
         <object_component_ref idref="oc-1c3"/>
      </symbol>
      <symbol id="sm-aeb">
         <name>_Cmpss8Regs</name>
         <value>0x5d60</value>
         <object_component_ref idref="oc-1bf"/>
      </symbol>
      <symbol id="sm-aec">
         <name>_EQep3Regs</name>
         <value>0x5180</value>
         <object_component_ref idref="oc-1cf"/>
      </symbol>
      <symbol id="sm-aed">
         <name>_SyncSocRegs</name>
         <value>0x7940</value>
         <object_component_ref idref="oc-19f"/>
      </symbol>
      <symbol id="sm-aee">
         <name>_EPwm9Regs</name>
         <value>0x4800</value>
         <object_component_ref idref="oc-1fa"/>
      </symbol>
      <symbol id="sm-aef">
         <name>_NmiIntruptRegs</name>
         <value>0x7060</value>
         <object_component_ref idref="oc-1a0"/>
      </symbol>
      <symbol id="sm-af0">
         <name>_EPwm3Regs</name>
         <value>0x4200</value>
         <object_component_ref idref="oc-1f4"/>
      </symbol>
      <symbol id="sm-af1">
         <name>_I2caRegs</name>
         <value>0x7300</value>
         <object_component_ref idref="oc-1d0"/>
      </symbol>
      <symbol id="sm-b0f">
         <name>_ADC_setMode</name>
         <value>0x84491</value>
         <object_component_ref idref="oc-2ff"/>
      </symbol>
      <symbol id="sm-b25">
         <name>_CPUTimer_setEmulationMode</name>
         <value>0x83fed</value>
         <object_component_ref idref="oc-2de"/>
      </symbol>
      <symbol id="sm-b69">
         <name>_Flash_initModule</name>
         <value>0x160e8</value>
         <object_component_ref idref="oc-2f5"/>
      </symbol>
      <symbol id="sm-b93">
         <name>_GPIO_setMasterCore</name>
         <value>0x84949</value>
         <object_component_ref idref="oc-2f8"/>
      </symbol>
      <symbol id="sm-b94">
         <name>_GPIO_setPinConfig</name>
         <value>0x848d3</value>
         <object_component_ref idref="oc-2f9"/>
      </symbol>
      <symbol id="sm-b95">
         <name>_GPIO_setDirectionMode</name>
         <value>0x849ec</value>
         <object_component_ref idref="oc-2fa"/>
      </symbol>
      <symbol id="sm-b96">
         <name>_GPIO_setQualificationMode</name>
         <value>0x84981</value>
         <object_component_ref idref="oc-2fc"/>
      </symbol>
      <symbol id="sm-b97">
         <name>_GPIO_setPadConfig</name>
         <value>0x847ea</value>
         <object_component_ref idref="oc-2fb"/>
      </symbol>
      <symbol id="sm-bc9">
         <name>_Interrupt_enable</name>
         <value>0x849b9</value>
         <object_component_ref idref="oc-2ed"/>
      </symbol>
      <symbol id="sm-bca">
         <name>_Interrupt_initVectorTable</name>
         <value>0x84ae3</value>
         <object_component_ref idref="oc-2ec"/>
      </symbol>
      <symbol id="sm-bcb">
         <name>_Interrupt_initModule</name>
         <value>0x84796</value>
         <object_component_ref idref="oc-2eb"/>
      </symbol>
      <symbol id="sm-bde">
         <name>_MemCfg_setGSRAMMasterSel</name>
         <value>0x84a99</value>
         <object_component_ref idref="oc-2f7"/>
      </symbol>
      <symbol id="sm-bf9">
         <name>_SPI_setConfig</name>
         <value>0x84636</value>
         <object_component_ref idref="oc-2fe"/>
      </symbol>
      <symbol id="sm-c38">
         <name>_SysCtl_delay</name>
         <value>0x1625f</value>
         <object_component_ref idref="oc-230"/>
      </symbol>
      <symbol id="sm-c39">
         <name>_SysCtl_selectOscSource</name>
         <value>0x8483c</value>
         <object_component_ref idref="oc-312"/>
      </symbol>
      <symbol id="sm-c3a">
         <name>_SysCtl_setClock</name>
         <value>0x83851</value>
         <object_component_ref idref="oc-2f6"/>
      </symbol>
      <symbol id="sm-c4a">
         <name>_round</name>
         <value>0x84910</value>
         <object_component_ref idref="oc-2dd"/>
      </symbol>
      <symbol id="sm-c4b">
         <name>_roundf</name>
         <value>0x84910</value>
         <object_component_ref idref="oc-2dd"/>
      </symbol>
      <symbol id="sm-c66">
         <name>_c_int00</name>
         <value>0x846eb</value>
         <object_component_ref idref="oc-83"/>
      </symbol>
      <symbol id="sm-c67">
         <name>__stack</name>
         <value>0x122</value>
         <object_component_ref idref="oc-23b"/>
      </symbol>
      <symbol id="sm-c82">
         <name>FD$$ADD</name>
         <value>0x843f5</value>
         <object_component_ref idref="oc-241"/>
      </symbol>
      <symbol id="sm-c92">
         <name>FD$$CMP</name>
         <value>0x84a1d</value>
         <object_component_ref idref="oc-246"/>
      </symbol>
      <symbol id="sm-ca4">
         <name>FD$$MPY</name>
         <value>0x845b3</value>
         <object_component_ref idref="oc-24b"/>
      </symbol>
      <symbol id="sm-cb3">
         <name>FD$$TOUL</name>
         <value>0x84b5a</value>
         <object_component_ref idref="oc-250"/>
      </symbol>
      <symbol id="sm-cc4">
         <name>FS$$DIV</name>
         <value>0x8452b</value>
         <object_component_ref idref="oc-255"/>
      </symbol>
      <symbol id="sm-cd0">
         <name>LL$$AND</name>
         <value>0x84bdb</value>
         <object_component_ref idref="oc-25a"/>
      </symbol>
      <symbol id="sm-cd1">
         <name>LL$$OR</name>
         <value>0x84be3</value>
         <object_component_ref idref="oc-25a"/>
      </symbol>
      <symbol id="sm-cd2">
         <name>LL$$XOR</name>
         <value>0x84beb</value>
         <object_component_ref idref="oc-25a"/>
      </symbol>
      <symbol id="sm-ce0">
         <name>ULL$$CMP</name>
         <value>0x84b15</value>
         <object_component_ref idref="oc-25f"/>
      </symbol>
      <symbol id="sm-ce1">
         <name>LL$$CMP</name>
         <value>0x84b03</value>
         <object_component_ref idref="oc-25f"/>
      </symbol>
      <symbol id="sm-d0d">
         <name>ULL$$MOD</name>
         <value>0x84216</value>
         <object_component_ref idref="oc-264"/>
      </symbol>
      <symbol id="sm-d0e">
         <name>ULL$$DIV</name>
         <value>0x841e7</value>
         <object_component_ref idref="oc-264"/>
      </symbol>
      <symbol id="sm-d0f">
         <name>LL$$MOD</name>
         <value>0x841ad</value>
         <object_component_ref idref="oc-264"/>
      </symbol>
      <symbol id="sm-d10">
         <name>LL$$DIV</name>
         <value>0x84171</value>
         <object_component_ref idref="oc-264"/>
      </symbol>
      <symbol id="sm-d20">
         <name>FS$$TOFD</name>
         <value>0x84b3e</value>
         <object_component_ref idref="oc-269"/>
      </symbol>
      <symbol id="sm-d2f">
         <name>_copy_in</name>
         <value>0x84abf</value>
         <object_component_ref idref="oc-29f"/>
      </symbol>
      <symbol id="sm-d40">
         <name>_memcpy</name>
         <value>0x84b21</value>
         <object_component_ref idref="oc-2a7"/>
      </symbol>
      <symbol id="sm-d4c">
         <name>__system_pre_init</name>
         <value>0x84c99</value>
         <object_component_ref idref="oc-29e"/>
      </symbol>
      <symbol id="sm-d59">
         <name>__system_post_cinit</name>
         <value>0x84c9c</value>
         <object_component_ref idref="oc-2a0"/>
      </symbol>
      <symbol id="sm-d6d">
         <name>C$$EXIT</name>
         <value>0x84a70</value>
         <object_component_ref idref="oc-2a2"/>
      </symbol>
      <symbol id="sm-d6e">
         <name>_exit</name>
         <value>0x84a72</value>
         <object_component_ref idref="oc-2a2"/>
      </symbol>
      <symbol id="sm-d6f">
         <name>___TI_cleanup_ptr</name>
         <value>0xbb6e</value>
         <object_component_ref idref="oc-284"/>
      </symbol>
      <symbol id="sm-d70">
         <name>___TI_enable_exit_profile_output</name>
         <value>0xbb6c</value>
         <object_component_ref idref="oc-284"/>
      </symbol>
      <symbol id="sm-d71">
         <name>_abort</name>
         <value>0x84a70</value>
         <object_component_ref idref="oc-2a2"/>
      </symbol>
      <symbol id="sm-d72">
         <name>___TI_dtors_ptr</name>
         <value>0xbb70</value>
         <object_component_ref idref="oc-284"/>
      </symbol>
      <symbol id="sm-d86">
         <name>__unlock</name>
         <value>0xbb74</value>
         <object_component_ref idref="oc-305"/>
      </symbol>
      <symbol id="sm-d87">
         <name>__lock</name>
         <value>0xbb72</value>
         <object_component_ref idref="oc-2bc"/>
      </symbol>
      <symbol id="sm-d88">
         <name>__register_lock</name>
         <value>0x84c85</value>
         <object_component_ref idref="oc-2ef"/>
      </symbol>
      <symbol id="sm-d89">
         <name>__nop</name>
         <value>0x84c89</value>
         <object_component_ref idref="oc-2ef"/>
      </symbol>
      <symbol id="sm-d8a">
         <name>__register_unlock</name>
         <value>0x84c81</value>
         <object_component_ref idref="oc-2ef"/>
      </symbol>
      <symbol id="sm-d99">
         <name>__args_main</name>
         <value>0x84bc2</value>
         <object_component_ref idref="oc-2a1"/>
      </symbol>
      <symbol id="sm-db8">
         <name>_floorf</name>
         <value>0x84692</value>
         <object_component_ref idref="oc-2f2"/>
      </symbol>
      <symbol id="sm-db9">
         <name>_floor</name>
         <value>0x84692</value>
         <object_component_ref idref="oc-2f2"/>
      </symbol>
   </symbol_table>
   <title>Link successful</title>
</link_info>
