<?xml version="1.0" encoding="ISO-8859-1" ?>
<link_info>
   <banner>TMS320C2000 Linker PC v18.12.2.LTS</banner>
   <copyright>Copyright (c) 1996-2018 Texas Instruments Incorporated</copyright>
   <link_time>0x60f0e1df</link_time>
   <link_errors>0x0</link_errors>
   <output_file>Cycler_SKI_CPU2.out</output_file>
   <entry_point>
      <name>_c_int00</name>
      <address>0x82cc7</address>
   </entry_point>
   <input_file_list>
      <input_file id="fl-2">
         <path>.\PHOENIXON_CONTROLS\CPU\source\</path>
         <kind>object</kind>
         <file>PhoenixonControls_COMMON.obj</file>
         <name>PhoenixonControls_COMMON.obj</name>
      </input_file>
      <input_file id="fl-3">
         <path>.\PHOENIXON_CONTROLS\CPU\source\</path>
         <kind>object</kind>
         <file>PhoenixonControls_COMMUNICATION.obj</file>
         <name>PhoenixonControls_COMMUNICATION.obj</name>
      </input_file>
      <input_file id="fl-4">
         <path>.\PHOENIXON_CONTROLS\CPU\source\</path>
         <kind>object</kind>
         <file>PhoenixonControls_CRC16.obj</file>
         <name>PhoenixonControls_CRC16.obj</name>
      </input_file>
      <input_file id="fl-5">
         <path>.\PHOENIXON_CONTROLS\CPU\source\</path>
         <kind>object</kind>
         <file>PhoenixonControls_RingBuffer.obj</file>
         <name>PhoenixonControls_RingBuffer.obj</name>
      </input_file>
      <input_file id="fl-6">
         <path>.\PHOENIXON_CONTROLS\CPU\source\</path>
         <kind>object</kind>
         <file>PhoenixonControls_SCI.obj</file>
         <name>PhoenixonControls_SCI.obj</name>
      </input_file>
      <input_file id="fl-7">
         <path>.\PHOENIXON_CONTROLS\CPU\source\</path>
         <kind>object</kind>
         <file>PhoenixonControls_TIMER.obj</file>
         <name>PhoenixonControls_TIMER.obj</name>
      </input_file>
      <input_file id="fl-8">
         <path>.\PHOENIXON_CONTROLS\CPU\source\</path>
         <kind>object</kind>
         <file>main_CPU2.obj</file>
         <name>main_CPU2.obj</name>
      </input_file>
      <input_file id="fl-9">
         <path>.\PHOENIXON_CONTROLS\CPU\source\</path>
         <kind>object</kind>
         <file>memcpy_fast_far.obj</file>
         <name>memcpy_fast_far.obj</name>
      </input_file>
      <input_file id="fl-a">
         <path>.\common\source\</path>
         <kind>object</kind>
         <file>F2837xD_Adc.obj</file>
         <name>F2837xD_Adc.obj</name>
      </input_file>
      <input_file id="fl-b">
         <path>.\common\source\</path>
         <kind>object</kind>
         <file>F2837xD_CodeStartBranch.obj</file>
         <name>F2837xD_CodeStartBranch.obj</name>
      </input_file>
      <input_file id="fl-c">
         <path>.\common\source\</path>
         <kind>object</kind>
         <file>F2837xD_CpuTimers.obj</file>
         <name>F2837xD_CpuTimers.obj</name>
      </input_file>
      <input_file id="fl-d">
         <path>.\common\source\</path>
         <kind>object</kind>
         <file>F2837xD_DBGIER.obj</file>
         <name>F2837xD_DBGIER.obj</name>
      </input_file>
      <input_file id="fl-e">
         <path>.\common\source\</path>
         <kind>object</kind>
         <file>F2837xD_DefaultISR.obj</file>
         <name>F2837xD_DefaultISR.obj</name>
      </input_file>
      <input_file id="fl-f">
         <path>.\common\source\</path>
         <kind>object</kind>
         <file>F2837xD_Dma.obj</file>
         <name>F2837xD_Dma.obj</name>
      </input_file>
      <input_file id="fl-10">
         <path>.\common\source\</path>
         <kind>object</kind>
         <file>F2837xD_ECap.obj</file>
         <name>F2837xD_ECap.obj</name>
      </input_file>
      <input_file id="fl-11">
         <path>.\common\source\</path>
         <kind>object</kind>
         <file>F2837xD_EPwm.obj</file>
         <name>F2837xD_EPwm.obj</name>
      </input_file>
      <input_file id="fl-12">
         <path>.\common\source\</path>
         <kind>object</kind>
         <file>F2837xD_EQep.obj</file>
         <name>F2837xD_EQep.obj</name>
      </input_file>
      <input_file id="fl-13">
         <path>.\common\source\</path>
         <kind>object</kind>
         <file>F2837xD_Emif.obj</file>
         <name>F2837xD_Emif.obj</name>
      </input_file>
      <input_file id="fl-14">
         <path>.\common\source\</path>
         <kind>object</kind>
         <file>F2837xD_Gpio.obj</file>
         <name>F2837xD_Gpio.obj</name>
      </input_file>
      <input_file id="fl-15">
         <path>.\common\source\</path>
         <kind>object</kind>
         <file>F2837xD_I2C.obj</file>
         <name>F2837xD_I2C.obj</name>
      </input_file>
      <input_file id="fl-16">
         <path>.\common\source\</path>
         <kind>object</kind>
         <file>F2837xD_Ipc.obj</file>
         <name>F2837xD_Ipc.obj</name>
      </input_file>
      <input_file id="fl-17">
         <path>.\common\source\</path>
         <kind>object</kind>
         <file>F2837xD_Ipc_Driver.obj</file>
         <name>F2837xD_Ipc_Driver.obj</name>
      </input_file>
      <input_file id="fl-18">
         <path>.\common\source\</path>
         <kind>object</kind>
         <file>F2837xD_Ipc_Driver_Lite.obj</file>
         <name>F2837xD_Ipc_Driver_Lite.obj</name>
      </input_file>
      <input_file id="fl-19">
         <path>.\common\source\</path>
         <kind>object</kind>
         <file>F2837xD_Ipc_Driver_Util.obj</file>
         <name>F2837xD_Ipc_Driver_Util.obj</name>
      </input_file>
      <input_file id="fl-1a">
         <path>.\common\source\</path>
         <kind>object</kind>
         <file>F2837xD_Mcbsp.obj</file>
         <name>F2837xD_Mcbsp.obj</name>
      </input_file>
      <input_file id="fl-1b">
         <path>.\common\source\</path>
         <kind>object</kind>
         <file>F2837xD_PieCtrl.obj</file>
         <name>F2837xD_PieCtrl.obj</name>
      </input_file>
      <input_file id="fl-1c">
         <path>.\common\source\</path>
         <kind>object</kind>
         <file>F2837xD_PieVect.obj</file>
         <name>F2837xD_PieVect.obj</name>
      </input_file>
      <input_file id="fl-1d">
         <path>.\common\source\</path>
         <kind>object</kind>
         <file>F2837xD_Sci.obj</file>
         <name>F2837xD_Sci.obj</name>
      </input_file>
      <input_file id="fl-1e">
         <path>.\common\source\</path>
         <kind>object</kind>
         <file>F2837xD_Spi.obj</file>
         <name>F2837xD_Spi.obj</name>
      </input_file>
      <input_file id="fl-1f">
         <path>.\common\source\</path>
         <kind>object</kind>
         <file>F2837xD_SysCtrl.obj</file>
         <name>F2837xD_SysCtrl.obj</name>
      </input_file>
      <input_file id="fl-20">
         <path>.\common\source\</path>
         <kind>object</kind>
         <file>F2837xD_TempSensorConv.obj</file>
         <name>F2837xD_TempSensorConv.obj</name>
      </input_file>
      <input_file id="fl-21">
         <path>.\common\source\</path>
         <kind>object</kind>
         <file>F2837xD_Upp.obj</file>
         <name>F2837xD_Upp.obj</name>
      </input_file>
      <input_file id="fl-22">
         <path>.\common\source\</path>
         <kind>object</kind>
         <file>F2837xD_can.obj</file>
         <name>F2837xD_can.obj</name>
      </input_file>
      <input_file id="fl-23">
         <path>.\common\source\</path>
         <kind>object</kind>
         <file>F2837xD_sci_io.obj</file>
         <name>F2837xD_sci_io.obj</name>
      </input_file>
      <input_file id="fl-24">
         <path>.\common\source\</path>
         <kind>object</kind>
         <file>F2837xD_sdfm_drivers.obj</file>
         <name>F2837xD_sdfm_drivers.obj</name>
      </input_file>
      <input_file id="fl-25">
         <path>.\common\source\</path>
         <kind>object</kind>
         <file>F2837xD_struct.obj</file>
         <name>F2837xD_struct.obj</name>
      </input_file>
      <input_file id="fl-26">
         <path>.\common\source\</path>
         <kind>object</kind>
         <file>F2837xD_usDelay.obj</file>
         <name>F2837xD_usDelay.obj</name>
      </input_file>
      <input_file id="fl-27">
         <path>.\common\source\</path>
         <kind>object</kind>
         <file>device.obj</file>
         <name>device.obj</name>
      </input_file>
      <input_file id="fl-28">
         <path>.\headers\source\</path>
         <kind>object</kind>
         <file>F2837xD_GlobalVariableDefs.obj</file>
         <name>F2837xD_GlobalVariableDefs.obj</name>
      </input_file>
      <input_file id="fl-30">
         <kind>object</kind>
         <file>&lt;internal&gt;</file>
         <name>&lt;internal&gt;</name>
      </input_file>
      <input_file id="fl-31">
         <path>..\driverlib\</path>
         <kind>archive</kind>
         <file>driverlib.lib</file>
         <name>cputimer.obj</name>
      </input_file>
      <input_file id="fl-32">
         <path>..\driverlib\</path>
         <kind>archive</kind>
         <file>driverlib.lib</file>
         <name>flash.obj</name>
      </input_file>
      <input_file id="fl-33">
         <path>..\driverlib\</path>
         <kind>archive</kind>
         <file>driverlib.lib</file>
         <name>interrupt.obj</name>
      </input_file>
      <input_file id="fl-34">
         <path>..\driverlib\</path>
         <kind>archive</kind>
         <file>driverlib.lib</file>
         <name>sci.obj</name>
      </input_file>
      <input_file id="fl-40">
         <path>C:\ti\ccs1011\ccs\tools\compiler\ti-cgt-c2000_18.12.2.LTS\lib\</path>
         <kind>archive</kind>
         <file>rts2800_fpu32.lib</file>
         <name>boot28.asm.obj</name>
      </input_file>
      <input_file id="fl-41">
         <path>C:\ti\ccs1011\ccs\tools\compiler\ti-cgt-c2000_18.12.2.LTS\lib\</path>
         <kind>archive</kind>
         <file>rts2800_fpu32.lib</file>
         <name>ll_aox28.asm.obj</name>
      </input_file>
      <input_file id="fl-42">
         <path>C:\ti\ccs1011\ccs\tools\compiler\ti-cgt-c2000_18.12.2.LTS\lib\</path>
         <kind>archive</kind>
         <file>rts2800_fpu32.lib</file>
         <name>cpy_tbl.c.obj</name>
      </input_file>
      <input_file id="fl-43">
         <path>C:\ti\ccs1011\ccs\tools\compiler\ti-cgt-c2000_18.12.2.LTS\lib\</path>
         <kind>archive</kind>
         <file>rts2800_fpu32.lib</file>
         <name>memcpy.c.obj</name>
      </input_file>
      <input_file id="fl-44">
         <path>C:\ti\ccs1011\ccs\tools\compiler\ti-cgt-c2000_18.12.2.LTS\lib\</path>
         <kind>archive</kind>
         <file>rts2800_fpu32.lib</file>
         <name>pre_init.c.obj</name>
      </input_file>
      <input_file id="fl-45">
         <path>C:\ti\ccs1011\ccs\tools\compiler\ti-cgt-c2000_18.12.2.LTS\lib\</path>
         <kind>archive</kind>
         <file>rts2800_fpu32.lib</file>
         <name>startup.c.obj</name>
      </input_file>
      <input_file id="fl-46">
         <path>C:\ti\ccs1011\ccs\tools\compiler\ti-cgt-c2000_18.12.2.LTS\lib\</path>
         <kind>archive</kind>
         <file>rts2800_fpu32.lib</file>
         <name>exit.c.obj</name>
      </input_file>
      <input_file id="fl-47">
         <path>C:\ti\ccs1011\ccs\tools\compiler\ti-cgt-c2000_18.12.2.LTS\lib\</path>
         <kind>archive</kind>
         <file>rts2800_fpu32.lib</file>
         <name>_lock.c.obj</name>
      </input_file>
      <input_file id="fl-48">
         <path>C:\ti\ccs1011\ccs\tools\compiler\ti-cgt-c2000_18.12.2.LTS\lib\</path>
         <kind>archive</kind>
         <file>rts2800_fpu32.lib</file>
         <name>args_main.c.obj</name>
      </input_file>
      <input_file id="fl-49">
         <path>C:\ti\ccs1011\ccs\tools\compiler\ti-cgt-c2000_18.12.2.LTS\lib\</path>
         <kind>archive</kind>
         <file>rts2800_fpu32.lib</file>
         <name>memset.c.obj</name>
      </input_file>
   </input_file_list>
   <object_component_list>
      <object_component id="oc-217">
         <name>.cinit:_CRC16_TABLE</name>
         <load_address>0x82000</load_address>
         <run_address>0x82000</run_address>
         <size>0x103</size>
         <input_file_ref idref="fl-4"/>
      </object_component>
      <object_component id="oc-a4">
         <name>.cinit</name>
         <load_address>0x82103</load_address>
         <run_address>0x82103</run_address>
         <size>0x6a</size>
         <input_file_ref idref="fl-8"/>
      </object_component>
      <object_component id="oc-96">
         <name>.cinit</name>
         <load_address>0x8216d</load_address>
         <run_address>0x8216d</run_address>
         <size>0x30</size>
         <input_file_ref idref="fl-6"/>
      </object_component>
      <object_component id="oc-191">
         <name>.cinit:_EPWM</name>
         <load_address>0x8219d</load_address>
         <run_address>0x8219d</run_address>
         <size>0x1d</size>
         <input_file_ref idref="fl-25"/>
      </object_component>
      <object_component id="oc-169">
         <name>.cinit:_ECAP</name>
         <load_address>0x821ba</load_address>
         <run_address>0x821ba</run_address>
         <size>0x11</size>
         <input_file_ref idref="fl-25"/>
      </object_component>
      <object_component id="oc-1da">
         <name>.cinit</name>
         <load_address>0x821cb</load_address>
         <run_address>0x821cb</run_address>
         <size>0xe</size>
         <input_file_ref idref="fl-46"/>
      </object_component>
      <object_component id="oc-171">
         <name>.cinit:_EQEP</name>
         <load_address>0x821d9</load_address>
         <run_address>0x821d9</run_address>
         <size>0xb</size>
         <input_file_ref idref="fl-25"/>
      </object_component>
      <object_component id="oc-157">
         <name>.cinit:_SPI</name>
         <load_address>0x821e4</load_address>
         <run_address>0x821e4</run_address>
         <size>0xb</size>
         <input_file_ref idref="fl-25"/>
      </object_component>
      <object_component id="oc-18c">
         <name>.cinit:_SDFM</name>
         <load_address>0x821ef</load_address>
         <run_address>0x821ef</run_address>
         <size>0x9</size>
         <input_file_ref idref="fl-25"/>
      </object_component>
      <object_component id="oc-175">
         <name>.cinit:_I2C</name>
         <load_address>0x821f8</load_address>
         <run_address>0x821f8</run_address>
         <size>0x7</size>
         <input_file_ref idref="fl-25"/>
      </object_component>
      <object_component id="oc-17b">
         <name>.cinit:_MCBSP</name>
         <load_address>0x821ff</load_address>
         <run_address>0x821ff</run_address>
         <size>0x7</size>
         <input_file_ref idref="fl-25"/>
      </object_component>
      <object_component id="oc-152">
         <name>.cinit:_SCI</name>
         <load_address>0x82206</load_address>
         <run_address>0x82206</run_address>
         <size>0x7</size>
         <input_file_ref idref="fl-25"/>
      </object_component>
      <object_component id="oc-203">
         <name>.cinit:__lock</name>
         <load_address>0x8220d</load_address>
         <run_address>0x8220d</run_address>
         <size>0x5</size>
         <input_file_ref idref="fl-47"/>
      </object_component>
      <object_component id="oc-213">
         <name>.cinit:__unlock</name>
         <load_address>0x82212</load_address>
         <run_address>0x82212</run_address>
         <size>0x5</size>
         <input_file_ref idref="fl-47"/>
      </object_component>
      <object_component id="oc-12d">
         <name>.cinit</name>
         <load_address>0x82217</load_address>
         <run_address>0x82217</run_address>
         <size>0x4</size>
         <input_file_ref idref="fl-23"/>
      </object_component>
      <object_component id="oc-210">
         <name>.cinit:_SCIARxData</name>
         <load_address>0x8221b</load_address>
         <run_address>0x8221b</run_address>
         <size>0x4</size>
         <input_file_ref idref="fl-6"/>
      </object_component>
      <object_component id="oc-c8">
         <name>.text:retain</name>
         <load_address>0x82224</load_address>
         <run_address>0x82224</run_address>
         <size>0x585</size>
         <input_file_ref idref="fl-e"/>
      </object_component>
      <object_component id="oc-209">
         <name>.text</name>
         <load_address>0x827a9</load_address>
         <run_address>0x827a9</run_address>
         <size>0x1a3</size>
         <input_file_ref idref="fl-27"/>
      </object_component>
      <object_component id="oc-1f5">
         <name>.text</name>
         <load_address>0x8294c</load_address>
         <run_address>0x8294c</run_address>
         <size>0x14d</size>
         <input_file_ref idref="fl-6"/>
      </object_component>
      <object_component id="oc-201">
         <name>.text</name>
         <load_address>0x82a99</load_address>
         <run_address>0x82a99</run_address>
         <size>0xf6</size>
         <input_file_ref idref="fl-8"/>
      </object_component>
      <object_component id="oc-1f7">
         <name>.text</name>
         <load_address>0x82b8f</load_address>
         <run_address>0x82b8f</run_address>
         <size>0xda</size>
         <input_file_ref idref="fl-7"/>
      </object_component>
      <object_component id="oc-1f1">
         <name>.text</name>
         <load_address>0x82c69</load_address>
         <run_address>0x82c69</run_address>
         <size>0x1</size>
         <input_file_ref idref="fl-45"/>
      </object_component>
      <object_component id="oc-ac">
         <name>.text</name>
         <load_address>0x82c6a</load_address>
         <run_address>0x82c6a</run_address>
         <size>0x5d</size>
         <input_file_ref idref="fl-9"/>
      </object_component>
      <object_component id="oc-83">
         <name>.text</name>
         <load_address>0x82cc7</load_address>
         <run_address>0x82cc7</run_address>
         <size>0x56</size>
         <input_file_ref idref="fl-40"/>
      </object_component>
      <object_component id="oc-20c">
         <name>.text:_Interrupt_initModule</name>
         <load_address>0x82d1d</load_address>
         <run_address>0x82d1d</run_address>
         <size>0x54</size>
         <input_file_ref idref="fl-33"/>
      </object_component>
      <object_component id="oc-1f6">
         <name>.text:_SCI_clearInterruptStatus</name>
         <load_address>0x82d71</load_address>
         <run_address>0x82d71</run_address>
         <size>0x46</size>
         <input_file_ref idref="fl-34"/>
      </object_component>
      <object_component id="oc-206">
         <name>.text:_SCI_disableInterrupt</name>
         <load_address>0x82db7</load_address>
         <run_address>0x82db7</run_address>
         <size>0x46</size>
         <input_file_ref idref="fl-34"/>
      </object_component>
      <object_component id="oc-205">
         <name>.text:_SCI_enableInterrupt</name>
         <load_address>0x82dfd</load_address>
         <run_address>0x82dfd</run_address>
         <size>0x44</size>
         <input_file_ref idref="fl-34"/>
      </object_component>
      <object_component id="oc-204">
         <name>.text:_SCI_setConfig</name>
         <load_address>0x82e41</load_address>
         <run_address>0x82e41</run_address>
         <size>0x40</size>
         <input_file_ref idref="fl-34"/>
      </object_component>
      <object_component id="oc-20e">
         <name>.text:_Interrupt_enable</name>
         <load_address>0x82e81</load_address>
         <run_address>0x82e81</run_address>
         <size>0x33</size>
         <input_file_ref idref="fl-33"/>
      </object_component>
      <object_component id="oc-223">
         <name>.text:_Flash_setBankPowerUpDelay</name>
         <load_address>0x82eb4</load_address>
         <run_address>0x82eb4</run_address>
         <size>0x29</size>
         <input_file_ref idref="fl-32"/>
      </object_component>
      <object_component id="oc-1f3">
         <name>.text</name>
         <load_address>0x82edd</load_address>
         <run_address>0x82edd</run_address>
         <size>0x29</size>
         <input_file_ref idref="fl-46"/>
      </object_component>
      <object_component id="oc-1f0">
         <name>.text</name>
         <load_address>0x82f06</load_address>
         <run_address>0x82f06</run_address>
         <size>0x24</size>
         <input_file_ref idref="fl-42"/>
      </object_component>
      <object_component id="oc-20d">
         <name>.text:_Interrupt_initVectorTable</name>
         <load_address>0x82f2a</load_address>
         <run_address>0x82f2a</run_address>
         <size>0x20</size>
         <input_file_ref idref="fl-33"/>
      </object_component>
      <object_component id="oc-208">
         <name>.text:_SCI_isBaseValid</name>
         <load_address>0x82f4a</load_address>
         <run_address>0x82f4a</run_address>
         <size>0x1f</size>
         <input_file_ref idref="fl-34"/>
      </object_component>
      <object_component id="oc-200">
         <name>.text</name>
         <load_address>0x82f69</load_address>
         <run_address>0x82f69</run_address>
         <size>0x1d</size>
         <input_file_ref idref="fl-43"/>
      </object_component>
      <object_component id="oc-219">
         <name>.text:_CPUTimer_isBaseValid</name>
         <load_address>0x82f86</load_address>
         <run_address>0x82f86</run_address>
         <size>0x1a</size>
         <input_file_ref idref="fl-31"/>
      </object_component>
      <object_component id="oc-214">
         <name>.text:_SCI_disableModule</name>
         <load_address>0x82fa0</load_address>
         <run_address>0x82fa0</run_address>
         <size>0x19</size>
         <input_file_ref idref="fl-34"/>
      </object_component>
      <object_component id="oc-20a">
         <name>.text:_SCI_performSoftwareReset</name>
         <load_address>0x82fb9</load_address>
         <run_address>0x82fb9</run_address>
         <size>0x19</size>
         <input_file_ref idref="fl-34"/>
      </object_component>
      <object_component id="oc-1f2">
         <name>.text</name>
         <load_address>0x82fd2</load_address>
         <run_address>0x82fd2</run_address>
         <size>0x19</size>
         <input_file_ref idref="fl-48"/>
      </object_component>
      <object_component id="oc-1c0">
         <name>.text</name>
         <load_address>0x82feb</load_address>
         <run_address>0x82feb</run_address>
         <size>0x18</size>
         <input_file_ref idref="fl-41"/>
      </object_component>
      <object_component id="oc-215">
         <name>.text:_SCI_enableModule</name>
         <load_address>0x83003</load_address>
         <run_address>0x83003</run_address>
         <size>0x14</size>
         <input_file_ref idref="fl-34"/>
      </object_component>
      <object_component id="oc-20b">
         <name>.text:_CPUTimer_setEmulationMode</name>
         <load_address>0x83017</load_address>
         <run_address>0x83017</run_address>
         <size>0x13</size>
         <input_file_ref idref="fl-31"/>
      </object_component>
      <object_component id="oc-221">
         <name>.text:_Flash_isCtrlBaseValid</name>
         <load_address>0x8302a</load_address>
         <run_address>0x8302a</run_address>
         <size>0x10</size>
         <input_file_ref idref="fl-32"/>
      </object_component>
      <object_component id="oc-222">
         <name>.text:_Flash_isECCBaseValid</name>
         <load_address>0x8303a</load_address>
         <run_address>0x8303a</run_address>
         <size>0x10</size>
         <input_file_ref idref="fl-32"/>
      </object_component>
      <object_component id="oc-21b">
         <name>.text:_Interrupt_defaultHandler</name>
         <load_address>0x8304a</load_address>
         <run_address>0x8304a</run_address>
         <size>0xe</size>
         <input_file_ref idref="fl-33"/>
      </object_component>
      <object_component id="oc-21a">
         <name>.text:_Interrupt_disableMaster</name>
         <load_address>0x83058</load_address>
         <run_address>0x83058</run_address>
         <size>0xd</size>
         <input_file_ref idref="fl-33"/>
      </object_component>
      <object_component id="oc-21e">
         <name>.text:_Interrupt_enableMaster</name>
         <load_address>0x83065</load_address>
         <run_address>0x83065</run_address>
         <size>0xd</size>
         <input_file_ref idref="fl-33"/>
      </object_component>
      <object_component id="oc-212">
         <name>.text</name>
         <load_address>0x83072</load_address>
         <run_address>0x83072</run_address>
         <size>0x9</size>
         <input_file_ref idref="fl-47"/>
      </object_component>
      <object_component id="oc-b6">
         <name>.text</name>
         <load_address>0x8307b</load_address>
         <run_address>0x8307b</run_address>
         <size>0x8</size>
         <input_file_ref idref="fl-b"/>
      </object_component>
      <object_component id="oc-c2">
         <name>.text</name>
         <load_address>0x83083</load_address>
         <run_address>0x83083</run_address>
         <size>0x3</size>
         <input_file_ref idref="fl-d"/>
      </object_component>
      <object_component id="oc-21d">
         <name>.text:_Interrupt_illegalOperationHandler</name>
         <load_address>0x83086</load_address>
         <run_address>0x83086</run_address>
         <size>0x2</size>
         <input_file_ref idref="fl-33"/>
      </object_component>
      <object_component id="oc-21c">
         <name>.text:_Interrupt_nmiHandler</name>
         <load_address>0x83088</load_address>
         <run_address>0x83088</run_address>
         <size>0x2</size>
         <input_file_ref idref="fl-33"/>
      </object_component>
      <object_component id="oc-1ef">
         <name>.text</name>
         <load_address>0x8308a</load_address>
         <run_address>0x8308a</run_address>
         <size>0x2</size>
         <input_file_ref idref="fl-44"/>
      </object_component>
      <object_component id="oc-b7">
         <name>codestart</name>
         <load_address>0x80000</load_address>
         <run_address>0x80000</run_address>
         <size>0x2</size>
         <input_file_ref idref="fl-b"/>
      </object_component>
      <object_component id="oc-1ba">
         <name>.stack</name>
         <uninitialized>true</uninitialized>
         <run_address>0x122</run_address>
         <size>0x0</size>
         <input_file_ref idref="fl-40"/>
      </object_component>
      <object_component id="oc-2b4">
         <name>.stack</name>
         <uninitialized>true</uninitialized>
         <run_address>0x122</run_address>
         <size>0x0</size>
      </object_component>
      <object_component id="oc-216">
         <name>.ebss:_CRC16_TABLE</name>
         <uninitialized>true</uninitialized>
         <run_address>0x8ac0</run_address>
         <size>0x100</size>
         <input_file_ref idref="fl-4"/>
      </object_component>
      <object_component id="oc-97">
         <name>.ebss</name>
         <uninitialized>true</uninitialized>
         <run_address>0x8c00</run_address>
         <size>0xf</size>
         <input_file_ref idref="fl-6"/>
      </object_component>
      <object_component id="oc-20f">
         <name>.ebss:_SCIARxData</name>
         <uninitialized>true</uninitialized>
         <run_address>0x8800</run_address>
         <size>0x2b8</size>
         <input_file_ref idref="fl-6"/>
      </object_component>
      <object_component id="oc-a5">
         <name>.ebss</name>
         <uninitialized>true</uninitialized>
         <run_address>0x8c0f</run_address>
         <size>0xd</size>
         <input_file_ref idref="fl-8"/>
      </object_component>
      <object_component id="oc-bd">
         <name>.ebss</name>
         <uninitialized>true</uninitialized>
         <run_address>0x8bda</run_address>
         <size>0x18</size>
         <input_file_ref idref="fl-c"/>
      </object_component>
      <object_component id="oc-120">
         <name>.ebss</name>
         <uninitialized>true</uninitialized>
         <run_address>0x8c24</run_address>
         <size>0x6</size>
         <input_file_ref idref="fl-20"/>
      </object_component>
      <object_component id="oc-12e">
         <name>.ebss</name>
         <uninitialized>true</uninitialized>
         <run_address>0x8c46</run_address>
         <size>0x1</size>
         <input_file_ref idref="fl-23"/>
      </object_component>
      <object_component id="oc-1fc">
         <name>.ebss:_I2C</name>
         <uninitialized>true</uninitialized>
         <run_address>0x8c36</run_address>
         <size>0x4</size>
         <input_file_ref idref="fl-25"/>
      </object_component>
      <object_component id="oc-1fd">
         <name>.ebss:_MCBSP</name>
         <uninitialized>true</uninitialized>
         <run_address>0x8c3a</run_address>
         <size>0x4</size>
         <input_file_ref idref="fl-25"/>
      </object_component>
      <object_component id="oc-1f8">
         <name>.ebss:_SCI</name>
         <uninitialized>true</uninitialized>
         <run_address>0x8c40</run_address>
         <size>0x4</size>
         <input_file_ref idref="fl-25"/>
      </object_component>
      <object_component id="oc-1fe">
         <name>.ebss:_SDFM</name>
         <uninitialized>true</uninitialized>
         <run_address>0x8c2a</run_address>
         <size>0x6</size>
         <input_file_ref idref="fl-25"/>
      </object_component>
      <object_component id="oc-1fb">
         <name>.ebss:_EQEP</name>
         <uninitialized>true</uninitialized>
         <run_address>0x8ab8</run_address>
         <size>0x8</size>
         <input_file_ref idref="fl-25"/>
      </object_component>
      <object_component id="oc-1f9">
         <name>.ebss:_SPI</name>
         <uninitialized>true</uninitialized>
         <run_address>0x8c1c</run_address>
         <size>0x8</size>
         <input_file_ref idref="fl-25"/>
      </object_component>
      <object_component id="oc-1fa">
         <name>.ebss:_ECAP</name>
         <uninitialized>true</uninitialized>
         <run_address>0x8bf2</run_address>
         <size>0xe</size>
         <input_file_ref idref="fl-25"/>
      </object_component>
      <object_component id="oc-1ff">
         <name>.ebss:_EPWM</name>
         <uninitialized>true</uninitialized>
         <run_address>0x8bc0</run_address>
         <size>0x1a</size>
         <input_file_ref idref="fl-25"/>
      </object_component>
      <object_component id="oc-1db">
         <name>.ebss</name>
         <uninitialized>true</uninitialized>
         <run_address>0x8c30</run_address>
         <size>0x6</size>
         <input_file_ref idref="fl-46"/>
      </object_component>
      <object_component id="oc-202">
         <name>.ebss:__lock</name>
         <uninitialized>true</uninitialized>
         <run_address>0x8c3e</run_address>
         <size>0x2</size>
         <input_file_ref idref="fl-47"/>
      </object_component>
      <object_component id="oc-220">
         <name>.ebss:__unlock</name>
         <uninitialized>true</uninitialized>
         <run_address>0x8c44</run_address>
         <size>0x2</size>
         <input_file_ref idref="fl-47"/>
      </object_component>
      <object_component id="oc-1a9">
         <name>.econst:.string</name>
         <load_address>0x90000</load_address>
         <run_address>0x90000</run_address>
         <size>0xcb</size>
         <input_file_ref idref="fl-32"/>
      </object_component>
      <object_component id="oc-1b5">
         <name>.econst:.string</name>
         <load_address>0x900cc</load_address>
         <run_address>0x900cc</run_address>
         <size>0xc7</size>
         <input_file_ref idref="fl-34"/>
      </object_component>
      <object_component id="oc-1af">
         <name>.econst:.string</name>
         <load_address>0x90194</load_address>
         <run_address>0x90194</run_address>
         <size>0x69</size>
         <input_file_ref idref="fl-33"/>
      </object_component>
      <object_component id="oc-1a3">
         <name>.econst:.string</name>
         <load_address>0x901fe</load_address>
         <run_address>0x901fe</run_address>
         <size>0x68</size>
         <input_file_ref idref="fl-31"/>
      </object_component>
      <object_component id="oc-21f">
         <name>.econst:_$P$T0$1</name>
         <load_address>0x90266</load_address>
         <run_address>0x90266</run_address>
         <size>0x5</size>
         <input_file_ref idref="fl-3"/>
      </object_component>
      <object_component id="oc-1bb">
         <name>.reset</name>
         <load_address>0x3fffc0</load_address>
         <run_address>0x3fffc0</run_address>
         <size>0x2</size>
         <input_file_ref idref="fl-40"/>
      </object_component>
      <object_component id="oc-a6">
         <name>SHARE_GSRAM_CPU1</name>
         <uninitialized>true</uninitialized>
         <run_address>0x17000</run_address>
         <size>0x1e50</size>
         <input_file_ref idref="fl-8"/>
      </object_component>
      <object_component id="oc-a7">
         <name>SHARE_GSRAM_CPU2</name>
         <uninitialized>true</uninitialized>
         <run_address>0x1a000</run_address>
         <size>0x1f88</size>
         <input_file_ref idref="fl-8"/>
      </object_component>
      <object_component id="oc-1f4">
         <name>.TI.ramfunc</name>
         <load_address>0x86000</load_address>
         <run_address>0xa800</run_address>
         <size>0xa7</size>
         <input_file_ref idref="fl-6"/>
      </object_component>
      <object_component id="oc-98">
         <name>.TI.ramfunc:retain</name>
         <load_address>0x860a7</load_address>
         <run_address>0xa8a7</run_address>
         <size>0x85</size>
         <input_file_ref idref="fl-6"/>
      </object_component>
      <object_component id="oc-211">
         <name>.TI.ramfunc</name>
         <load_address>0x8612c</load_address>
         <run_address>0xa92c</run_address>
         <size>0x79</size>
         <input_file_ref idref="fl-3"/>
      </object_component>
      <object_component id="oc-9e">
         <name>.TI.ramfunc:retain</name>
         <load_address>0x861a5</load_address>
         <run_address>0xa9a5</run_address>
         <size>0x4c</size>
         <input_file_ref idref="fl-7"/>
      </object_component>
      <object_component id="oc-218">
         <name>.TI.ramfunc:_Flash_initModule</name>
         <load_address>0x861f1</load_address>
         <run_address>0xa9f1</run_address>
         <size>0x43</size>
         <input_file_ref idref="fl-32"/>
      </object_component>
      <object_component id="oc-224">
         <name>.TI.ramfunc:_Flash_setBankPowerMode</name>
         <load_address>0x86234</load_address>
         <run_address>0xaa34</run_address>
         <size>0x32</size>
         <input_file_ref idref="fl-32"/>
      </object_component>
      <object_component id="oc-228">
         <name>.TI.ramfunc:_Flash_setWaitstates</name>
         <load_address>0x86266</load_address>
         <run_address>0xaa66</run_address>
         <size>0x26</size>
         <input_file_ref idref="fl-32"/>
      </object_component>
      <object_component id="oc-207">
         <name>.TI.ramfunc</name>
         <load_address>0x8628c</load_address>
         <run_address>0xaa8c</run_address>
         <size>0x20</size>
         <input_file_ref idref="fl-4"/>
      </object_component>
      <object_component id="oc-225">
         <name>.TI.ramfunc:_Flash_setPumpPowerMode</name>
         <load_address>0x862ac</load_address>
         <run_address>0xaaac</run_address>
         <size>0x1f</size>
         <input_file_ref idref="fl-32"/>
      </object_component>
      <object_component id="oc-226">
         <name>.TI.ramfunc:_Flash_disableCache</name>
         <load_address>0x862cb</load_address>
         <run_address>0xaacb</run_address>
         <size>0x18</size>
         <input_file_ref idref="fl-32"/>
      </object_component>
      <object_component id="oc-227">
         <name>.TI.ramfunc:_Flash_disablePrefetch</name>
         <load_address>0x862e3</load_address>
         <run_address>0xaae3</run_address>
         <size>0x18</size>
         <input_file_ref idref="fl-32"/>
      </object_component>
      <object_component id="oc-229">
         <name>.TI.ramfunc:_Flash_enableCache</name>
         <load_address>0x862fb</load_address>
         <run_address>0xaafb</run_address>
         <size>0x18</size>
         <input_file_ref idref="fl-32"/>
      </object_component>
      <object_component id="oc-22a">
         <name>.TI.ramfunc:_Flash_enablePrefetch</name>
         <load_address>0x86313</load_address>
         <run_address>0xab13</run_address>
         <size>0x18</size>
         <input_file_ref idref="fl-32"/>
      </object_component>
      <object_component id="oc-22b">
         <name>.TI.ramfunc:_Flash_enableECC</name>
         <load_address>0x8632b</load_address>
         <run_address>0xab2b</run_address>
         <size>0x17</size>
         <input_file_ref idref="fl-32"/>
      </object_component>
      <object_component id="oc-13a">
         <name>.TI.ramfunc</name>
         <load_address>0x86342</load_address>
         <run_address>0xab42</run_address>
         <size>0x4</size>
         <input_file_ref idref="fl-26"/>
      </object_component>
      <object_component id="oc-f5">
         <name>PUTBUFFER</name>
         <uninitialized>true</uninitialized>
         <run_address>0x3f800</run_address>
         <size>0x80</size>
         <input_file_ref idref="fl-17"/>
      </object_component>
      <object_component id="oc-f0">
         <name>PUTWRITEIDX</name>
         <uninitialized>true</uninitialized>
         <run_address>0x3f880</run_address>
         <size>0x4</size>
         <input_file_ref idref="fl-17"/>
      </object_component>
      <object_component id="oc-f3">
         <name>GETREADIDX</name>
         <uninitialized>true</uninitialized>
         <run_address>0x3f884</run_address>
         <size>0x4</size>
         <input_file_ref idref="fl-17"/>
      </object_component>
      <object_component id="oc-f4">
         <name>GETBUFFER</name>
         <uninitialized>true</uninitialized>
         <run_address>0x3fc00</run_address>
         <size>0x80</size>
         <input_file_ref idref="fl-17"/>
      </object_component>
      <object_component id="oc-f2">
         <name>GETWRITEIDX</name>
         <uninitialized>true</uninitialized>
         <run_address>0x3fc80</run_address>
         <size>0x4</size>
         <input_file_ref idref="fl-17"/>
      </object_component>
      <object_component id="oc-f1">
         <name>PUTREADIDX</name>
         <uninitialized>true</uninitialized>
         <run_address>0x3fc84</run_address>
         <size>0x4</size>
         <input_file_ref idref="fl-17"/>
      </object_component>
      <object_component id="oc-1a0">
         <name>PieVectTableFile</name>
         <uninitialized>true</uninitialized>
         <run_address>0xd00</run_address>
         <size>0x1c0</size>
         <input_file_ref idref="fl-28"/>
      </object_component>
      <object_component id="oc-145">
         <name>EmuBModeVar</name>
         <uninitialized>true</uninitialized>
         <run_address>0xd00</run_address>
         <size>0x1</size>
         <input_file_ref idref="fl-28"/>
      </object_component>
      <object_component id="oc-15a">
         <name>AdcaResultFile</name>
         <uninitialized>true</uninitialized>
         <run_address>0xb00</run_address>
         <size>0x18</size>
         <input_file_ref idref="fl-28"/>
      </object_component>
      <object_component id="oc-15b">
         <name>AdcbResultFile</name>
         <uninitialized>true</uninitialized>
         <run_address>0xb20</run_address>
         <size>0x18</size>
         <input_file_ref idref="fl-28"/>
      </object_component>
      <object_component id="oc-15c">
         <name>AdccResultFile</name>
         <uninitialized>true</uninitialized>
         <run_address>0xb40</run_address>
         <size>0x18</size>
         <input_file_ref idref="fl-28"/>
      </object_component>
      <object_component id="oc-15d">
         <name>AdcdResultFile</name>
         <uninitialized>true</uninitialized>
         <run_address>0xb60</run_address>
         <size>0x18</size>
         <input_file_ref idref="fl-28"/>
      </object_component>
      <object_component id="oc-186">
         <name>AdcaRegsFile</name>
         <uninitialized>true</uninitialized>
         <run_address>0x7400</run_address>
         <size>0x80</size>
         <input_file_ref idref="fl-28"/>
      </object_component>
      <object_component id="oc-187">
         <name>AdcbRegsFile</name>
         <uninitialized>true</uninitialized>
         <run_address>0x7480</run_address>
         <size>0x80</size>
         <input_file_ref idref="fl-28"/>
      </object_component>
      <object_component id="oc-188">
         <name>AdccRegsFile</name>
         <uninitialized>true</uninitialized>
         <run_address>0x7500</run_address>
         <size>0x80</size>
         <input_file_ref idref="fl-28"/>
      </object_component>
      <object_component id="oc-189">
         <name>AdcdRegsFile</name>
         <uninitialized>true</uninitialized>
         <run_address>0x7580</run_address>
         <size>0x80</size>
         <input_file_ref idref="fl-28"/>
      </object_component>
      <object_component id="oc-19d">
         <name>CanaRegsFile</name>
         <uninitialized>true</uninitialized>
         <run_address>0x48000</run_address>
         <size>0x164</size>
         <input_file_ref idref="fl-28"/>
      </object_component>
      <object_component id="oc-19e">
         <name>CanbRegsFile</name>
         <uninitialized>true</uninitialized>
         <run_address>0x4a000</run_address>
         <size>0x164</size>
         <input_file_ref idref="fl-28"/>
      </object_component>
      <object_component id="oc-181">
         <name>Cla1RegsFile</name>
         <uninitialized>true</uninitialized>
         <run_address>0x1400</run_address>
         <size>0x3e</size>
         <input_file_ref idref="fl-28"/>
      </object_component>
      <object_component id="oc-147">
         <name>Cla1SoftIntRegsFile</name>
         <uninitialized>true</uninitialized>
         <run_address>0xce0</run_address>
         <size>0x4</size>
         <input_file_ref idref="fl-28"/>
      </object_component>
      <object_component id="oc-160">
         <name>Cmpss1RegsFile</name>
         <uninitialized>true</uninitialized>
         <run_address>0x5c80</run_address>
         <size>0x20</size>
         <input_file_ref idref="fl-28"/>
      </object_component>
      <object_component id="oc-161">
         <name>Cmpss2RegsFile</name>
         <uninitialized>true</uninitialized>
         <run_address>0x5ca0</run_address>
         <size>0x20</size>
         <input_file_ref idref="fl-28"/>
      </object_component>
      <object_component id="oc-162">
         <name>Cmpss3RegsFile</name>
         <uninitialized>true</uninitialized>
         <run_address>0x5cc0</run_address>
         <size>0x20</size>
         <input_file_ref idref="fl-28"/>
      </object_component>
      <object_component id="oc-163">
         <name>Cmpss4RegsFile</name>
         <uninitialized>true</uninitialized>
         <run_address>0x5ce0</run_address>
         <size>0x20</size>
         <input_file_ref idref="fl-28"/>
      </object_component>
      <object_component id="oc-164">
         <name>Cmpss5RegsFile</name>
         <uninitialized>true</uninitialized>
         <run_address>0x5d00</run_address>
         <size>0x20</size>
         <input_file_ref idref="fl-28"/>
      </object_component>
      <object_component id="oc-165">
         <name>Cmpss6RegsFile</name>
         <uninitialized>true</uninitialized>
         <run_address>0x5d20</run_address>
         <size>0x20</size>
         <input_file_ref idref="fl-28"/>
      </object_component>
      <object_component id="oc-166">
         <name>Cmpss7RegsFile</name>
         <uninitialized>true</uninitialized>
         <run_address>0x5d40</run_address>
         <size>0x20</size>
         <input_file_ref idref="fl-28"/>
      </object_component>
      <object_component id="oc-167">
         <name>Cmpss8RegsFile</name>
         <uninitialized>true</uninitialized>
         <run_address>0x5d60</run_address>
         <size>0x20</size>
         <input_file_ref idref="fl-28"/>
      </object_component>
      <object_component id="oc-14c">
         <name>CpuTimer0RegsFile</name>
         <uninitialized>true</uninitialized>
         <run_address>0xc00</run_address>
         <size>0x8</size>
         <input_file_ref idref="fl-28"/>
      </object_component>
      <object_component id="oc-14d">
         <name>CpuTimer1RegsFile</name>
         <uninitialized>true</uninitialized>
         <run_address>0xc08</run_address>
         <size>0x8</size>
         <input_file_ref idref="fl-28"/>
      </object_component>
      <object_component id="oc-14e">
         <name>CpuTimer2RegsFile</name>
         <uninitialized>true</uninitialized>
         <run_address>0xc10</run_address>
         <size>0x8</size>
         <input_file_ref idref="fl-28"/>
      </object_component>
      <object_component id="oc-149">
         <name>DacaRegsFile</name>
         <uninitialized>true</uninitialized>
         <run_address>0x5c00</run_address>
         <size>0x8</size>
         <input_file_ref idref="fl-28"/>
      </object_component>
      <object_component id="oc-14a">
         <name>DacbRegsFile</name>
         <uninitialized>true</uninitialized>
         <run_address>0x5c10</run_address>
         <size>0x8</size>
         <input_file_ref idref="fl-28"/>
      </object_component>
      <object_component id="oc-14b">
         <name>DaccRegsFile</name>
         <uninitialized>true</uninitialized>
         <run_address>0x5c20</run_address>
         <size>0x8</size>
         <input_file_ref idref="fl-28"/>
      </object_component>
      <object_component id="oc-177">
         <name>DcsmZ1RegsFile</name>
         <uninitialized>true</uninitialized>
         <run_address>0x5f000</run_address>
         <size>0x24</size>
         <input_file_ref idref="fl-28"/>
      </object_component>
      <object_component id="oc-178">
         <name>DcsmZ2RegsFile</name>
         <uninitialized>true</uninitialized>
         <run_address>0x5f040</run_address>
         <size>0x24</size>
         <input_file_ref idref="fl-28"/>
      </object_component>
      <object_component id="oc-14f">
         <name>DcsmCommonRegsFile</name>
         <uninitialized>true</uninitialized>
         <run_address>0x5f070</run_address>
         <size>0x8</size>
         <input_file_ref idref="fl-28"/>
      </object_component>
      <object_component id="oc-18f">
         <name>DmaRegsFile</name>
         <uninitialized>true</uninitialized>
         <run_address>0x1000</run_address>
         <size>0xe0</size>
         <input_file_ref idref="fl-28"/>
      </object_component>
      <object_component id="oc-15e">
         <name>DmaClaSrcSelRegsFile</name>
         <uninitialized>true</uninitialized>
         <run_address>0x7980</run_address>
         <size>0x1a</size>
         <input_file_ref idref="fl-28"/>
      </object_component>
      <object_component id="oc-168">
         <name>ECap1RegsFile</name>
         <uninitialized>true</uninitialized>
         <run_address>0x5000</run_address>
         <size>0x20</size>
         <input_file_ref idref="fl-28"/>
      </object_component>
      <object_component id="oc-16a">
         <name>ECap2RegsFile</name>
         <uninitialized>true</uninitialized>
         <run_address>0x5020</run_address>
         <size>0x20</size>
         <input_file_ref idref="fl-28"/>
      </object_component>
      <object_component id="oc-16b">
         <name>ECap3RegsFile</name>
         <uninitialized>true</uninitialized>
         <run_address>0x5040</run_address>
         <size>0x20</size>
         <input_file_ref idref="fl-28"/>
      </object_component>
      <object_component id="oc-16c">
         <name>ECap4RegsFile</name>
         <uninitialized>true</uninitialized>
         <run_address>0x5060</run_address>
         <size>0x20</size>
         <input_file_ref idref="fl-28"/>
      </object_component>
      <object_component id="oc-16d">
         <name>ECap5RegsFile</name>
         <uninitialized>true</uninitialized>
         <run_address>0x5080</run_address>
         <size>0x20</size>
         <input_file_ref idref="fl-28"/>
      </object_component>
      <object_component id="oc-16e">
         <name>ECap6RegsFile</name>
         <uninitialized>true</uninitialized>
         <run_address>0x50a0</run_address>
         <size>0x20</size>
         <input_file_ref idref="fl-28"/>
      </object_component>
      <object_component id="oc-184">
         <name>Emif1RegsFile</name>
         <uninitialized>true</uninitialized>
         <run_address>0x47000</run_address>
         <size>0x70</size>
         <input_file_ref idref="fl-28"/>
      </object_component>
      <object_component id="oc-185">
         <name>Emif2RegsFile</name>
         <uninitialized>true</uninitialized>
         <run_address>0x47800</run_address>
         <size>0x70</size>
         <input_file_ref idref="fl-28"/>
      </object_component>
      <object_component id="oc-190">
         <name>EPwm1RegsFile</name>
         <uninitialized>true</uninitialized>
         <run_address>0x4000</run_address>
         <size>0x100</size>
         <input_file_ref idref="fl-28"/>
      </object_component>
      <object_component id="oc-192">
         <name>EPwm2RegsFile</name>
         <uninitialized>true</uninitialized>
         <run_address>0x4100</run_address>
         <size>0x100</size>
         <input_file_ref idref="fl-28"/>
      </object_component>
      <object_component id="oc-193">
         <name>EPwm3RegsFile</name>
         <uninitialized>true</uninitialized>
         <run_address>0x4200</run_address>
         <size>0x100</size>
         <input_file_ref idref="fl-28"/>
      </object_component>
      <object_component id="oc-194">
         <name>EPwm4RegsFile</name>
         <uninitialized>true</uninitialized>
         <run_address>0x4300</run_address>
         <size>0x100</size>
         <input_file_ref idref="fl-28"/>
      </object_component>
      <object_component id="oc-195">
         <name>EPwm5RegsFile</name>
         <uninitialized>true</uninitialized>
         <run_address>0x4400</run_address>
         <size>0x100</size>
         <input_file_ref idref="fl-28"/>
      </object_component>
      <object_component id="oc-196">
         <name>EPwm6RegsFile</name>
         <uninitialized>true</uninitialized>
         <run_address>0x4500</run_address>
         <size>0x100</size>
         <input_file_ref idref="fl-28"/>
      </object_component>
      <object_component id="oc-197">
         <name>EPwm7RegsFile</name>
         <uninitialized>true</uninitialized>
         <run_address>0x4600</run_address>
         <size>0x100</size>
         <input_file_ref idref="fl-28"/>
      </object_component>
      <object_component id="oc-198">
         <name>EPwm8RegsFile</name>
         <uninitialized>true</uninitialized>
         <run_address>0x4700</run_address>
         <size>0x100</size>
         <input_file_ref idref="fl-28"/>
      </object_component>
      <object_component id="oc-199">
         <name>EPwm9RegsFile</name>
         <uninitialized>true</uninitialized>
         <run_address>0x4800</run_address>
         <size>0x100</size>
         <input_file_ref idref="fl-28"/>
      </object_component>
      <object_component id="oc-19a">
         <name>EPwm10RegsFile</name>
         <uninitialized>true</uninitialized>
         <run_address>0x4900</run_address>
         <size>0x100</size>
         <input_file_ref idref="fl-28"/>
      </object_component>
      <object_component id="oc-19b">
         <name>EPwm11RegsFile</name>
         <uninitialized>true</uninitialized>
         <run_address>0x4a00</run_address>
         <size>0x100</size>
         <input_file_ref idref="fl-28"/>
      </object_component>
      <object_component id="oc-19c">
         <name>EPwm12RegsFile</name>
         <uninitialized>true</uninitialized>
         <run_address>0x4b00</run_address>
         <size>0x100</size>
         <input_file_ref idref="fl-28"/>
      </object_component>
      <object_component id="oc-170">
         <name>EQep1RegsFile</name>
         <uninitialized>true</uninitialized>
         <run_address>0x5100</run_address>
         <size>0x22</size>
         <input_file_ref idref="fl-28"/>
      </object_component>
      <object_component id="oc-172">
         <name>EQep2RegsFile</name>
         <uninitialized>true</uninitialized>
         <run_address>0x5140</run_address>
         <size>0x22</size>
         <input_file_ref idref="fl-28"/>
      </object_component>
      <object_component id="oc-173">
         <name>EQep3RegsFile</name>
         <uninitialized>true</uninitialized>
         <run_address>0x5180</run_address>
         <size>0x22</size>
         <input_file_ref idref="fl-28"/>
      </object_component>
      <object_component id="oc-19f">
         <name>Flash0CtrlRegsFile</name>
         <uninitialized>true</uninitialized>
         <run_address>0x5f800</run_address>
         <size>0x182</size>
         <input_file_ref idref="fl-28"/>
      </object_component>
      <object_component id="oc-17d">
         <name>Flash0EccRegsFile</name>
         <uninitialized>true</uninitialized>
         <run_address>0x5fb00</run_address>
         <size>0x28</size>
         <input_file_ref idref="fl-28"/>
      </object_component>
      <object_component id="oc-17f">
         <name>GpioDataRegsFile</name>
         <uninitialized>true</uninitialized>
         <run_address>0x7f00</run_address>
         <size>0x30</size>
         <input_file_ref idref="fl-28"/>
      </object_component>
      <object_component id="oc-174">
         <name>I2caRegsFile</name>
         <uninitialized>true</uninitialized>
         <run_address>0x7300</run_address>
         <size>0x22</size>
         <input_file_ref idref="fl-28"/>
      </object_component>
      <object_component id="oc-176">
         <name>I2cbRegsFile</name>
         <uninitialized>true</uninitialized>
         <run_address>0x7340</run_address>
         <size>0x22</size>
         <input_file_ref idref="fl-28"/>
      </object_component>
      <object_component id="oc-179">
         <name>IpcRegsFile</name>
         <uninitialized>true</uninitialized>
         <run_address>0x50000</run_address>
         <size>0x24</size>
         <input_file_ref idref="fl-28"/>
      </object_component>
      <object_component id="oc-146">
         <name>FlashPumpSemaphoreRegsFile</name>
         <uninitialized>true</uninitialized>
         <run_address>0x50024</run_address>
         <size>0x2</size>
         <input_file_ref idref="fl-28"/>
      </object_component>
      <object_component id="oc-18a">
         <name>MemCfgRegsFile</name>
         <uninitialized>true</uninitialized>
         <run_address>0x5f400</run_address>
         <size>0x80</size>
         <input_file_ref idref="fl-28"/>
      </object_component>
      <object_component id="oc-16f">
         <name>Emif1ConfigRegsFile</name>
         <uninitialized>true</uninitialized>
         <run_address>0x5f480</run_address>
         <size>0x20</size>
         <input_file_ref idref="fl-28"/>
      </object_component>
      <object_component id="oc-182">
         <name>AccessProtectionRegsFile</name>
         <uninitialized>true</uninitialized>
         <run_address>0x5f4c0</run_address>
         <size>0x40</size>
         <input_file_ref idref="fl-28"/>
      </object_component>
      <object_component id="oc-183">
         <name>MemoryErrorRegsFile</name>
         <uninitialized>true</uninitialized>
         <run_address>0x5f500</run_address>
         <size>0x40</size>
         <input_file_ref idref="fl-28"/>
      </object_component>
      <object_component id="oc-17a">
         <name>McbspaRegsFile</name>
         <uninitialized>true</uninitialized>
         <run_address>0x6000</run_address>
         <size>0x24</size>
         <input_file_ref idref="fl-28"/>
      </object_component>
      <object_component id="oc-17c">
         <name>McbspbRegsFile</name>
         <uninitialized>true</uninitialized>
         <run_address>0x6040</run_address>
         <size>0x24</size>
         <input_file_ref idref="fl-28"/>
      </object_component>
      <object_component id="oc-148">
         <name>NmiIntruptRegsFile</name>
         <uninitialized>true</uninitialized>
         <run_address>0x7060</run_address>
         <size>0x7</size>
         <input_file_ref idref="fl-28"/>
      </object_component>
      <object_component id="oc-15f">
         <name>PieCtrlRegsFile</name>
         <uninitialized>true</uninitialized>
         <run_address>0xce0</run_address>
         <size>0x1a</size>
         <input_file_ref idref="fl-28"/>
      </object_component>
      <object_component id="oc-151">
         <name>SciaRegsFile</name>
         <uninitialized>true</uninitialized>
         <run_address>0x7200</run_address>
         <size>0x10</size>
         <input_file_ref idref="fl-28"/>
      </object_component>
      <object_component id="oc-153">
         <name>ScibRegsFile</name>
         <uninitialized>true</uninitialized>
         <run_address>0x7210</run_address>
         <size>0x10</size>
         <input_file_ref idref="fl-28"/>
      </object_component>
      <object_component id="oc-154">
         <name>ScicRegsFile</name>
         <uninitialized>true</uninitialized>
         <run_address>0x7220</run_address>
         <size>0x10</size>
         <input_file_ref idref="fl-28"/>
      </object_component>
      <object_component id="oc-155">
         <name>ScidRegsFile</name>
         <uninitialized>true</uninitialized>
         <run_address>0x7230</run_address>
         <size>0x10</size>
         <input_file_ref idref="fl-28"/>
      </object_component>
      <object_component id="oc-18b">
         <name>Sdfm1RegsFile</name>
         <uninitialized>true</uninitialized>
         <run_address>0x5e00</run_address>
         <size>0x80</size>
         <input_file_ref idref="fl-28"/>
      </object_component>
      <object_component id="oc-18d">
         <name>Sdfm2RegsFile</name>
         <uninitialized>true</uninitialized>
         <run_address>0x5e80</run_address>
         <size>0x80</size>
         <input_file_ref idref="fl-28"/>
      </object_component>
      <object_component id="oc-156">
         <name>SpiaRegsFile</name>
         <uninitialized>true</uninitialized>
         <run_address>0x6100</run_address>
         <size>0x10</size>
         <input_file_ref idref="fl-28"/>
      </object_component>
      <object_component id="oc-158">
         <name>SpibRegsFile</name>
         <uninitialized>true</uninitialized>
         <run_address>0x6110</run_address>
         <size>0x10</size>
         <input_file_ref idref="fl-28"/>
      </object_component>
      <object_component id="oc-159">
         <name>SpicRegsFile</name>
         <uninitialized>true</uninitialized>
         <run_address>0x6120</run_address>
         <size>0x10</size>
         <input_file_ref idref="fl-28"/>
      </object_component>
      <object_component id="oc-180">
         <name>ClkCfgRegsFile</name>
         <uninitialized>true</uninitialized>
         <run_address>0x5d200</run_address>
         <size>0x32</size>
         <input_file_ref idref="fl-28"/>
      </object_component>
      <object_component id="oc-18e">
         <name>CpuSysRegsFile</name>
         <uninitialized>true</uninitialized>
         <run_address>0x5d300</run_address>
         <size>0x82</size>
         <input_file_ref idref="fl-28"/>
      </object_component>
      <object_component id="oc-17e">
         <name>WdRegsFile</name>
         <uninitialized>true</uninitialized>
         <run_address>0x7000</run_address>
         <size>0x2b</size>
         <input_file_ref idref="fl-28"/>
      </object_component>
      <object_component id="oc-150">
         <name>XintRegsFile</name>
         <uninitialized>true</uninitialized>
         <run_address>0x7070</run_address>
         <size>0xb</size>
         <input_file_ref idref="fl-28"/>
      </object_component>
      <object_component id="oc-84">
         <name>.debug_info</name>
         <load_address>0x0</load_address>
         <run_address>0x0</run_address>
         <size>0x1d4</size>
         <input_file_ref idref="fl-2"/>
      </object_component>
      <object_component id="oc-86">
         <name>.debug_info</name>
         <load_address>0x1d4</load_address>
         <run_address>0x1d4</run_address>
         <size>0x298c</size>
         <input_file_ref idref="fl-3"/>
      </object_component>
      <object_component id="oc-8b">
         <name>.debug_info</name>
         <load_address>0x2b60</load_address>
         <run_address>0x2b60</run_address>
         <size>0x510</size>
         <input_file_ref idref="fl-4"/>
      </object_component>
      <object_component id="oc-90">
         <name>.debug_info</name>
         <load_address>0x3070</load_address>
         <run_address>0x3070</run_address>
         <size>0x3f0</size>
         <input_file_ref idref="fl-5"/>
      </object_component>
      <object_component id="oc-95">
         <name>.debug_info</name>
         <load_address>0x3460</load_address>
         <run_address>0x3460</run_address>
         <size>0x8834</size>
         <input_file_ref idref="fl-6"/>
      </object_component>
      <object_component id="oc-9d">
         <name>.debug_info</name>
         <load_address>0xbc94</load_address>
         <run_address>0xbc94</run_address>
         <size>0x6b76</size>
         <input_file_ref idref="fl-7"/>
      </object_component>
      <object_component id="oc-a3">
         <name>.debug_info</name>
         <load_address>0x1280a</load_address>
         <run_address>0x1280a</run_address>
         <size>0x3876</size>
         <input_file_ref idref="fl-8"/>
      </object_component>
      <object_component id="oc-ae">
         <name>.debug_info</name>
         <load_address>0x16080</load_address>
         <run_address>0x16080</run_address>
         <size>0x157</size>
         <input_file_ref idref="fl-9"/>
      </object_component>
      <object_component id="oc-b1">
         <name>.debug_info</name>
         <load_address>0x161d7</load_address>
         <run_address>0x161d7</run_address>
         <size>0x468f</size>
         <input_file_ref idref="fl-a"/>
      </object_component>
      <object_component id="oc-b9">
         <name>.debug_info</name>
         <load_address>0x1a866</load_address>
         <run_address>0x1a866</run_address>
         <size>0x174</size>
         <input_file_ref idref="fl-b"/>
      </object_component>
      <object_component id="oc-bc">
         <name>.debug_info</name>
         <load_address>0x1a9da</load_address>
         <run_address>0x1a9da</run_address>
         <size>0x83c</size>
         <input_file_ref idref="fl-c"/>
      </object_component>
      <object_component id="oc-c4">
         <name>.debug_info</name>
         <load_address>0x1b216</load_address>
         <run_address>0x1b216</run_address>
         <size>0x12d</size>
         <input_file_ref idref="fl-d"/>
      </object_component>
      <object_component id="oc-c7">
         <name>.debug_info</name>
         <load_address>0x1b343</load_address>
         <run_address>0x1b343</run_address>
         <size>0x4461</size>
         <input_file_ref idref="fl-e"/>
      </object_component>
      <object_component id="oc-cd">
         <name>.debug_info</name>
         <load_address>0x1f7a4</load_address>
         <run_address>0x1f7a4</run_address>
         <size>0x4723</size>
         <input_file_ref idref="fl-f"/>
      </object_component>
      <object_component id="oc-d2">
         <name>.debug_info</name>
         <load_address>0x23ec7</load_address>
         <run_address>0x23ec7</run_address>
         <size>0x353</size>
         <input_file_ref idref="fl-10"/>
      </object_component>
      <object_component id="oc-d7">
         <name>.debug_info</name>
         <load_address>0x2421a</load_address>
         <run_address>0x2421a</run_address>
         <size>0x4d9</size>
         <input_file_ref idref="fl-11"/>
      </object_component>
      <object_component id="oc-dc">
         <name>.debug_info</name>
         <load_address>0x246f3</load_address>
         <run_address>0x246f3</run_address>
         <size>0x1b8</size>
         <input_file_ref idref="fl-12"/>
      </object_component>
      <object_component id="oc-de">
         <name>.debug_info</name>
         <load_address>0x248ab</load_address>
         <run_address>0x248ab</run_address>
         <size>0x146f</size>
         <input_file_ref idref="fl-13"/>
      </object_component>
      <object_component id="oc-e3">
         <name>.debug_info</name>
         <load_address>0x25d1a</load_address>
         <run_address>0x25d1a</run_address>
         <size>0x5cdf</size>
         <input_file_ref idref="fl-14"/>
      </object_component>
      <object_component id="oc-e8">
         <name>.debug_info</name>
         <load_address>0x2b9f9</load_address>
         <run_address>0x2b9f9</run_address>
         <size>0x1b7</size>
         <input_file_ref idref="fl-15"/>
      </object_component>
      <object_component id="oc-ea">
         <name>.debug_info</name>
         <load_address>0x2bbb0</load_address>
         <run_address>0x2bbb0</run_address>
         <size>0x1647</size>
         <input_file_ref idref="fl-16"/>
      </object_component>
      <object_component id="oc-ef">
         <name>.debug_info</name>
         <load_address>0x2d1f7</load_address>
         <run_address>0x2d1f7</run_address>
         <size>0x4c58</size>
         <input_file_ref idref="fl-17"/>
      </object_component>
      <object_component id="oc-fa">
         <name>.debug_info</name>
         <load_address>0x31e4f</load_address>
         <run_address>0x31e4f</run_address>
         <size>0x48fc</size>
         <input_file_ref idref="fl-18"/>
      </object_component>
      <object_component id="oc-ff">
         <name>.debug_info</name>
         <load_address>0x3674b</load_address>
         <run_address>0x3674b</run_address>
         <size>0x1610</size>
         <input_file_ref idref="fl-19"/>
      </object_component>
      <object_component id="oc-104">
         <name>.debug_info</name>
         <load_address>0x37d5b</load_address>
         <run_address>0x37d5b</run_address>
         <size>0x1307</size>
         <input_file_ref idref="fl-1a"/>
      </object_component>
      <object_component id="oc-109">
         <name>.debug_info</name>
         <load_address>0x39062</load_address>
         <run_address>0x39062</run_address>
         <size>0x34a2</size>
         <input_file_ref idref="fl-1b"/>
      </object_component>
      <object_component id="oc-10e">
         <name>.debug_info</name>
         <load_address>0x3c504</load_address>
         <run_address>0x3c504</run_address>
         <size>0x6659</size>
         <input_file_ref idref="fl-1c"/>
      </object_component>
      <object_component id="oc-113">
         <name>.debug_info</name>
         <load_address>0x42b5d</load_address>
         <run_address>0x42b5d</run_address>
         <size>0x1b7</size>
         <input_file_ref idref="fl-1d"/>
      </object_component>
      <object_component id="oc-115">
         <name>.debug_info</name>
         <load_address>0x42d14</load_address>
         <run_address>0x42d14</run_address>
         <size>0xc55</size>
         <input_file_ref idref="fl-1e"/>
      </object_component>
      <object_component id="oc-11a">
         <name>.debug_info</name>
         <load_address>0x43969</load_address>
         <run_address>0x43969</run_address>
         <size>0x73a9</size>
         <input_file_ref idref="fl-1f"/>
      </object_component>
      <object_component id="oc-11f">
         <name>.debug_info</name>
         <load_address>0x4ad12</load_address>
         <run_address>0x4ad12</run_address>
         <size>0x422</size>
         <input_file_ref idref="fl-20"/>
      </object_component>
      <object_component id="oc-125">
         <name>.debug_info</name>
         <load_address>0x4b134</load_address>
         <run_address>0x4b134</run_address>
         <size>0x1b7</size>
         <input_file_ref idref="fl-21"/>
      </object_component>
      <object_component id="oc-127">
         <name>.debug_info</name>
         <load_address>0x4b2eb</load_address>
         <run_address>0x4b2eb</run_address>
         <size>0x2a03</size>
         <input_file_ref idref="fl-22"/>
      </object_component>
      <object_component id="oc-12c">
         <name>.debug_info</name>
         <load_address>0x4dcee</load_address>
         <run_address>0x4dcee</run_address>
         <size>0x3428</size>
         <input_file_ref idref="fl-23"/>
      </object_component>
      <object_component id="oc-133">
         <name>.debug_info</name>
         <load_address>0x51116</load_address>
         <run_address>0x51116</run_address>
         <size>0x1fdc</size>
         <input_file_ref idref="fl-24"/>
      </object_component>
      <object_component id="oc-138">
         <name>.debug_info</name>
         <load_address>0x530f2</load_address>
         <run_address>0x530f2</run_address>
         <size>0xbc15</size>
         <input_file_ref idref="fl-25"/>
      </object_component>
      <object_component id="oc-13c">
         <name>.debug_info</name>
         <load_address>0x5ed07</load_address>
         <run_address>0x5ed07</run_address>
         <size>0x130</size>
         <input_file_ref idref="fl-26"/>
      </object_component>
      <object_component id="oc-13f">
         <name>.debug_info</name>
         <load_address>0x5ee37</load_address>
         <run_address>0x5ee37</run_address>
         <size>0x1b3e</size>
         <input_file_ref idref="fl-27"/>
      </object_component>
      <object_component id="oc-144">
         <name>.debug_info</name>
         <load_address>0x60975</load_address>
         <run_address>0x60975</run_address>
         <size>0x30563</size>
         <input_file_ref idref="fl-28"/>
      </object_component>
      <object_component id="oc-1a2">
         <name>.debug_info</name>
         <load_address>0x90ed8</load_address>
         <run_address>0x90ed8</run_address>
         <size>0x7b0</size>
         <input_file_ref idref="fl-31"/>
      </object_component>
      <object_component id="oc-1a8">
         <name>.debug_info</name>
         <load_address>0x91688</load_address>
         <run_address>0x91688</run_address>
         <size>0x18f3</size>
         <input_file_ref idref="fl-32"/>
      </object_component>
      <object_component id="oc-1ae">
         <name>.debug_info</name>
         <load_address>0x92f7b</load_address>
         <run_address>0x92f7b</run_address>
         <size>0xef8</size>
         <input_file_ref idref="fl-33"/>
      </object_component>
      <object_component id="oc-1b4">
         <name>.debug_info</name>
         <load_address>0x93e73</load_address>
         <run_address>0x93e73</run_address>
         <size>0x1259</size>
         <input_file_ref idref="fl-34"/>
      </object_component>
      <object_component id="oc-1bc">
         <name>.debug_info</name>
         <load_address>0x950cc</load_address>
         <run_address>0x950cc</run_address>
         <size>0x174</size>
         <input_file_ref idref="fl-40"/>
      </object_component>
      <object_component id="oc-1c1">
         <name>.debug_info</name>
         <load_address>0x95240</load_address>
         <run_address>0x95240</run_address>
         <size>0x177</size>
         <input_file_ref idref="fl-41"/>
      </object_component>
      <object_component id="oc-1c5">
         <name>.debug_info</name>
         <load_address>0x953b7</load_address>
         <run_address>0x953b7</run_address>
         <size>0x562</size>
         <input_file_ref idref="fl-42"/>
      </object_component>
      <object_component id="oc-1ca">
         <name>.debug_info</name>
         <load_address>0x95919</load_address>
         <run_address>0x95919</run_address>
         <size>0x43b</size>
         <input_file_ref idref="fl-43"/>
      </object_component>
      <object_component id="oc-1cf">
         <name>.debug_info</name>
         <load_address>0x95d54</load_address>
         <run_address>0x95d54</run_address>
         <size>0x3ae</size>
         <input_file_ref idref="fl-44"/>
      </object_component>
      <object_component id="oc-1d4">
         <name>.debug_info</name>
         <load_address>0x96102</load_address>
         <run_address>0x96102</run_address>
         <size>0x3ab</size>
         <input_file_ref idref="fl-45"/>
      </object_component>
      <object_component id="oc-1d9">
         <name>.debug_info</name>
         <load_address>0x964ad</load_address>
         <run_address>0x964ad</run_address>
         <size>0x545</size>
         <input_file_ref idref="fl-46"/>
      </object_component>
      <object_component id="oc-1e0">
         <name>.debug_info</name>
         <load_address>0x969f2</load_address>
         <run_address>0x969f2</run_address>
         <size>0x4cd</size>
         <input_file_ref idref="fl-47"/>
      </object_component>
      <object_component id="oc-1e5">
         <name>.debug_info</name>
         <load_address>0x96ebf</load_address>
         <run_address>0x96ebf</run_address>
         <size>0x468</size>
         <input_file_ref idref="fl-48"/>
      </object_component>
      <object_component id="oc-1ea">
         <name>.debug_info</name>
         <load_address>0x97327</load_address>
         <run_address>0x97327</run_address>
         <size>0x377</size>
         <input_file_ref idref="fl-49"/>
      </object_component>
      <object_component id="oc-2b7">
         <name>.debug_info</name>
         <load_address>0x9769e</load_address>
         <run_address>0x9769e</run_address>
         <size>0xce</size>
      </object_component>
      <object_component id="oc-85">
         <name>.debug_abbrev</name>
         <load_address>0x0</load_address>
         <run_address>0x0</run_address>
         <size>0x21</size>
         <input_file_ref idref="fl-2"/>
      </object_component>
      <object_component id="oc-89">
         <name>.debug_abbrev</name>
         <load_address>0x21</load_address>
         <run_address>0x21</run_address>
         <size>0x153</size>
         <input_file_ref idref="fl-3"/>
      </object_component>
      <object_component id="oc-8e">
         <name>.debug_abbrev</name>
         <load_address>0x174</load_address>
         <run_address>0x174</run_address>
         <size>0xc9</size>
         <input_file_ref idref="fl-4"/>
      </object_component>
      <object_component id="oc-93">
         <name>.debug_abbrev</name>
         <load_address>0x23d</load_address>
         <run_address>0x23d</run_address>
         <size>0xe3</size>
         <input_file_ref idref="fl-5"/>
      </object_component>
      <object_component id="oc-9b">
         <name>.debug_abbrev</name>
         <load_address>0x320</load_address>
         <run_address>0x320</run_address>
         <size>0x226</size>
         <input_file_ref idref="fl-6"/>
      </object_component>
      <object_component id="oc-a1">
         <name>.debug_abbrev</name>
         <load_address>0x546</load_address>
         <run_address>0x546</run_address>
         <size>0x198</size>
         <input_file_ref idref="fl-7"/>
      </object_component>
      <object_component id="oc-aa">
         <name>.debug_abbrev</name>
         <load_address>0x6de</load_address>
         <run_address>0x6de</run_address>
         <size>0x1fc</size>
         <input_file_ref idref="fl-8"/>
      </object_component>
      <object_component id="oc-af">
         <name>.debug_abbrev</name>
         <load_address>0x8da</load_address>
         <run_address>0x8da</run_address>
         <size>0x2f</size>
         <input_file_ref idref="fl-9"/>
      </object_component>
      <object_component id="oc-b4">
         <name>.debug_abbrev</name>
         <load_address>0x909</load_address>
         <run_address>0x909</run_address>
         <size>0x13c</size>
         <input_file_ref idref="fl-a"/>
      </object_component>
      <object_component id="oc-ba">
         <name>.debug_abbrev</name>
         <load_address>0xa45</load_address>
         <run_address>0xa45</run_address>
         <size>0x21</size>
         <input_file_ref idref="fl-b"/>
      </object_component>
      <object_component id="oc-c0">
         <name>.debug_abbrev</name>
         <load_address>0xa66</load_address>
         <run_address>0xa66</run_address>
         <size>0xfd</size>
         <input_file_ref idref="fl-c"/>
      </object_component>
      <object_component id="oc-c5">
         <name>.debug_abbrev</name>
         <load_address>0xb63</load_address>
         <run_address>0xb63</run_address>
         <size>0x2f</size>
         <input_file_ref idref="fl-d"/>
      </object_component>
      <object_component id="oc-cb">
         <name>.debug_abbrev</name>
         <load_address>0xb92</load_address>
         <run_address>0xb92</run_address>
         <size>0xb6</size>
         <input_file_ref idref="fl-e"/>
      </object_component>
      <object_component id="oc-d0">
         <name>.debug_abbrev</name>
         <load_address>0xc48</load_address>
         <run_address>0xc48</run_address>
         <size>0x14f</size>
         <input_file_ref idref="fl-f"/>
      </object_component>
      <object_component id="oc-d5">
         <name>.debug_abbrev</name>
         <load_address>0xd97</load_address>
         <run_address>0xd97</run_address>
         <size>0x63</size>
         <input_file_ref idref="fl-10"/>
      </object_component>
      <object_component id="oc-da">
         <name>.debug_abbrev</name>
         <load_address>0xdfa</load_address>
         <run_address>0xdfa</run_address>
         <size>0x7f</size>
         <input_file_ref idref="fl-11"/>
      </object_component>
      <object_component id="oc-dd">
         <name>.debug_abbrev</name>
         <load_address>0xe79</load_address>
         <run_address>0xe79</run_address>
         <size>0x21</size>
         <input_file_ref idref="fl-12"/>
      </object_component>
      <object_component id="oc-e1">
         <name>.debug_abbrev</name>
         <load_address>0xe9a</load_address>
         <run_address>0xe9a</run_address>
         <size>0xf8</size>
         <input_file_ref idref="fl-13"/>
      </object_component>
      <object_component id="oc-e6">
         <name>.debug_abbrev</name>
         <load_address>0xf92</load_address>
         <run_address>0xf92</run_address>
         <size>0x116</size>
         <input_file_ref idref="fl-14"/>
      </object_component>
      <object_component id="oc-e9">
         <name>.debug_abbrev</name>
         <load_address>0x10a8</load_address>
         <run_address>0x10a8</run_address>
         <size>0x21</size>
         <input_file_ref idref="fl-15"/>
      </object_component>
      <object_component id="oc-ed">
         <name>.debug_abbrev</name>
         <load_address>0x10c9</load_address>
         <run_address>0x10c9</run_address>
         <size>0x15f</size>
         <input_file_ref idref="fl-16"/>
      </object_component>
      <object_component id="oc-f8">
         <name>.debug_abbrev</name>
         <load_address>0x1228</load_address>
         <run_address>0x1228</run_address>
         <size>0x1cd</size>
         <input_file_ref idref="fl-17"/>
      </object_component>
      <object_component id="oc-fd">
         <name>.debug_abbrev</name>
         <load_address>0x13f5</load_address>
         <run_address>0x13f5</run_address>
         <size>0x1b6</size>
         <input_file_ref idref="fl-18"/>
      </object_component>
      <object_component id="oc-102">
         <name>.debug_abbrev</name>
         <load_address>0x15ab</load_address>
         <run_address>0x15ab</run_address>
         <size>0x121</size>
         <input_file_ref idref="fl-19"/>
      </object_component>
[...]
      </symbol>
      <symbol id="sm-462">
         <name>_SPI</name>
         <value>0x8c1c</value>
         <object_component_ref idref="oc-1f9"/>
      </symbol>
      <symbol id="sm-463">
         <name>_EQEP</name>
         <value>0x8ab8</value>
         <object_component_ref idref="oc-1fb"/>
      </symbol>
      <symbol id="sm-464">
         <name>_SDFM</name>
         <value>0x8c2a</value>
         <object_component_ref idref="oc-1fe"/>
      </symbol>
      <symbol id="sm-465">
         <name>_SCI</name>
         <value>0x8c40</value>
         <object_component_ref idref="oc-1f8"/>
      </symbol>
      <symbol id="sm-471">
         <name>_F28x_usDelay</name>
         <value>0xab42</value>
         <object_component_ref idref="oc-13a"/>
      </symbol>
      <symbol id="sm-482">
         <name>_Device_initGPIO</name>
         <value>0x828d4</value>
         <object_component_ref idref="oc-209"/>
      </symbol>
      <symbol id="sm-483">
         <name>___error__</name>
         <value>0x82945</value>
         <object_component_ref idref="oc-209"/>
      </symbol>
      <symbol id="sm-484">
         <name>_Device_enableUnbondedGPIOPullupsFor176Pin</name>
         <value>0x828f5</value>
         <object_component_ref idref="oc-209"/>
      </symbol>
      <symbol id="sm-485">
         <name>_Device_enableUnbondedGPIOPullups</name>
         <value>0x8292f</value>
         <object_component_ref idref="oc-209"/>
      </symbol>
      <symbol id="sm-486">
         <name>_Device_init</name>
         <value>0x827dd</value>
         <object_component_ref idref="oc-209"/>
      </symbol>
      <symbol id="sm-487">
         <name>_Device_enableUnbondedGPIOPullupsFor100Pin</name>
         <value>0x8290c</value>
         <object_component_ref idref="oc-209"/>
      </symbol>
      <symbol id="sm-488">
         <name>_Device_enableAllPeripherals</name>
         <value>0x827f7</value>
         <object_component_ref idref="oc-209"/>
      </symbol>
      <symbol id="sm-536">
         <name>_WdRegs</name>
         <value>0x7000</value>
         <object_component_ref idref="oc-17e"/>
      </symbol>
      <symbol id="sm-537">
         <name>_CanaRegs</name>
         <value>0x48000</value>
         <object_component_ref idref="oc-19d"/>
      </symbol>
      <symbol id="sm-538">
         <name>_PieVectTable</name>
         <value>0xd00</value>
         <object_component_ref idref="oc-1a0"/>
      </symbol>
      <symbol id="sm-539">
         <name>_Cmpss6Regs</name>
         <value>0x5d20</value>
         <object_component_ref idref="oc-165"/>
      </symbol>
      <symbol id="sm-53a">
         <name>_ClkCfgRegs</name>
         <value>0x5d200</value>
         <object_component_ref idref="oc-180"/>
      </symbol>
      <symbol id="sm-53b">
         <name>_AdcdRegs</name>
         <value>0x7580</value>
         <object_component_ref idref="oc-189"/>
      </symbol>
      <symbol id="sm-53c">
         <name>_ScidRegs</name>
         <value>0x7230</value>
         <object_component_ref idref="oc-155"/>
      </symbol>
      <symbol id="sm-53d">
         <name>_EmuBMode</name>
         <value>0xd00</value>
         <object_component_ref idref="oc-145"/>
      </symbol>
      <symbol id="sm-53e">
         <name>_ECap4Regs</name>
         <value>0x5060</value>
         <object_component_ref idref="oc-16c"/>
      </symbol>
      <symbol id="sm-53f">
         <name>_Flash0EccRegs</name>
         <value>0x5fb00</value>
         <object_component_ref idref="oc-17d"/>
      </symbol>
      <symbol id="sm-540">
         <name>_IpcRegs</name>
         <value>0x50000</value>
         <object_component_ref idref="oc-179"/>
      </symbol>
      <symbol id="sm-541">
         <name>_Cmpss7Regs</name>
         <value>0x5d40</value>
         <object_component_ref idref="oc-166"/>
      </symbol>
      <symbol id="sm-542">
         <name>_DcsmZ2Regs</name>
         <value>0x5f040</value>
         <object_component_ref idref="oc-178"/>
      </symbol>
      <symbol id="sm-543">
         <name>_EPwm4Regs</name>
         <value>0x4300</value>
         <object_component_ref idref="oc-194"/>
      </symbol>
      <symbol id="sm-544">
         <name>_FlashPumpSemaphoreRegs</name>
         <value>0x50024</value>
         <object_component_ref idref="oc-146"/>
      </symbol>
      <symbol id="sm-545">
         <name>_ECap5Regs</name>
         <value>0x5080</value>
         <object_component_ref idref="oc-16d"/>
      </symbol>
      <symbol id="sm-546">
         <name>_I2cbRegs</name>
         <value>0x7340</value>
         <object_component_ref idref="oc-176"/>
      </symbol>
      <symbol id="sm-547">
         <name>_CpuTimer1Regs</name>
         <value>0xc08</value>
         <object_component_ref idref="oc-14d"/>
      </symbol>
      <symbol id="sm-548">
         <name>_Cmpss4Regs</name>
         <value>0x5ce0</value>
         <object_component_ref idref="oc-163"/>
      </symbol>
      <symbol id="sm-549">
         <name>_EPwm5Regs</name>
         <value>0x4400</value>
         <object_component_ref idref="oc-195"/>
      </symbol>
      <symbol id="sm-54a">
         <name>_SpiaRegs</name>
         <value>0x6100</value>
         <object_component_ref idref="oc-156"/>
      </symbol>
      <symbol id="sm-54b">
         <name>_CpuSysRegs</name>
         <value>0x5d300</value>
         <object_component_ref idref="oc-18e"/>
      </symbol>
      <symbol id="sm-54c">
         <name>_Cla1SoftIntRegs</name>
         <value>0xce0</value>
         <object_component_ref idref="oc-147"/>
      </symbol>
      <symbol id="sm-54d">
         <name>_CanbRegs</name>
         <value>0x4a000</value>
         <object_component_ref idref="oc-19e"/>
      </symbol>
      <symbol id="sm-54e">
         <name>_ECap6Regs</name>
         <value>0x50a0</value>
         <object_component_ref idref="oc-16e"/>
      </symbol>
      <symbol id="sm-54f">
         <name>_DmaRegs</name>
         <value>0x1000</value>
         <object_component_ref idref="oc-18f"/>
      </symbol>
      <symbol id="sm-550">
         <name>_XintRegs</name>
         <value>0x7070</value>
         <object_component_ref idref="oc-150"/>
      </symbol>
      <symbol id="sm-551">
         <name>_CpuTimer0Regs</name>
         <value>0xc00</value>
         <object_component_ref idref="oc-14c"/>
      </symbol>
      <symbol id="sm-552">
         <name>_Cmpss5Regs</name>
         <value>0x5d00</value>
         <object_component_ref idref="oc-164"/>
      </symbol>
      <symbol id="sm-553">
         <name>_Emif1Regs</name>
         <value>0x47000</value>
         <object_component_ref idref="oc-184"/>
      </symbol>
      <symbol id="sm-554">
         <name>_AccessProtectionRegs</name>
         <value>0x5f4c0</value>
         <object_component_ref idref="oc-182"/>
      </symbol>
      <symbol id="sm-555">
         <name>_MemCfgRegs</name>
         <value>0x5f400</value>
         <object_component_ref idref="oc-18a"/>
      </symbol>
      <symbol id="sm-556">
         <name>_DacaRegs</name>
         <value>0x5c00</value>
         <object_component_ref idref="oc-149"/>
      </symbol>
      <symbol id="sm-557">
         <name>_McbspbRegs</name>
         <value>0x6040</value>
         <object_component_ref idref="oc-17c"/>
      </symbol>
      <symbol id="sm-558">
         <name>_EPwm6Regs</name>
         <value>0x4500</value>
         <object_component_ref idref="oc-196"/>
      </symbol>
      <symbol id="sm-559">
         <name>_AdcaRegs</name>
         <value>0x7400</value>
         <object_component_ref idref="oc-186"/>
      </symbol>
      <symbol id="sm-55a">
         <name>_SciaRegs</name>
         <value>0x7200</value>
         <object_component_ref idref="oc-151"/>
      </symbol>
      <symbol id="sm-55b">
         <name>_EPwm11Regs</name>
         <value>0x4a00</value>
         <object_component_ref idref="oc-19b"/>
      </symbol>
      <symbol id="sm-55c">
         <name>_GpioDataRegs</name>
         <value>0x7f00</value>
         <object_component_ref idref="oc-17f"/>
      </symbol>
      <symbol id="sm-55d">
         <name>_Sdfm1Regs</name>
         <value>0x5e00</value>
         <object_component_ref idref="oc-18b"/>
      </symbol>
      <symbol id="sm-55e">
         <name>_Cmpss2Regs</name>
         <value>0x5ca0</value>
         <object_component_ref idref="oc-161"/>
      </symbol>
      <symbol id="sm-55f">
         <name>_Emif2Regs</name>
         <value>0x47800</value>
         <object_component_ref idref="oc-185"/>
      </symbol>
      <symbol id="sm-560">
         <name>_DcsmZ1Regs</name>
         <value>0x5f000</value>
         <object_component_ref idref="oc-177"/>
      </symbol>
      <symbol id="sm-561">
         <name>_Flash0CtrlRegs</name>
         <value>0x5f800</value>
         <object_component_ref idref="oc-19f"/>
      </symbol>
      <symbol id="sm-562">
         <name>_EPwm7Regs</name>
         <value>0x4600</value>
         <object_component_ref idref="oc-197"/>
      </symbol>
      <symbol id="sm-563">
         <name>_SpicRegs</name>
         <value>0x6120</value>
         <object_component_ref idref="oc-159"/>
      </symbol>
      <symbol id="sm-564">
         <name>_EPwm10Regs</name>
         <value>0x4900</value>
         <object_component_ref idref="oc-19a"/>
      </symbol>
      <symbol id="sm-565">
         <name>_CpuTimer2Regs</name>
         <value>0xc10</value>
         <object_component_ref idref="oc-14e"/>
      </symbol>
      <symbol id="sm-566">
         <name>_DmaClaSrcSelRegs</name>
         <value>0x7980</value>
         <object_component_ref idref="oc-15e"/>
      </symbol>
      <symbol id="sm-567">
         <name>_Cmpss3Regs</name>
         <value>0x5cc0</value>
         <object_component_ref idref="oc-162"/>
      </symbol>
      <symbol id="sm-568">
         <name>_DaccRegs</name>
         <value>0x5c20</value>
         <object_component_ref idref="oc-14b"/>
      </symbol>
      <symbol id="sm-569">
         <name>_PieCtrlRegs</name>
         <value>0xce0</value>
         <object_component_ref idref="oc-15f"/>
      </symbol>
      <symbol id="sm-56a">
         <name>_SpibRegs</name>
         <value>0x6110</value>
         <object_component_ref idref="oc-158"/>
      </symbol>
      <symbol id="sm-56b">
         <name>_AdccRegs</name>
         <value>0x7500</value>
         <object_component_ref idref="oc-188"/>
      </symbol>
      <symbol id="sm-56c">
         <name>_ScicRegs</name>
         <value>0x7220</value>
         <object_component_ref idref="oc-154"/>
      </symbol>
      <symbol id="sm-56d">
         <name>_ECap1Regs</name>
         <value>0x5000</value>
         <object_component_ref idref="oc-168"/>
      </symbol>
      <symbol id="sm-56e">
         <name>_MemoryErrorRegs</name>
         <value>0x5f500</value>
         <object_component_ref idref="oc-183"/>
      </symbol>
      <symbol id="sm-56f">
         <name>_Cla1Regs</name>
         <value>0x1400</value>
         <object_component_ref idref="oc-181"/>
      </symbol>
      <symbol id="sm-570">
         <name>_EQep1Regs</name>
         <value>0x5100</value>
         <object_component_ref idref="oc-170"/>
      </symbol>
      <symbol id="sm-571">
         <name>_DacbRegs</name>
         <value>0x5c10</value>
         <object_component_ref idref="oc-14a"/>
      </symbol>
      <symbol id="sm-572">
         <name>_McbspaRegs</name>
         <value>0x6000</value>
         <object_component_ref idref="oc-17a"/>
      </symbol>
      <symbol id="sm-573">
         <name>_EPwm1Regs</name>
         <value>0x4000</value>
         <object_component_ref idref="oc-190"/>
      </symbol>
      <symbol id="sm-574">
         <name>_AdcbRegs</name>
         <value>0x7480</value>
         <object_component_ref idref="oc-187"/>
      </symbol>
      <symbol id="sm-575">
         <name>_ScibRegs</name>
         <value>0x7210</value>
         <object_component_ref idref="oc-153"/>
      </symbol>
      <symbol id="sm-576">
         <name>_AdcaResultRegs</name>
         <value>0xb00</value>
         <object_component_ref idref="oc-15a"/>
      </symbol>
      <symbol id="sm-577">
         <name>_ECap2Regs</name>
         <value>0x5020</value>
         <object_component_ref idref="oc-16a"/>
      </symbol>
      <symbol id="sm-578">
         <name>_EPwm12Regs</name>
         <value>0x4b00</value>
         <object_component_ref idref="oc-19c"/>
      </symbol>
      <symbol id="sm-579">
         <name>_AdcbResultRegs</name>
         <value>0xb20</value>
         <object_component_ref idref="oc-15b"/>
      </symbol>
      <symbol id="sm-57a">
         <name>_AdccResultRegs</name>
         <value>0xb40</value>
         <object_component_ref idref="oc-15c"/>
      </symbol>
      <symbol id="sm-57b">
         <name>_Emif1ConfigRegs</name>
         <value>0x5f480</value>
         <object_component_ref idref="oc-16f"/>
      </symbol>
      <symbol id="sm-57c">
         <name>_Sdfm2Regs</name>
         <value>0x5e80</value>
         <object_component_ref idref="oc-18d"/>
      </symbol>
      <symbol id="sm-57d">
         <name>_AdcdResultRegs</name>
         <value>0xb60</value>
         <object_component_ref idref="oc-15d"/>
      </symbol>
      <symbol id="sm-57e">
         <name>_EQep2Regs</name>
         <value>0x5140</value>
         <object_component_ref idref="oc-172"/>
      </symbol>
      <symbol id="sm-57f">
         <name>_Cmpss1Regs</name>
         <value>0x5c80</value>
         <object_component_ref idref="oc-160"/>
      </symbol>
      <symbol id="sm-580">
         <name>_EPwm8Regs</name>
         <value>0x4700</value>
         <object_component_ref idref="oc-198"/>
      </symbol>
      <symbol id="sm-581">
         <name>_DcsmCommonRegs</name>
         <value>0x5f070</value>
         <object_component_ref idref="oc-14f"/>
      </symbol>
      <symbol id="sm-582">
         <name>_EPwm2Regs</name>
         <value>0x4100</value>
         <object_component_ref idref="oc-192"/>
      </symbol>
      <symbol id="sm-583">
         <name>_ECap3Regs</name>
         <value>0x5040</value>
         <object_component_ref idref="oc-16b"/>
      </symbol>
      <symbol id="sm-584">
         <name>_Cmpss8Regs</name>
         <value>0x5d60</value>
         <object_component_ref idref="oc-167"/>
      </symbol>
      <symbol id="sm-585">
         <name>_EQep3Regs</name>
         <value>0x5180</value>
         <object_component_ref idref="oc-173"/>
      </symbol>
      <symbol id="sm-586">
         <name>_EPwm9Regs</name>
         <value>0x4800</value>
         <object_component_ref idref="oc-199"/>
      </symbol>
      <symbol id="sm-587">
         <name>_NmiIntruptRegs</name>
         <value>0x7060</value>
         <object_component_ref idref="oc-148"/>
      </symbol>
      <symbol id="sm-588">
         <name>_EPwm3Regs</name>
         <value>0x4200</value>
         <object_component_ref idref="oc-193"/>
      </symbol>
      <symbol id="sm-589">
         <name>_I2caRegs</name>
         <value>0x7300</value>
         <object_component_ref idref="oc-174"/>
      </symbol>
      <symbol id="sm-59f">
         <name>_CPUTimer_setEmulationMode</name>
         <value>0x83017</value>
         <object_component_ref idref="oc-20b"/>
      </symbol>
      <symbol id="sm-5e3">
         <name>_Flash_initModule</name>
         <value>0xa9f1</value>
         <object_component_ref idref="oc-218"/>
      </symbol>
      <symbol id="sm-615">
         <name>_Interrupt_enable</name>
         <value>0x82e81</value>
         <object_component_ref idref="oc-20e"/>
      </symbol>
      <symbol id="sm-616">
         <name>_Interrupt_initVectorTable</name>
         <value>0x82f2a</value>
         <object_component_ref idref="oc-20d"/>
      </symbol>
      <symbol id="sm-617">
         <name>_Interrupt_initModule</name>
         <value>0x82d1d</value>
         <object_component_ref idref="oc-20c"/>
      </symbol>
      <symbol id="sm-653">
         <name>_SCI_enableInterrupt</name>
         <value>0x82dfd</value>
         <object_component_ref idref="oc-205"/>
      </symbol>
      <symbol id="sm-654">
         <name>_SCI_clearInterruptStatus</name>
         <value>0x82d71</value>
         <object_component_ref idref="oc-1f6"/>
      </symbol>
      <symbol id="sm-655">
         <name>_SCI_setConfig</name>
         <value>0x82e41</value>
         <object_component_ref idref="oc-204"/>
      </symbol>
      <symbol id="sm-656">
         <name>_SCI_disableInterrupt</name>
         <value>0x82db7</value>
         <object_component_ref idref="oc-206"/>
      </symbol>
      <symbol id="sm-671">
         <name>_c_int00</name>
         <value>0x82cc7</value>
         <object_component_ref idref="oc-83"/>
      </symbol>
      <symbol id="sm-672">
         <name>__stack</name>
         <value>0x122</value>
         <object_component_ref idref="oc-1ba"/>
      </symbol>
      <symbol id="sm-67e">
         <name>LL$$AND</name>
         <value>0x82feb</value>
         <object_component_ref idref="oc-1c0"/>
      </symbol>
      <symbol id="sm-67f">
         <name>LL$$OR</name>
         <value>0x82ff3</value>
         <object_component_ref idref="oc-1c0"/>
      </symbol>
      <symbol id="sm-680">
         <name>LL$$XOR</name>
         <value>0x82ffb</value>
         <object_component_ref idref="oc-1c0"/>
      </symbol>
      <symbol id="sm-68f">
         <name>_copy_in</name>
         <value>0x82f06</value>
         <object_component_ref idref="oc-1f0"/>
      </symbol>
      <symbol id="sm-6a0">
         <name>_memcpy</name>
         <value>0x82f69</value>
         <object_component_ref idref="oc-200"/>
      </symbol>
      <symbol id="sm-6ac">
         <name>__system_pre_init</name>
         <value>0x8308a</value>
         <object_component_ref idref="oc-1ef"/>
      </symbol>
      <symbol id="sm-6b9">
         <name>__system_post_cinit</name>
         <value>0x82c69</value>
         <object_component_ref idref="oc-1f1"/>
      </symbol>
      <symbol id="sm-6cd">
         <name>C$$EXIT</name>
         <value>0x82edd</value>
         <object_component_ref idref="oc-1f3"/>
      </symbol>
      <symbol id="sm-6ce">
         <name>_exit</name>
         <value>0x82edf</value>
         <object_component_ref idref="oc-1f3"/>
      </symbol>
      <symbol id="sm-6cf">
         <name>___TI_cleanup_ptr</name>
         <value>0x8c32</value>
         <object_component_ref idref="oc-1db"/>
      </symbol>
      <symbol id="sm-6d0">
         <name>___TI_enable_exit_profile_output</name>
         <value>0x8c30</value>
         <object_component_ref idref="oc-1db"/>
      </symbol>
      <symbol id="sm-6d1">
         <name>_abort</name>
         <value>0x82edd</value>
         <object_component_ref idref="oc-1f3"/>
      </symbol>
      <symbol id="sm-6d2">
         <name>___TI_dtors_ptr</name>
         <value>0x8c34</value>
         <object_component_ref idref="oc-1db"/>
      </symbol>
      <symbol id="sm-6e6">
         <name>__unlock</name>
         <value>0x8c44</value>
         <object_component_ref idref="oc-220"/>
      </symbol>
      <symbol id="sm-6e7">
         <name>__lock</name>
         <value>0x8c3e</value>
         <object_component_ref idref="oc-202"/>
      </symbol>
      <symbol id="sm-6e8">
         <name>__register_lock</name>
         <value>0x83076</value>
         <object_component_ref idref="oc-212"/>
      </symbol>
      <symbol id="sm-6e9">
         <name>__nop</name>
         <value>0x8307a</value>
         <object_component_ref idref="oc-212"/>
      </symbol>
      <symbol id="sm-6ea">
         <name>__register_unlock</name>
         <value>0x83072</value>
         <object_component_ref idref="oc-212"/>
      </symbol>
      <symbol id="sm-6f9">
         <name>__args_main</name>
         <value>0x82fd2</value>
         <object_component_ref idref="oc-1f2"/>
      </symbol>
   </symbol_table>
   <title>Link successful</title>
</link_info>
