<?xml version="1.0" encoding="ISO-8859-1" ?>
<link_info>
   <banner>TMS320C2000 Linker PC v18.12.2.LTS</banner>
   <copyright>Copyright (c) 1996-2018 Texas Instruments Incorporated</copyright>
   <link_time>0x60e6789e</link_time>
   <link_errors>0x0</link_errors>
   <output_file>InterFaceBoard_Rev2.2_CPU1.out</output_file>
   <entry_point>
      <name>_c_int00</name>
      <address>0x836d1</address>
   </entry_point>
   <input_file_list>
      <input_file id="fl-2">
         <path>.\PHOENIXON_CONTROLS\CPU\source\</path>
         <kind>object</kind>
         <file>PhoenixonControls_COMMON.obj</file>
         <name>PhoenixonControls_COMMON.obj</name>
      </input_file>
      <input_file id="fl-3">
         <path>.\PHOENIXON_CONTROLS\CPU\source\</path>
         <kind>object</kind>
         <file>PhoenixonControls_COMMUNICATION.obj</file>
         <name>PhoenixonControls_COMMUNICATION.obj</name>
      </input_file>
      <input_file id="fl-4">
         <path>.\PHOENIXON_CONTROLS\CPU\source\</path>
         <kind>object</kind>
         <file>PhoenixonControls_CRC16.obj</file>
         <name>PhoenixonControls_CRC16.obj</name>
      </input_file>
      <input_file id="fl-5">
         <path>.\PHOENIXON_CONTROLS\CPU\source\</path>
         <kind>object</kind>
         <file>PhoenixonControls_DRAM.obj</file>
         <name>PhoenixonControls_DRAM.obj</name>
      </input_file>
      <input_file id="fl-6">
         <path>.\PHOENIXON_CONTROLS\CPU\source\</path>
         <kind>object</kind>
         <file>PhoenixonControls_EMIF.obj</file>
         <name>PhoenixonControls_EMIF.obj</name>
      </input_file>
      <input_file id="fl-7">
         <path>.\PHOENIXON_CONTROLS\CPU\source\</path>
         <kind>object</kind>
         <file>PhoenixonControls_Ethernet.obj</file>
         <name>PhoenixonControls_Ethernet.obj</name>
      </input_file>
      <input_file id="fl-8">
         <path>.\PHOENIXON_CONTROLS\CPU\source\</path>
         <kind>object</kind>
         <file>PhoenixonControls_RingBuffer.obj</file>
         <name>PhoenixonControls_RingBuffer.obj</name>
      </input_file>
      <input_file id="fl-9">
         <path>.\PHOENIXON_CONTROLS\CPU\source\</path>
         <kind>object</kind>
         <file>PhoenixonControls_TEST.obj</file>
         <name>PhoenixonControls_TEST.obj</name>
      </input_file>
      <input_file id="fl-a">
         <path>.\PHOENIXON_CONTROLS\CPU\source\</path>
         <kind>object</kind>
         <file>PhoenixonControls_TIMER.obj</file>
         <name>PhoenixonControls_TIMER.obj</name>
      </input_file>
      <input_file id="fl-b">
         <path>.\PHOENIXON_CONTROLS\CPU\source\</path>
         <kind>object</kind>
         <file>PhoenixonControls_W5300.obj</file>
         <name>PhoenixonControls_W5300.obj</name>
      </input_file>
      <input_file id="fl-c">
         <path>.\PHOENIXON_CONTROLS\CPU\source\</path>
         <kind>object</kind>
         <file>PhoenixonControls_W5300_Socket.obj</file>
         <name>PhoenixonControls_W5300_Socket.obj</name>
      </input_file>
      <input_file id="fl-d">
         <path>.\PHOENIXON_CONTROLS\CPU\source\</path>
         <kind>object</kind>
         <file>main_CPU1.obj</file>
         <name>main_CPU1.obj</name>
      </input_file>
      <input_file id="fl-e">
         <path>.\PHOENIXON_CONTROLS\CPU\source\</path>
         <kind>object</kind>
         <file>memcpy_fast_far.obj</file>
         <name>memcpy_fast_far.obj</name>
      </input_file>
      <input_file id="fl-f">
         <path>.\common\source\</path>
         <kind>object</kind>
         <file>F2837xD_Adc.obj</file>
         <name>F2837xD_Adc.obj</name>
      </input_file>
      <input_file id="fl-10">
         <path>.\common\source\</path>
         <kind>object</kind>
         <file>F2837xD_CodeStartBranch.obj</file>
         <name>F2837xD_CodeStartBranch.obj</name>
      </input_file>
      <input_file id="fl-11">
         <path>.\common\source\</path>
         <kind>object</kind>
         <file>F2837xD_CpuTimers.obj</file>
         <name>F2837xD_CpuTimers.obj</name>
      </input_file>
      <input_file id="fl-12">
         <path>.\common\source\</path>
         <kind>object</kind>
         <file>F2837xD_DBGIER.obj</file>
         <name>F2837xD_DBGIER.obj</name>
      </input_file>
      <input_file id="fl-13">
         <path>.\common\source\</path>
         <kind>object</kind>
         <file>F2837xD_DefaultISR.obj</file>
         <name>F2837xD_DefaultISR.obj</name>
      </input_file>
      <input_file id="fl-14">
         <path>.\common\source\</path>
         <kind>object</kind>
         <file>F2837xD_Dma.obj</file>
         <name>F2837xD_Dma.obj</name>
      </input_file>
      <input_file id="fl-15">
         <path>.\common\source\</path>
         <kind>object</kind>
         <file>F2837xD_ECap.obj</file>
         <name>F2837xD_ECap.obj</name>
      </input_file>
      <input_file id="fl-16">
         <path>.\common\source\</path>
         <kind>object</kind>
         <file>F2837xD_EPwm.obj</file>
         <name>F2837xD_EPwm.obj</name>
      </input_file>
      <input_file id="fl-17">
         <path>.\common\source\</path>
         <kind>object</kind>
         <file>F2837xD_EQep.obj</file>
         <name>F2837xD_EQep.obj</name>
      </input_file>
      <input_file id="fl-18">
         <path>.\common\source\</path>
         <kind>object</kind>
         <file>F2837xD_Emif.obj</file>
         <name>F2837xD_Emif.obj</name>
      </input_file>
      <input_file id="fl-19">
         <path>.\common\source\</path>
         <kind>object</kind>
         <file>F2837xD_Gpio.obj</file>
         <name>F2837xD_Gpio.obj</name>
      </input_file>
      <input_file id="fl-1a">
         <path>.\common\source\</path>
         <kind>object</kind>
         <file>F2837xD_I2C.obj</file>
         <name>F2837xD_I2C.obj</name>
      </input_file>
      <input_file id="fl-1b">
         <path>.\common\source\</path>
         <kind>object</kind>
         <file>F2837xD_Ipc.obj</file>
         <name>F2837xD_Ipc.obj</name>
      </input_file>
      <input_file id="fl-1c">
         <path>.\common\source\</path>
         <kind>object</kind>
         <file>F2837xD_Ipc_Driver.obj</file>
         <name>F2837xD_Ipc_Driver.obj</name>
      </input_file>
      <input_file id="fl-1d">
         <path>.\common\source\</path>
         <kind>object</kind>
         <file>F2837xD_Ipc_Driver_Lite.obj</file>
         <name>F2837xD_Ipc_Driver_Lite.obj</name>
      </input_file>
      <input_file id="fl-1e">
         <path>.\common\source\</path>
         <kind>object</kind>
         <file>F2837xD_Ipc_Driver_Util.obj</file>
         <name>F2837xD_Ipc_Driver_Util.obj</name>
      </input_file>
      <input_file id="fl-1f">
         <path>.\common\source\</path>
         <kind>object</kind>
         <file>F2837xD_Mcbsp.obj</file>
         <name>F2837xD_Mcbsp.obj</name>
      </input_file>
      <input_file id="fl-20">
         <path>.\common\source\</path>
         <kind>object</kind>
         <file>F2837xD_PieCtrl.obj</file>
         <name>F2837xD_PieCtrl.obj</name>
      </input_file>
      <input_file id="fl-21">
         <path>.\common\source\</path>
         <kind>object</kind>
         <file>F2837xD_PieVect.obj</file>
         <name>F2837xD_PieVect.obj</name>
      </input_file>
      <input_file id="fl-22">
         <path>.\common\source\</path>
         <kind>object</kind>
         <file>F2837xD_Sci.obj</file>
         <name>F2837xD_Sci.obj</name>
      </input_file>
      <input_file id="fl-23">
         <path>.\common\source\</path>
         <kind>object</kind>
         <file>F2837xD_Spi.obj</file>
         <name>F2837xD_Spi.obj</name>
      </input_file>
      <input_file id="fl-24">
         <path>.\common\source\</path>
         <kind>object</kind>
         <file>F2837xD_SysCtrl.obj</file>
         <name>F2837xD_SysCtrl.obj</name>
      </input_file>
      <input_file id="fl-25">
         <path>.\common\source\</path>
         <kind>object</kind>
         <file>F2837xD_TempSensorConv.obj</file>
         <name>F2837xD_TempSensorConv.obj</name>
      </input_file>
      <input_file id="fl-26">
         <path>.\common\source\</path>
         <kind>object</kind>
         <file>F2837xD_Upp.obj</file>
         <name>F2837xD_Upp.obj</name>
      </input_file>
      <input_file id="fl-27">
         <path>.\common\source\</path>
         <kind>object</kind>
         <file>F2837xD_can.obj</file>
         <name>F2837xD_can.obj</name>
      </input_file>
      <input_file id="fl-28">
         <path>.\common\source\</path>
         <kind>object</kind>
         <file>F2837xD_sci_io.obj</file>
         <name>F2837xD_sci_io.obj</name>
      </input_file>
      <input_file id="fl-29">
         <path>.\common\source\</path>
         <kind>object</kind>
         <file>F2837xD_sdfm_drivers.obj</file>
         <name>F2837xD_sdfm_drivers.obj</name>
      </input_file>
      <input_file id="fl-2a">
         <path>.\common\source\</path>
         <kind>object</kind>
         <file>F2837xD_struct.obj</file>
         <name>F2837xD_struct.obj</name>
      </input_file>
      <input_file id="fl-2b">
         <path>.\common\source\</path>
         <kind>object</kind>
         <file>F2837xD_usDelay.obj</file>
         <name>F2837xD_usDelay.obj</name>
      </input_file>
      <input_file id="fl-2c">
         <path>.\common\source\</path>
         <kind>object</kind>
         <file>device.obj</file>
         <name>device.obj</name>
      </input_file>
      <input_file id="fl-2d">
         <path>.\headers\source\</path>
         <kind>object</kind>
         <file>F2837xD_GlobalVariableDefs.obj</file>
         <name>F2837xD_GlobalVariableDefs.obj</name>
      </input_file>
      <input_file id="fl-34">
         <kind>object</kind>
         <file>&lt;internal&gt;</file>
         <name>&lt;internal&gt;</name>
      </input_file>
      <input_file id="fl-35">
         <path>..\driverlib\</path>
         <kind>archive</kind>
         <file>driverlib.lib</file>
         <name>cputimer.obj</name>
      </input_file>
      <input_file id="fl-36">
         <path>..\driverlib\</path>
         <kind>archive</kind>
         <file>driverlib.lib</file>
         <name>flash.obj</name>
      </input_file>
      <input_file id="fl-37">
         <path>..\driverlib\</path>
         <kind>archive</kind>
         <file>driverlib.lib</file>
         <name>gpio.obj</name>
      </input_file>
      <input_file id="fl-38">
         <path>..\driverlib\</path>
         <kind>archive</kind>
         <file>driverlib.lib</file>
         <name>interrupt.obj</name>
      </input_file>
      <input_file id="fl-39">
         <path>..\driverlib\</path>
         <kind>archive</kind>
         <file>driverlib.lib</file>
         <name>memcfg.obj</name>
      </input_file>
      <input_file id="fl-3a">
         <path>..\driverlib\</path>
         <kind>archive</kind>
         <file>driverlib.lib</file>
         <name>sysctl.obj</name>
      </input_file>
      <input_file id="fl-46">
         <path>C:\ti\ccs1011\ccs\tools\compiler\ti-cgt-c2000_18.12.2.LTS\lib\</path>
         <kind>archive</kind>
         <file>rts2800_fpu32.lib</file>
         <name>boot28.asm.obj</name>
      </input_file>
      <input_file id="fl-47">
         <path>C:\ti\ccs1011\ccs\tools\compiler\ti-cgt-c2000_18.12.2.LTS\lib\</path>
         <kind>archive</kind>
         <file>rts2800_fpu32.lib</file>
         <name>fs_div28.asm.obj</name>
      </input_file>
      <input_file id="fl-48">
         <path>C:\ti\ccs1011\ccs\tools\compiler\ti-cgt-c2000_18.12.2.LTS\lib\</path>
         <kind>archive</kind>
         <file>rts2800_fpu32.lib</file>
         <name>ll_aox28.asm.obj</name>
      </input_file>
      <input_file id="fl-49">
         <path>C:\ti\ccs1011\ccs\tools\compiler\ti-cgt-c2000_18.12.2.LTS\lib\</path>
         <kind>archive</kind>
         <file>rts2800_fpu32.lib</file>
         <name>u_div28.asm.obj</name>
      </input_file>
      <input_file id="fl-4a">
         <path>C:\ti\ccs1011\ccs\tools\compiler\ti-cgt-c2000_18.12.2.LTS\lib\</path>
         <kind>archive</kind>
         <file>rts2800_fpu32.lib</file>
         <name>cpy_tbl.c.obj</name>
      </input_file>
      <input_file id="fl-4b">
         <path>C:\ti\ccs1011\ccs\tools\compiler\ti-cgt-c2000_18.12.2.LTS\lib\</path>
         <kind>archive</kind>
         <file>rts2800_fpu32.lib</file>
         <name>memcpy.c.obj</name>
      </input_file>
      <input_file id="fl-4c">
         <path>C:\ti\ccs1011\ccs\tools\compiler\ti-cgt-c2000_18.12.2.LTS\lib\</path>
         <kind>archive</kind>
         <file>rts2800_fpu32.lib</file>
         <name>pre_init.c.obj</name>
      </input_file>
      <input_file id="fl-4d">
         <path>C:\ti\ccs1011\ccs\tools\compiler\ti-cgt-c2000_18.12.2.LTS\lib\</path>
         <kind>archive</kind>
         <file>rts2800_fpu32.lib</file>
         <name>startup.c.obj</name>
      </input_file>
      <input_file id="fl-4e">
         <path>C:\ti\ccs1011\ccs\tools\compiler\ti-cgt-c2000_18.12.2.LTS\lib\</path>
         <kind>archive</kind>
         <file>rts2800_fpu32.lib</file>
         <name>exit.c.obj</name>
      </input_file>
      <input_file id="fl-4f">
         <path>C:\ti\ccs1011\ccs\tools\compiler\ti-cgt-c2000_18.12.2.LTS\lib\</path>
         <kind>archive</kind>
         <file>rts2800_fpu32.lib</file>
         <name>_lock.c.obj</name>
      </input_file>
      <input_file id="fl-50">
         <path>C:\ti\ccs1011\ccs\tools\compiler\ti-cgt-c2000_18.12.2.LTS\lib\</path>
         <kind>archive</kind>
         <file>rts2800_fpu32.lib</file>
         <name>args_main.c.obj</name>
      </input_file>
      <input_file id="fl-51">
         <path>C:\ti\ccs1011\ccs\tools\compiler\ti-cgt-c2000_18.12.2.LTS\lib\</path>
         <kind>archive</kind>
         <file>rts2800_fpu32.lib</file>
         <name>memset.c.obj</name>
      </input_file>
   </input_file_list>
   <object_component_list>
      <object_component id="oc-1a1">
         <name>.cinit:_TRIP_SEL</name>
         <load_address>0x82000</load_address>
         <run_address>0x82000</run_address>
         <size>0x21</size>
         <input_file_ref idref="fl-2a"/>
      </object_component>
      <object_component id="oc-1cb">
         <name>.cinit:_EPWM</name>
         <load_address>0x82021</load_address>
         <run_address>0x82021</run_address>
         <size>0x1d</size>
         <input_file_ref idref="fl-2a"/>
      </object_component>
      <object_component id="oc-a2">
         <name>.cinit</name>
         <load_address>0x8203e</load_address>
         <run_address>0x8203e</run_address>
         <size>0x1a</size>
         <input_file_ref idref="fl-7"/>
      </object_component>
      <object_component id="oc-c8">
         <name>.cinit</name>
         <load_address>0x82058</load_address>
         <run_address>0x82058</run_address>
         <size>0x18</size>
         <input_file_ref idref="fl-d"/>
      </object_component>
      <object_component id="oc-28e">
         <name>.cinit:_mem_pause</name>
         <load_address>0x82070</load_address>
         <run_address>0x82070</run_address>
         <size>0x17</size>
         <input_file_ref idref="fl-7"/>
      </object_component>
      <object_component id="oc-8a">
         <name>.cinit</name>
         <load_address>0x82087</load_address>
         <run_address>0x82087</run_address>
         <size>0x12</size>
         <input_file_ref idref="fl-3"/>
      </object_component>
      <object_component id="oc-19a">
         <name>.cinit:_ECAP</name>
         <load_address>0x82099</load_address>
         <run_address>0x82099</run_address>
         <size>0x11</size>
         <input_file_ref idref="fl-2a"/>
      </object_component>
      <object_component id="oc-96">
         <name>.cinit</name>
         <load_address>0x820aa</load_address>
         <run_address>0x820aa</run_address>
         <size>0xe</size>
         <input_file_ref idref="fl-5"/>
      </object_component>
      <object_component id="oc-22d">
         <name>.cinit</name>
         <load_address>0x820b8</load_address>
         <run_address>0x820b8</run_address>
         <size>0xe</size>
         <input_file_ref idref="fl-4e"/>
      </object_component>
      <object_component id="oc-1c0">
         <name>.cinit:_ADC</name>
         <load_address>0x820c6</load_address>
         <run_address>0x820c6</run_address>
         <size>0xd</size>
         <input_file_ref idref="fl-2a"/>
      </object_component>
      <object_component id="oc-1a6">
         <name>.cinit:_EQEP</name>
         <load_address>0x820d3</load_address>
         <run_address>0x820d3</run_address>
         <size>0xb</size>
         <input_file_ref idref="fl-2a"/>
      </object_component>
      <object_component id="oc-188">
         <name>.cinit:_SPI</name>
         <load_address>0x820de</load_address>
         <run_address>0x820de</run_address>
         <size>0xb</size>
         <input_file_ref idref="fl-2a"/>
      </object_component>
      <object_component id="oc-276">
         <name>.cinit:_rx_mem_conf</name>
         <load_address>0x820e9</load_address>
         <run_address>0x820e9</run_address>
         <size>0xb</size>
         <input_file_ref idref="fl-7"/>
      </object_component>
      <object_component id="oc-274">
         <name>.cinit:_tx_mem_conf</name>
         <load_address>0x820f4</load_address>
         <run_address>0x820f4</run_address>
         <size>0xb</size>
         <input_file_ref idref="fl-7"/>
      </object_component>
      <object_component id="oc-1c6">
         <name>.cinit:_SDFM</name>
         <load_address>0x820ff</load_address>
         <run_address>0x820ff</run_address>
         <size>0x9</size>
         <input_file_ref idref="fl-2a"/>
      </object_component>
      <object_component id="oc-278">
         <name>.cinit:_mac</name>
         <load_address>0x82108</load_address>
         <run_address>0x82108</run_address>
         <size>0x9</size>
         <input_file_ref idref="fl-7"/>
      </object_component>
      <object_component id="oc-1aa">
         <name>.cinit:_I2C</name>
         <load_address>0x82111</load_address>
         <run_address>0x82111</run_address>
         <size>0x7</size>
         <input_file_ref idref="fl-2a"/>
      </object_component>
      <object_component id="oc-1b0">
         <name>.cinit:_MCBSP</name>
         <load_address>0x82118</load_address>
         <run_address>0x82118</run_address>
         <size>0x7</size>
         <input_file_ref idref="fl-2a"/>
      </object_component>
      <object_component id="oc-183">
         <name>.cinit:_SCI</name>
         <load_address>0x8211f</load_address>
         <run_address>0x8211f</run_address>
         <size>0x7</size>
         <input_file_ref idref="fl-2a"/>
      </object_component>
      <object_component id="oc-27a">
         <name>.cinit:_gw</name>
         <load_address>0x82126</load_address>
         <run_address>0x82126</run_address>
         <size>0x7</size>
         <input_file_ref idref="fl-7"/>
      </object_component>
      <object_component id="oc-27e">
         <name>.cinit:_ip</name>
         <load_address>0x8212d</load_address>
         <run_address>0x8212d</run_address>
         <size>0x7</size>
         <input_file_ref idref="fl-7"/>
      </object_component>
      <object_component id="oc-27c">
         <name>.cinit:_sn</name>
         <load_address>0x82134</load_address>
         <run_address>0x82134</run_address>
         <size>0x7</size>
         <input_file_ref idref="fl-7"/>
      </object_component>
      <object_component id="oc-256">
         <name>.cinit:__lock</name>
         <load_address>0x8213b</load_address>
         <run_address>0x8213b</run_address>
         <size>0x5</size>
         <input_file_ref idref="fl-4f"/>
      </object_component>
      <object_component id="oc-26a">
         <name>.cinit:__unlock</name>
         <load_address>0x82140</load_address>
         <run_address>0x82140</run_address>
         <size>0x5</size>
         <input_file_ref idref="fl-4f"/>
      </object_component>
      <object_component id="oc-15a">
         <name>.cinit</name>
         <load_address>0x82145</load_address>
         <run_address>0x82145</run_address>
         <size>0x4</size>
         <input_file_ref idref="fl-28"/>
      </object_component>
      <object_component id="oc-b4">
         <name>.cinit</name>
         <load_address>0x82149</load_address>
         <run_address>0x82149</run_address>
         <size>0x4</size>
         <input_file_ref idref="fl-a"/>
      </object_component>
      <object_component id="oc-28b">
         <name>.cinit:_g_debug_ETX</name>
         <load_address>0x8214d</load_address>
         <run_address>0x8214d</run_address>
         <size>0x4</size>
         <input_file_ref idref="fl-7"/>
      </object_component>
      <object_component id="oc-ec">
         <name>.text:retain</name>
         <load_address>0x82154</load_address>
         <run_address>0x82154</run_address>
         <size>0x585</size>
         <input_file_ref idref="fl-13"/>
      </object_component>
      <object_component id="oc-26f">
         <name>.text</name>
         <load_address>0x826d9</load_address>
         <run_address>0x826d9</run_address>
         <size>0x31c</size>
         <input_file_ref idref="fl-18"/>
      </object_component>
      <object_component id="oc-259">
         <name>.text</name>
         <load_address>0x829f5</load_address>
         <run_address>0x829f5</run_address>
         <size>0x279</size>
         <input_file_ref idref="fl-6"/>
      </object_component>
      <object_component id="oc-270">
         <name>.text</name>
         <load_address>0x82c6e</load_address>
         <run_address>0x82c6e</run_address>
         <size>0x244</size>
         <input_file_ref idref="fl-19"/>
      </object_component>
      <object_component id="oc-26d">
         <name>.text:_SysCtl_setClock</name>
         <load_address>0x82eb2</load_address>
         <run_address>0x82eb2</run_address>
         <size>0x221</size>
         <input_file_ref idref="fl-3a"/>
      </object_component>
      <object_component id="oc-258">
         <name>.text</name>
         <load_address>0x830d3</load_address>
         <run_address>0x830d3</run_address>
         <size>0x1d2</size>
         <input_file_ref idref="fl-2c"/>
      </object_component>
      <object_component id="oc-265">
         <name>.text</name>
         <load_address>0x832a5</load_address>
         <run_address>0x832a5</run_address>
         <size>0x171</size>
         <input_file_ref idref="fl-1e"/>
      </object_component>
      <object_component id="oc-254">
         <name>.text</name>
         <load_address>0x83416</load_address>
         <run_address>0x83416</run_address>
         <size>0xfb</size>
         <input_file_ref idref="fl-d"/>
      </object_component>
      <object_component id="oc-248">
         <name>.text</name>
         <load_address>0x83511</load_address>
         <run_address>0x83511</run_address>
         <size>0xda</size>
         <input_file_ref idref="fl-a"/>
      </object_component>
      <object_component id="oc-209">
         <name>.text</name>
         <load_address>0x835eb</load_address>
         <run_address>0x835eb</run_address>
         <size>0x88</size>
         <input_file_ref idref="fl-47"/>
      </object_component>
      <object_component id="oc-244">
         <name>.text</name>
         <load_address>0x83673</load_address>
         <run_address>0x83673</run_address>
         <size>0x1</size>
         <input_file_ref idref="fl-4d"/>
      </object_component>
      <object_component id="oc-d0">
         <name>.text</name>
         <load_address>0x83674</load_address>
         <run_address>0x83674</run_address>
         <size>0x5d</size>
         <input_file_ref idref="fl-e"/>
      </object_component>
      <object_component id="oc-86">
         <name>.text</name>
         <load_address>0x836d1</load_address>
         <run_address>0x836d1</run_address>
         <size>0x56</size>
         <input_file_ref idref="fl-46"/>
      </object_component>
      <object_component id="oc-261">
         <name>.text:_Interrupt_initModule</name>
         <load_address>0x83727</load_address>
         <run_address>0x83727</run_address>
         <size>0x54</size>
         <input_file_ref idref="fl-38"/>
      </object_component>
      <object_component id="oc-25d">
         <name>.text:_GPIO_setPadConfig</name>
         <load_address>0x8377b</load_address>
         <run_address>0x8377b</run_address>
         <size>0x52</size>
         <input_file_ref idref="fl-37"/>
      </object_component>
      <object_component id="oc-29c">
         <name>.text:_SysCtl_selectOscSource</name>
         <load_address>0x837cd</load_address>
         <run_address>0x837cd</run_address>
         <size>0x4d</size>
         <input_file_ref idref="fl-3a"/>
      </object_component>
      <object_component id="oc-287">
         <name>.text</name>
         <load_address>0x8381a</load_address>
         <run_address>0x8381a</run_address>
         <size>0x4b</size>
         <input_file_ref idref="fl-8"/>
      </object_component>
      <object_component id="oc-25f">
         <name>.text</name>
         <load_address>0x83865</load_address>
         <run_address>0x83865</run_address>
         <size>0x45</size>
         <input_file_ref idref="fl-7"/>
      </object_component>
      <object_component id="oc-25a">
         <name>.text:_GPIO_setPinConfig</name>
         <load_address>0x838aa</load_address>
         <run_address>0x838aa</run_address>
         <size>0x3d</size>
         <input_file_ref idref="fl-37"/>
      </object_component>
      <object_component id="oc-25c">
         <name>.text:_GPIO_setMasterCore</name>
         <load_address>0x838e7</load_address>
         <run_address>0x838e7</run_address>
         <size>0x38</size>
         <input_file_ref idref="fl-37"/>
      </object_component>
      <object_component id="oc-25e">
         <name>.text:_GPIO_setQualificationMode</name>
         <load_address>0x8391f</load_address>
         <run_address>0x8391f</run_address>
         <size>0x38</size>
         <input_file_ref idref="fl-37"/>
      </object_component>
      <object_component id="oc-263">
         <name>.text:_Interrupt_enable</name>
         <load_address>0x83957</load_address>
         <run_address>0x83957</run_address>
         <size>0x33</size>
         <input_file_ref idref="fl-38"/>
      </object_component>
      <object_component id="oc-25b">
         <name>.text:_GPIO_setDirectionMode</name>
         <load_address>0x8398a</load_address>
         <run_address>0x8398a</run_address>
         <size>0x31</size>
         <input_file_ref idref="fl-37"/>
      </object_component>
      <object_component id="oc-292">
         <name>.text:_Flash_setBankPowerUpDelay</name>
         <load_address>0x839bb</load_address>
         <run_address>0x839bb</run_address>
         <size>0x29</size>
         <input_file_ref idref="fl-36"/>
      </object_component>
      <object_component id="oc-246">
         <name>.text</name>
         <load_address>0x839e4</load_address>
         <run_address>0x839e4</run_address>
         <size>0x29</size>
         <input_file_ref idref="fl-4e"/>
      </object_component>
      <object_component id="oc-26e">
         <name>.text:_MemCfg_setGSRAMMasterSel</name>
         <load_address>0x83a0d</load_address>
         <run_address>0x83a0d</run_address>
         <size>0x26</size>
         <input_file_ref idref="fl-39"/>
      </object_component>
      <object_component id="oc-260">
         <name>.text</name>
         <load_address>0x83a33</load_address>
         <run_address>0x83a33</run_address>
         <size>0x25</size>
         <input_file_ref idref="fl-3"/>
      </object_component>
      <object_component id="oc-243">
         <name>.text</name>
         <load_address>0x83a58</load_address>
         <run_address>0x83a58</run_address>
         <size>0x24</size>
         <input_file_ref idref="fl-4a"/>
      </object_component>
      <object_component id="oc-262">
         <name>.text:_Interrupt_initVectorTable</name>
         <load_address>0x83a7c</load_address>
         <run_address>0x83a7c</run_address>
         <size>0x20</size>
         <input_file_ref idref="fl-38"/>
      </object_component>
      <object_component id="oc-253">
         <name>.text</name>
         <load_address>0x83a9c</load_address>
         <run_address>0x83a9c</run_address>
         <size>0x1d</size>
         <input_file_ref idref="fl-4b"/>
      </object_component>
      <object_component id="oc-26b">
         <name>.text:_CPUTimer_isBaseValid</name>
         <load_address>0x83ab9</load_address>
         <run_address>0x83ab9</run_address>
         <size>0x1a</size>
         <input_file_ref idref="fl-35"/>
      </object_component>
      <object_component id="oc-245">
         <name>.text</name>
         <load_address>0x83ad3</load_address>
         <run_address>0x83ad3</run_address>
         <size>0x19</size>
         <input_file_ref idref="fl-50"/>
      </object_component>
      <object_component id="oc-20e">
         <name>.text</name>
         <load_address>0x83aec</load_address>
         <run_address>0x83aec</run_address>
         <size>0x18</size>
         <input_file_ref idref="fl-48"/>
      </object_component>
      <object_component id="oc-257">
         <name>.text:_CPUTimer_setEmulationMode</name>
         <load_address>0x83b04</load_address>
         <run_address>0x83b04</run_address>
         <size>0x13</size>
         <input_file_ref idref="fl-35"/>
      </object_component>
      <object_component id="oc-290">
         <name>.text:_Flash_isCtrlBaseValid</name>
         <load_address>0x83b17</load_address>
         <run_address>0x83b17</run_address>
         <size>0x10</size>
         <input_file_ref idref="fl-36"/>
      </object_component>
      <object_component id="oc-291">
         <name>.text:_Flash_isECCBaseValid</name>
         <load_address>0x83b27</load_address>
         <run_address>0x83b27</run_address>
         <size>0x10</size>
         <input_file_ref idref="fl-36"/>
      </object_component>
      <object_component id="oc-271">
         <name>.text:_GPIO_isPinValid</name>
         <load_address>0x83b37</load_address>
         <run_address>0x83b37</run_address>
         <size>0xe</size>
         <input_file_ref idref="fl-37"/>
      </object_component>
      <object_component id="oc-281">
         <name>.text:_Interrupt_defaultHandler</name>
         <load_address>0x83b45</load_address>
         <run_address>0x83b45</run_address>
         <size>0xe</size>
         <input_file_ref idref="fl-38"/>
      </object_component>
      <object_component id="oc-264">
         <name>.text</name>
         <load_address>0x83b53</load_address>
         <run_address>0x83b53</run_address>
         <size>0xd</size>
         <input_file_ref idref="fl-5"/>
      </object_component>
      <object_component id="oc-280">
         <name>.text:_Interrupt_disableMaster</name>
         <load_address>0x83b60</load_address>
         <run_address>0x83b60</run_address>
         <size>0xd</size>
         <input_file_ref idref="fl-38"/>
      </object_component>
      <object_component id="oc-284">
         <name>.text:_Interrupt_enableMaster</name>
         <load_address>0x83b6d</load_address>
         <run_address>0x83b6d</run_address>
         <size>0xd</size>
         <input_file_ref idref="fl-38"/>
      </object_component>
      <object_component id="oc-29b">
         <name>.text:_SysCtl_isMCDClockFailureDetected</name>
         <load_address>0x83b7a</load_address>
         <run_address>0x83b7a</run_address>
         <size>0xb</size>
         <input_file_ref idref="fl-3a"/>
      </object_component>
      <object_component id="oc-213">
         <name>.text</name>
         <load_address>0x83b85</load_address>
         <run_address>0x83b85</run_address>
         <size>0xb</size>
         <input_file_ref idref="fl-49"/>
      </object_component>
      <object_component id="oc-29d">
         <name>.text:_SysCtl_serviceWatchdog</name>
         <load_address>0x83b90</load_address>
         <run_address>0x83b90</run_address>
         <size>0x9</size>
         <input_file_ref idref="fl-3a"/>
      </object_component>
      <object_component id="oc-269">
         <name>.text</name>
         <load_address>0x83b99</load_address>
         <run_address>0x83b99</run_address>
         <size>0x9</size>
         <input_file_ref idref="fl-4f"/>
      </object_component>
      <object_component id="oc-da">
         <name>.text</name>
         <load_address>0x83ba2</load_address>
         <run_address>0x83ba2</run_address>
         <size>0x8</size>
         <input_file_ref idref="fl-10"/>
      </object_component>
      <object_component id="oc-e6">
         <name>.text</name>
         <load_address>0x83baa</load_address>
         <run_address>0x83baa</run_address>
         <size>0x3</size>
         <input_file_ref idref="fl-12"/>
      </object_component>
      <object_component id="oc-283">
         <name>.text:_Interrupt_illegalOperationHandler</name>
         <load_address>0x83bad</load_address>
         <run_address>0x83bad</run_address>
         <size>0x2</size>
         <input_file_ref idref="fl-38"/>
      </object_component>
      <object_component id="oc-282">
         <name>.text:_Interrupt_nmiHandler</name>
         <load_address>0x83baf</load_address>
         <run_address>0x83baf</run_address>
         <size>0x2</size>
         <input_file_ref idref="fl-38"/>
      </object_component>
      <object_component id="oc-242">
         <name>.text</name>
         <load_address>0x83bb1</load_address>
         <run_address>0x83bb1</run_address>
         <size>0x2</size>
         <input_file_ref idref="fl-4c"/>
      </object_component>
      <object_component id="oc-db">
         <name>codestart</name>
         <load_address>0x80000</load_address>
         <run_address>0x80000</run_address>
         <size>0x2</size>
         <input_file_ref idref="fl-10"/>
      </object_component>
      <object_component id="oc-203">
         <name>.stack</name>
         <uninitialized>true</uninitialized>
         <run_address>0x400</run_address>
         <size>0x0</size>
         <input_file_ref idref="fl-46"/>
      </object_component>
      <object_component id="oc-32e">
         <name>.stack</name>
         <uninitialized>true</uninitialized>
         <run_address>0x400</run_address>
         <size>0x0</size>
      </object_component>
      <object_component id="oc-8b">
         <name>.ebss</name>
         <uninitialized>true</uninitialized>
         <run_address>0x854e</run_address>
         <size>0x6</size>
         <input_file_ref idref="fl-3"/>
      </object_component>
      <object_component id="oc-266">
         <name>.ebss:_s_SDRAMp</name>
         <uninitialized>true</uninitialized>
         <run_address>0x8538</run_address>
         <size>0x8</size>
         <input_file_ref idref="fl-3"/>
      </object_component>
      <object_component id="oc-286">
         <name>.ebss:_gPointerCount</name>
         <uninitialized>true</uninitialized>
         <run_address>0x8528</run_address>
         <size>0x8</size>
         <input_file_ref idref="fl-3"/>
      </object_component>
      <object_component id="oc-97">
         <name>.ebss</name>
         <uninitialized>true</uninitialized>
         <run_address>0x8554</run_address>
         <size>0x6</size>
         <input_file_ref idref="fl-5"/>
      </object_component>
      <object_component id="oc-a3">
         <name>.ebss</name>
         <uninitialized>true</uninitialized>
         <run_address>0x84f4</run_address>
         <size>0xc</size>
         <input_file_ref idref="fl-7"/>
      </object_component>
      <object_component id="oc-28a">
         <name>.ebss:_g_debug_ETX</name>
         <uninitialized>true</uninitialized>
         <run_address>0x8595</run_address>
         <size>0x1</size>
         <input_file_ref idref="fl-7"/>
      </object_component>
      <object_component id="oc-27d">
         <name>.ebss:_ip</name>
         <uninitialized>true</uninitialized>
         <run_address>0x8584</run_address>
         <size>0x4</size>
         <input_file_ref idref="fl-7"/>
      </object_component>
      <object_component id="oc-279">
         <name>.ebss:_gw</name>
         <uninitialized>true</uninitialized>
         <run_address>0x8580</run_address>
         <size>0x4</size>
         <input_file_ref idref="fl-7"/>
      </object_component>
      <object_component id="oc-27b">
         <name>.ebss:_sn</name>
         <uninitialized>true</uninitialized>
         <run_address>0x8588</run_address>
         <size>0x4</size>
         <input_file_ref idref="fl-7"/>
      </object_component>
      <object_component id="oc-277">
         <name>.ebss:_mac</name>
         <uninitialized>true</uninitialized>
         <run_address>0x8560</run_address>
         <size>0x6</size>
         <input_file_ref idref="fl-7"/>
      </object_component>
      <object_component id="oc-273">
         <name>.ebss:_tx_mem_conf</name>
         <uninitialized>true</uninitialized>
         <run_address>0x8540</run_address>
         <size>0x8</size>
         <input_file_ref idref="fl-7"/>
      </object_component>
      <object_component id="oc-275">
         <name>.ebss:_rx_mem_conf</name>
         <uninitialized>true</uninitialized>
         <run_address>0x8530</run_address>
         <size>0x8</size>
         <input_file_ref idref="fl-7"/>
      </object_component>
      <object_component id="oc-28c">
         <name>.ebss:_chamber_temp</name>
         <uninitialized>true</uninitialized>
         <run_address>0x84e4</run_address>
         <size>0x10</size>
         <input_file_ref idref="fl-7"/>
      </object_component>
      <object_component id="oc-28d">
         <name>.ebss:_mem_pause</name>
         <uninitialized>true</uninitialized>
         <run_address>0x84c0</run_address>
         <size>0x14</size>
         <input_file_ref idref="fl-7"/>
      </object_component>
      <object_component id="oc-247">
         <name>.ebss:_read_chamber_temp_conv</name>
         <uninitialized>true</uninitialized>
         <run_address>0x8400</run_address>
         <size>0x30</size>
         <input_file_ref idref="fl-7"/>
      </object_component>
      <object_component id="oc-289">
         <name>.ebss:_g_etx_buf</name>
         <uninitialized>true</uninitialized>
         <run_address>0x8000</run_address>
         <size>0x400</size>
         <input_file_ref idref="fl-7"/>
      </object_component>
      <object_component id="oc-ae">
         <name>.ebss</name>
         <uninitialized>true</uninitialized>
         <run_address>0x8440</run_address>
         <size>0x28</size>
         <input_file_ref idref="fl-9"/>
      </object_component>
      <object_component id="oc-b5">
         <name>.ebss</name>
         <uninitialized>true</uninitialized>
         <run_address>0x8593</run_address>
         <size>0x1</size>
         <input_file_ref idref="fl-a"/>
      </object_component>
      <object_component id="oc-29e">
         <name>.ebss:_SUBN_VAR</name>
         <uninitialized>true</uninitialized>
         <run_address>0x857c</run_address>
         <size>0x4</size>
         <input_file_ref idref="fl-b"/>
      </object_component>
      <object_component id="oc-29f">
         <name>.ebss:_IP_VAR</name>
         <uninitialized>true</uninitialized>
         <run_address>0x8570</run_address>
         <size>0x4</size>
         <input_file_ref idref="fl-b"/>
      </object_component>
      <object_component id="oc-2a0">
         <name>.ebss:_TXMEM_SIZE</name>
         <uninitialized>true</uninitialized>
         <run_address>0x84d4</run_address>
         <size>0x10</size>
         <input_file_ref idref="fl-b"/>
      </object_component>
      <object_component id="oc-2a1">
         <name>.ebss:_RXMEM_SIZE</name>
         <uninitialized>true</uninitialized>
         <run_address>0x8430</run_address>
         <size>0x10</size>
         <input_file_ref idref="fl-b"/>
      </object_component>
      <object_component id="oc-c1">
         <name>.ebss</name>
         <uninitialized>true</uninitialized>
         <run_address>0x8594</run_address>
         <size>0x1</size>
         <input_file_ref idref="fl-c"/>
      </object_component>
      <object_component id="oc-2a2">
         <name>.ebss:_check_sendok_flag</name>
         <uninitialized>true</uninitialized>
         <run_address>0x8520</run_address>
         <size>0x8</size>
         <input_file_ref idref="fl-c"/>
      </object_component>
      <object_component id="oc-cb">
         <name>.ebss</name>
         <uninitialized>true</uninitialized>
         <run_address>0x8590</run_address>
         <size>0x2</size>
         <input_file_ref idref="fl-d"/>
      </object_component>
      <object_component id="oc-e1">
         <name>.ebss</name>
         <uninitialized>true</uninitialized>
         <run_address>0x8468</run_address>
         <size>0x18</size>
         <input_file_ref idref="fl-11"/>
      </object_component>
      <object_component id="oc-14a">
         <name>.ebss</name>
         <uninitialized>true</uninitialized>
         <run_address>0x8548</run_address>
         <size>0x6</size>
         <input_file_ref idref="fl-25"/>
      </object_component>
      <object_component id="oc-15b">
         <name>.ebss</name>
         <uninitialized>true</uninitialized>
         <run_address>0x8592</run_address>
         <size>0x1</size>
         <input_file_ref idref="fl-28"/>
      </object_component>
      <object_component id="oc-24e">
         <name>.ebss:_I2C</name>
         <uninitialized>true</uninitialized>
         <run_address>0x856c</run_address>
         <size>0x4</size>
         <input_file_ref idref="fl-2a"/>
      </object_component>
      <object_component id="oc-24f">
         <name>.ebss:_MCBSP</name>
         <uninitialized>true</uninitialized>
         <run_address>0x8574</run_address>
         <size>0x4</size>
         <input_file_ref idref="fl-2a"/>
      </object_component>
      <object_component id="oc-249">
         <name>.ebss:_SCI</name>
         <uninitialized>true</uninitialized>
         <run_address>0x8578</run_address>
         <size>0x4</size>
         <input_file_ref idref="fl-2a"/>
      </object_component>
      <object_component id="oc-251">
         <name>.ebss:_SDFM</name>
         <uninitialized>true</uninitialized>
         <run_address>0x855a</run_address>
         <size>0x6</size>
         <input_file_ref idref="fl-2a"/>
      </object_component>
      <object_component id="oc-24d">
         <name>.ebss:_EQEP</name>
         <uninitialized>true</uninitialized>
         <run_address>0x84b8</run_address>
         <size>0x8</size>
         <input_file_ref idref="fl-2a"/>
      </object_component>
      <object_component id="oc-24a">
         <name>.ebss:_SPI</name>
         <uninitialized>true</uninitialized>
         <run_address>0x8518</run_address>
         <size>0x8</size>
         <input_file_ref idref="fl-2a"/>
      </object_component>
      <object_component id="oc-250">
         <name>.ebss:_ADC</name>
         <uninitialized>true</uninitialized>
         <run_address>0x850e</run_address>
         <size>0xa</size>
         <input_file_ref idref="fl-2a"/>
      </object_component>
      <object_component id="oc-24b">
         <name>.ebss:_ECAP</name>
         <uninitialized>true</uninitialized>
         <run_address>0x8500</run_address>
         <size>0xe</size>
         <input_file_ref idref="fl-2a"/>
      </object_component>
      <object_component id="oc-252">
         <name>.ebss:_EPWM</name>
         <uninitialized>true</uninitialized>
         <run_address>0x849e</run_address>
         <size>0x1a</size>
         <input_file_ref idref="fl-2a"/>
      </object_component>
      <object_component id="oc-24c">
         <name>.ebss:_TRIP_SEL</name>
         <uninitialized>true</uninitialized>
         <run_address>0x8480</run_address>
         <size>0x1e</size>
         <input_file_ref idref="fl-2a"/>
      </object_component>
      <object_component id="oc-22e">
         <name>.ebss</name>
         <uninitialized>true</uninitialized>
         <run_address>0x8566</run_address>
         <size>0x6</size>
         <input_file_ref idref="fl-4e"/>
      </object_component>
      <object_component id="oc-255">
         <name>.ebss:__lock</name>
         <uninitialized>true</uninitialized>
         <run_address>0x858c</run_address>
         <size>0x2</size>
         <input_file_ref idref="fl-4f"/>
      </object_component>
      <object_component id="oc-28f">
         <name>.ebss:__unlock</name>
         <uninitialized>true</uninitialized>
         <run_address>0x858e</run_address>
         <size>0x2</size>
         <input_file_ref idref="fl-4f"/>
      </object_component>
      <object_component id="oc-1e5">
         <name>.econst:.string</name>
         <load_address>0x90000</load_address>
         <run_address>0x90000</run_address>
         <size>0xcb</size>
         <input_file_ref idref="fl-36"/>
      </object_component>
      <object_component id="oc-1eb">
         <name>.econst:.string</name>
         <load_address>0x900cc</load_address>
         <run_address>0x900cc</run_address>
         <size>0xc8</size>
         <input_file_ref idref="fl-37"/>
      </object_component>
      <object_component id="oc-1f1">
         <name>.econst:.string</name>
         <load_address>0x90194</load_address>
         <run_address>0x90194</run_address>
         <size>0x69</size>
         <input_file_ref idref="fl-38"/>
      </object_component>
      <object_component id="oc-1df">
         <name>.econst:.string</name>
         <load_address>0x901fe</load_address>
         <run_address>0x901fe</run_address>
         <size>0x68</size>
         <input_file_ref idref="fl-35"/>
      </object_component>
      <object_component id="oc-1f7">
         <name>.econst:.string</name>
         <load_address>0x90266</load_address>
         <run_address>0x90266</run_address>
         <size>0x66</size>
         <input_file_ref idref="fl-39"/>
      </object_component>
      <object_component id="oc-1fe">
         <name>.econst:.string</name>
         <load_address>0x902cc</load_address>
         <run_address>0x902cc</run_address>
         <size>0x66</size>
         <input_file_ref idref="fl-3a"/>
      </object_component>
      <object_component id="oc-c2">
         <name>.econst:.string</name>
         <load_address>0x90332</load_address>
         <run_address>0x90332</run_address>
         <size>0x2</size>
         <input_file_ref idref="fl-c"/>
      </object_component>
      <object_component id="oc-204">
         <name>.reset</name>
         <load_address>0x3fffc0</load_address>
         <run_address>0x3fffc0</run_address>
         <size>0x2</size>
         <input_file_ref idref="fl-46"/>
      </object_component>
      <object_component id="oc-27f">
         <name>.farbss:_s_SDRAM</name>
         <uninitialized>true</uninitialized>
         <run_address>0x80000000</run_address>
         <size>0xcf9d94</size>
         <input_file_ref idref="fl-3"/>
      </object_component>
      <object_component id="oc-ca">
         <name>SHARERAMGS4</name>
         <uninitialized>true</uninitialized>
         <run_address>0x10000</run_address>
         <size>0x3350</size>
         <input_file_ref idref="fl-d"/>
      </object_component>
      <object_component id="oc-c9">
         <name>SHARERAMGS15</name>
         <uninitialized>true</uninitialized>
         <run_address>0x18000</run_address>
         <size>0xab8</size>
         <input_file_ref idref="fl-d"/>
      </object_component>
      <object_component id="oc-272">
         <name>.TI.ramfunc</name>
         <load_address>0x86000</load_address>
         <run_address>0xc000</run_address>
         <size>0x6c5</size>
         <input_file_ref idref="fl-b"/>
      </object_component>
      <object_component id="oc-267">
         <name>.TI.ramfunc</name>
         <load_address>0x866c5</load_address>
         <run_address>0xc6c5</run_address>
         <size>0x6b1</size>
         <input_file_ref idref="fl-3"/>
      </object_component>
      <object_component id="oc-288">
         <name>.TI.ramfunc</name>
         <load_address>0x86d76</load_address>
         <run_address>0xcd76</run_address>
         <size>0x2d8</size>
         <input_file_ref idref="fl-c"/>
      </object_component>
      <object_component id="oc-268">
         <name>.TI.ramfunc</name>
         <load_address>0x8704e</load_address>
         <run_address>0xd04e</run_address>
         <size>0x29f</size>
         <input_file_ref idref="fl-7"/>
      </object_component>
      <object_component id="oc-b6">
         <name>.TI.ramfunc:retain</name>
         <load_address>0x872ed</load_address>
         <run_address>0xd2ed</run_address>
         <size>0xa1</size>
         <input_file_ref idref="fl-a"/>
      </object_component>
      <object_component id="oc-285">
         <name>.TI.ramfunc</name>
         <load_address>0x8738e</load_address>
         <run_address>0xd38e</run_address>
         <size>0x64</size>
         <input_file_ref idref="fl-5"/>
      </object_component>
      <object_component id="oc-26c">
         <name>.TI.ramfunc:_Flash_initModule</name>
         <load_address>0x873f2</load_address>
         <run_address>0xd3f2</run_address>
         <size>0x43</size>
         <input_file_ref idref="fl-36"/>
      </object_component>
      <object_component id="oc-293">
         <name>.TI.ramfunc:_Flash_setBankPowerMode</name>
         <load_address>0x87435</load_address>
         <run_address>0xd435</run_address>
         <size>0x32</size>
         <input_file_ref idref="fl-36"/>
      </object_component>
      <object_component id="oc-297">
         <name>.TI.ramfunc:_Flash_setWaitstates</name>
         <load_address>0x87467</load_address>
         <run_address>0xd467</run_address>
         <size>0x26</size>
         <input_file_ref idref="fl-36"/>
      </object_component>
      <object_component id="oc-294">
         <name>.TI.ramfunc:_Flash_setPumpPowerMode</name>
         <load_address>0x8748d</load_address>
         <run_address>0xd48d</run_address>
         <size>0x1f</size>
         <input_file_ref idref="fl-36"/>
      </object_component>
      <object_component id="oc-295">
         <name>.TI.ramfunc:_Flash_disableCache</name>
         <load_address>0x874ac</load_address>
         <run_address>0xd4ac</run_address>
         <size>0x18</size>
         <input_file_ref idref="fl-36"/>
      </object_component>
      <object_component id="oc-296">
         <name>.TI.ramfunc:_Flash_disablePrefetch</name>
         <load_address>0x874c4</load_address>
         <run_address>0xd4c4</run_address>
         <size>0x18</size>
         <input_file_ref idref="fl-36"/>
      </object_component>
      <object_component id="oc-298">
         <name>.TI.ramfunc:_Flash_enableCache</name>
         <load_address>0x874dc</load_address>
         <run_address>0xd4dc</run_address>
         <size>0x18</size>
         <input_file_ref idref="fl-36"/>
      </object_component>
      <object_component id="oc-299">
         <name>.TI.ramfunc:_Flash_enablePrefetch</name>
         <load_address>0x874f4</load_address>
         <run_address>0xd4f4</run_address>
         <size>0x18</size>
         <input_file_ref idref="fl-36"/>
      </object_component>
      <object_component id="oc-29a">
         <name>.TI.ramfunc:_Flash_enableECC</name>
         <load_address>0x8750c</load_address>
         <run_address>0xd50c</run_address>
         <size>0x17</size>
         <input_file_ref idref="fl-36"/>
      </object_component>
      <object_component id="oc-167">
         <name>.TI.ramfunc</name>
         <load_address>0x87523</load_address>
         <run_address>0xd523</run_address>
         <size>0x4</size>
         <input_file_ref idref="fl-2b"/>
      </object_component>
      <object_component id="oc-1fd">
         <name>.TI.ramfunc</name>
         <load_address>0x87527</load_address>
         <run_address>0xd527</run_address>
         <size>0x4</size>
         <input_file_ref idref="fl-3a"/>
      </object_component>
      <object_component id="oc-11e">
         <name>PUTBUFFER</name>
         <uninitialized>true</uninitialized>
         <run_address>0x3fc00</run_address>
         <size>0x80</size>
         <input_file_ref idref="fl-1c"/>
      </object_component>
      <object_component id="oc-11a">
         <name>PUTWRITEIDX</name>
         <uninitialized>true</uninitialized>
         <run_address>0x3fc80</run_address>
         <size>0x4</size>
         <input_file_ref idref="fl-1c"/>
      </object_component>
      <object_component id="oc-11d">
         <name>GETREADIDX</name>
         <uninitialized>true</uninitialized>
         <run_address>0x3fc84</run_address>
         <size>0x4</size>
         <input_file_ref idref="fl-1c"/>
      </object_component>
      <object_component id="oc-11f">
         <name>GETBUFFER</name>
         <uninitialized>true</uninitialized>
         <run_address>0x3f800</run_address>
         <size>0x80</size>
         <input_file_ref idref="fl-1c"/>
      </object_component>
      <object_component id="oc-11c">
         <name>GETWRITEIDX</name>
         <uninitialized>true</uninitialized>
         <run_address>0x3f880</run_address>
         <size>0x4</size>
         <input_file_ref idref="fl-1c"/>
      </object_component>
      <object_component id="oc-11b">
         <name>PUTREADIDX</name>
         <uninitialized>true</uninitialized>
         <run_address>0x3f884</run_address>
         <size>0x4</size>
         <input_file_ref idref="fl-1c"/>
      </object_component>
      <object_component id="oc-1dc">
         <name>PieVectTableFile</name>
         <uninitialized>true</uninitialized>
         <run_address>0xd00</run_address>
         <size>0x1c0</size>
         <input_file_ref idref="fl-2d"/>
      </object_component>
      <object_component id="oc-172">
         <name>EmuBModeVar</name>
         <uninitialized>true</uninitialized>
         <run_address>0xd00</run_address>
         <size>0x1</size>
         <input_file_ref idref="fl-2d"/>
      </object_component>
      <object_component id="oc-173">
         <name>EmuBootPinsVar</name>
         <uninitialized>true</uninitialized>
         <run_address>0xd01</run_address>
         <size>0x1</size>
         <input_file_ref idref="fl-2d"/>
      </object_component>
      <object_component id="oc-18b">
         <name>AdcaResultFile</name>
         <uninitialized>true</uninitialized>
         <run_address>0xb00</run_address>
         <size>0x18</size>
         <input_file_ref idref="fl-2d"/>
      </object_component>
      <object_component id="oc-18c">
         <name>AdcbResultFile</name>
         <uninitialized>true</uninitialized>
         <run_address>0xb20</run_address>
         <size>0x18</size>
         <input_file_ref idref="fl-2d"/>
      </object_component>
      <object_component id="oc-18d">
         <name>AdccResultFile</name>
         <uninitialized>true</uninitialized>
         <run_address>0xb40</run_address>
         <size>0x18</size>
         <input_file_ref idref="fl-2d"/>
      </object_component>
      <object_component id="oc-18e">
         <name>AdcdResultFile</name>
         <uninitialized>true</uninitialized>
         <run_address>0xb60</run_address>
         <size>0x18</size>
         <input_file_ref idref="fl-2d"/>
      </object_component>
      <object_component id="oc-1bf">
         <name>AdcaRegsFile</name>
         <uninitialized>true</uninitialized>
         <run_address>0x7400</run_address>
         <size>0x80</size>
         <input_file_ref idref="fl-2d"/>
      </object_component>
      <object_component id="oc-1c1">
         <name>AdcbRegsFile</name>
         <uninitialized>true</uninitialized>
         <run_address>0x7480</run_address>
         <size>0x80</size>
         <input_file_ref idref="fl-2d"/>
      </object_component>
      <object_component id="oc-1c2">
         <name>AdccRegsFile</name>
         <uninitialized>true</uninitialized>
         <run_address>0x7500</run_address>
         <size>0x80</size>
         <input_file_ref idref="fl-2d"/>
      </object_component>
      <object_component id="oc-1c3">
         <name>AdcdRegsFile</name>
         <uninitialized>true</uninitialized>
         <run_address>0x7580</run_address>
         <size>0x80</size>
         <input_file_ref idref="fl-2d"/>
      </object_component>
      <object_component id="oc-1bb">
         <name>AnalogSubsysRegsFile</name>
         <uninitialized>true</uninitialized>
         <run_address>0x5d180</run_address>
         <size>0x48</size>
         <input_file_ref idref="fl-2d"/>
      </object_component>
      <object_component id="oc-1d8">
         <name>CanaRegsFile</name>
         <uninitialized>true</uninitialized>
         <run_address>0x48000</run_address>
         <size>0x164</size>
         <input_file_ref idref="fl-2d"/>
      </object_component>
      <object_component id="oc-1d9">
         <name>CanbRegsFile</name>
         <uninitialized>true</uninitialized>
         <run_address>0x4a000</run_address>
         <size>0x164</size>
         <input_file_ref idref="fl-2d"/>
      </object_component>
      <object_component id="oc-1b6">
         <name>Cla1RegsFile</name>
         <uninitialized>true</uninitialized>
         <run_address>0x1400</run_address>
         <size>0x3e</size>
         <input_file_ref idref="fl-2d"/>
      </object_component>
      <object_component id="oc-177">
         <name>Cla1SoftIntRegsFile</name>
         <uninitialized>true</uninitialized>
         <run_address>0xce0</run_address>
         <size>0x4</size>
         <input_file_ref idref="fl-2d"/>
      </object_component>
      <object_component id="oc-191">
         <name>Cmpss1RegsFile</name>
         <uninitialized>true</uninitialized>
         <run_address>0x5c80</run_address>
         <size>0x20</size>
         <input_file_ref idref="fl-2d"/>
      </object_component>
      <object_component id="oc-192">
         <name>Cmpss2RegsFile</name>
         <uninitialized>true</uninitialized>
         <run_address>0x5ca0</run_address>
         <size>0x20</size>
         <input_file_ref idref="fl-2d"/>
      </object_component>
      <object_component id="oc-193">
         <name>Cmpss3RegsFile</name>
         <uninitialized>true</uninitialized>
         <run_address>0x5cc0</run_address>
         <size>0x20</size>
         <input_file_ref idref="fl-2d"/>
      </object_component>
      <object_component id="oc-194">
         <name>Cmpss4RegsFile</name>
         <uninitialized>true</uninitialized>
         <run_address>0x5ce0</run_address>
         <size>0x20</size>
         <input_file_ref idref="fl-2d"/>
      </object_component>
      <object_component id="oc-195">
         <name>Cmpss5RegsFile</name>
         <uninitialized>true</uninitialized>
         <run_address>0x5d00</run_address>
         <size>0x20</size>
         <input_file_ref idref="fl-2d"/>
      </object_component>
      <object_component id="oc-196">
         <name>Cmpss6RegsFile</name>
         <uninitialized>true</uninitialized>
         <run_address>0x5d20</run_address>
         <size>0x20</size>
         <input_file_ref idref="fl-2d"/>
      </object_component>
      <object_component id="oc-197">
         <name>Cmpss7RegsFile</name>
         <uninitialized>true</uninitialized>
         <run_address>0x5d40</run_address>
         <size>0x20</size>
         <input_file_ref idref="fl-2d"/>
      </object_component>
      <object_component id="oc-198">
         <name>Cmpss8RegsFile</name>
         <uninitialized>true</uninitialized>
         <run_address>0x5d60</run_address>
         <size>0x20</size>
         <input_file_ref idref="fl-2d"/>
      </object_component>
      <object_component id="oc-17d">
         <name>CpuTimer0RegsFile</name>
         <uninitialized>true</uninitialized>
         <run_address>0xc00</run_address>
         <size>0x8</size>
         <input_file_ref idref="fl-2d"/>
      </object_component>
      <object_component id="oc-17e">
         <name>CpuTimer1RegsFile</name>
         <uninitialized>true</uninitialized>
         <run_address>0xc08</run_address>
         <size>0x8</size>
         <input_file_ref idref="fl-2d"/>
      </object_component>
      <object_component id="oc-17f">
         <name>CpuTimer2RegsFile</name>
         <uninitialized>true</uninitialized>
         <run_address>0xc10</run_address>
         <size>0x8</size>
         <input_file_ref idref="fl-2d"/>
      </object_component>
      <object_component id="oc-17a">
         <name>DacaRegsFile</name>
         <uninitialized>true</uninitialized>
         <run_address>0x5c00</run_address>
         <size>0x8</size>
         <input_file_ref idref="fl-2d"/>
      </object_component>
      <object_component id="oc-17b">
         <name>DacbRegsFile</name>
         <uninitialized>true</uninitialized>
         <run_address>0x5c10</run_address>
         <size>0x8</size>
         <input_file_ref idref="fl-2d"/>
      </object_component>
      <object_component id="oc-17c">
         <name>DaccRegsFile</name>
         <uninitialized>true</uninitialized>
         <run_address>0x5c20</run_address>
         <size>0x8</size>
         <input_file_ref idref="fl-2d"/>
      </object_component>
      <object_component id="oc-1ac">
         <name>DcsmZ1RegsFile</name>
         <uninitialized>true</uninitialized>
         <run_address>0x5f000</run_address>
         <size>0x24</size>
         <input_file_ref idref="fl-2d"/>
      </object_component>
      <object_component id="oc-1ad">
         <name>DcsmZ2RegsFile</name>
         <uninitialized>true</uninitialized>
         <run_address>0x5f040</run_address>
         <size>0x24</size>
         <input_file_ref idref="fl-2d"/>
      </object_component>
      <object_component id="oc-180">
         <name>DcsmCommonRegsFile</name>
         <uninitialized>true</uninitialized>
         <run_address>0x5f070</run_address>
         <size>0x8</size>
         <input_file_ref idref="fl-2d"/>
      </object_component>
      <object_component id="oc-1c9">
         <name>DmaRegsFile</name>
         <uninitialized>true</uninitialized>
         <run_address>0x1000</run_address>
         <size>0xe0</size>
         <input_file_ref idref="fl-2d"/>
      </object_component>
      <object_component id="oc-18f">
         <name>DmaClaSrcSelRegsFile</name>
         <uninitialized>true</uninitialized>
         <run_address>0x7980</run_address>
         <size>0x1a</size>
         <input_file_ref idref="fl-2d"/>
      </object_component>
      <object_component id="oc-199">
         <name>ECap1RegsFile</name>
         <uninitialized>true</uninitialized>
         <run_address>0x5000</run_address>
         <size>0x20</size>
         <input_file_ref idref="fl-2d"/>
      </object_component>
      <object_component id="oc-19b">
         <name>ECap2RegsFile</name>
         <uninitialized>true</uninitialized>
         <run_address>0x5020</run_address>
         <size>0x20</size>
         <input_file_ref idref="fl-2d"/>
      </object_component>
      <object_component id="oc-19c">
         <name>ECap3RegsFile</name>
         <uninitialized>true</uninitialized>
         <run_address>0x5040</run_address>
         <size>0x20</size>
         <input_file_ref idref="fl-2d"/>
      </object_component>
      <object_component id="oc-19d">
         <name>ECap4RegsFile</name>
         <uninitialized>true</uninitialized>
         <run_address>0x5060</run_address>
         <size>0x20</size>
         <input_file_ref idref="fl-2d"/>
      </object_component>
      <object_component id="oc-19e">
         <name>ECap5RegsFile</name>
         <uninitialized>true</uninitialized>
         <run_address>0x5080</run_address>
         <size>0x20</size>
         <input_file_ref idref="fl-2d"/>
      </object_component>
      <object_component id="oc-19f">
         <name>ECap6RegsFile</name>
         <uninitialized>true</uninitialized>
         <run_address>0x50a0</run_address>
         <size>0x20</size>
         <input_file_ref idref="fl-2d"/>
      </object_component>
      <object_component id="oc-1bd">
         <name>Emif1RegsFile</name>
         <uninitialized>true</uninitialized>
         <run_address>0x47000</run_address>
         <size>0x70</size>
         <input_file_ref idref="fl-2d"/>
      </object_component>
      <object_component id="oc-1be">
         <name>Emif2RegsFile</name>
         <uninitialized>true</uninitialized>
         <run_address>0x47800</run_address>
         <size>0x70</size>
         <input_file_ref idref="fl-2d"/>
      </object_component>
      <object_component id="oc-1ca">
         <name>EPwm1RegsFile</name>
         <uninitialized>true</uninitialized>
         <run_address>0x4000</run_address>
         <size>0x100</size>
         <input_file_ref idref="fl-2d"/>
      </object_component>
      <object_component id="oc-1cc">
         <name>EPwm2RegsFile</name>
         <uninitialized>true</uninitialized>
         <run_address>0x4100</run_address>
         <size>0x100</size>
         <input_file_ref idref="fl-2d"/>
      </object_component>
      <object_component id="oc-1cd">
         <name>EPwm3RegsFile</name>
         <uninitialized>true</uninitialized>
         <run_address>0x4200</run_address>
         <size>0x100</size>
         <input_file_ref idref="fl-2d"/>
      </object_component>
      <object_component id="oc-1ce">
         <name>EPwm4RegsFile</name>
         <uninitialized>true</uninitialized>
         <run_address>0x4300</run_address>
         <size>0x100</size>
         <input_file_ref idref="fl-2d"/>
      </object_component>
      <object_component id="oc-1cf">
         <name>EPwm5RegsFile</name>
         <uninitialized>true</uninitialized>
         <run_address>0x4400</run_address>
         <size>0x100</size>
         <input_file_ref idref="fl-2d"/>
      </object_component>
      <object_component id="oc-1d0">
         <name>EPwm6RegsFile</name>
         <uninitialized>true</uninitialized>
         <run_address>0x4500</run_address>
         <size>0x100</size>
         <input_file_ref idref="fl-2d"/>
      </object_component>
      <object_component id="oc-1d1">
         <name>EPwm7RegsFile</name>
         <uninitialized>true</uninitialized>
         <run_address>0x4600</run_address>
         <size>0x100</size>
         <input_file_ref idref="fl-2d"/>
      </object_component>
      <object_component id="oc-1d2">
         <name>EPwm8RegsFile</name>
         <uninitialized>true</uninitialized>
         <run_address>0x4700</run_address>
         <size>0x100</size>
         <input_file_ref idref="fl-2d"/>
      </object_component>
      <object_component id="oc-1d3">
         <name>EPwm9RegsFile</name>
         <uninitialized>true</uninitialized>
         <run_address>0x4800</run_address>
         <size>0x100</size>
         <input_file_ref idref="fl-2d"/>
      </object_component>
      <object_component id="oc-1d4">
         <name>EPwm10RegsFile</name>
         <uninitialized>true</uninitialized>
         <run_address>0x4900</run_address>
         <size>0x100</size>
         <input_file_ref idref="fl-2d"/>
      </object_component>
      <object_component id="oc-1d5">
         <name>EPwm11RegsFile</name>
         <uninitialized>true</uninitialized>
         <run_address>0x4a00</run_address>
         <size>0x100</size>
         <input_file_ref idref="fl-2d"/>
      </object_component>
      <object_component id="oc-1d6">
         <name>EPwm12RegsFile</name>
         <uninitialized>true</uninitialized>
         <run_address>0x4b00</run_address>
         <size>0x100</size>
         <input_file_ref idref="fl-2d"/>
      </object_component>
      <object_component id="oc-1b7">
         <name>EPwmXbarRegsFile</name>
         <uninitialized>true</uninitialized>
         <run_address>0x7a00</run_address>
         <size>0x40</size>
         <input_file_ref idref="fl-2d"/>
      </object_component>
      <object_component id="oc-1a5">
         <name>EQep1RegsFile</name>
         <uninitialized>true</uninitialized>
         <run_address>0x5100</run_address>
         <size>0x22</size>
         <input_file_ref idref="fl-2d"/>
      </object_component>
      <object_component id="oc-1a7">
         <name>EQep2RegsFile</name>
         <uninitialized>true</uninitialized>
         <run_address>0x5140</run_address>
         <size>0x22</size>
         <input_file_ref idref="fl-2d"/>
      </object_component>
      <object_component id="oc-1a8">
         <name>EQep3RegsFile</name>
         <uninitialized>true</uninitialized>
         <run_address>0x5180</run_address>
         <size>0x22</size>
         <input_file_ref idref="fl-2d"/>
      </object_component>
      <object_component id="oc-1db">
         <name>Flash0CtrlRegsFile</name>
         <uninitialized>true</uninitialized>
         <run_address>0x5f800</run_address>
         <size>0x182</size>
         <input_file_ref idref="fl-2d"/>
      </object_component>
      <object_component id="oc-1b2">
         <name>Flash0EccRegsFile</name>
         <uninitialized>true</uninitialized>
         <run_address>0x5fb00</run_address>
         <size>0x28</size>
         <input_file_ref idref="fl-2d"/>
      </object_component>
      <object_component id="oc-1da">
         <name>GpioCtrlRegsFile</name>
         <uninitialized>true</uninitialized>
         <run_address>0x7c00</run_address>
         <size>0x180</size>
         <input_file_ref idref="fl-2d"/>
      </object_component>
      <object_component id="oc-1b4">
         <name>GpioDataRegsFile</name>
         <uninitialized>true</uninitialized>
         <run_address>0x7f00</run_address>
         <size>0x30</size>
         <input_file_ref idref="fl-2d"/>
      </object_component>
      <object_component id="oc-1b8">
         <name>OutputXbarRegsFile</name>
         <uninitialized>true</uninitialized>
         <run_address>0x7a80</run_address>
         <size>0x40</size>
         <input_file_ref idref="fl-2d"/>
      </object_component>
      <object_component id="oc-1a9">
         <name>I2caRegsFile</name>
         <uninitialized>true</uninitialized>
         <run_address>0x7300</run_address>
         <size>0x22</size>
         <input_file_ref idref="fl-2d"/>
      </object_component>
      <object_component id="oc-1ab">
         <name>I2cbRegsFile</name>
         <uninitialized>true</uninitialized>
         <run_address>0x7340</run_address>
         <size>0x22</size>
         <input_file_ref idref="fl-2d"/>
      </object_component>
      <object_component id="oc-1a0">
         <name>InputXbarRegsFile</name>
         <uninitialized>true</uninitialized>
         <run_address>0x7900</run_address>
         <size>0x20</size>
         <input_file_ref idref="fl-2d"/>
      </object_component>
      <object_component id="oc-1a2">
         <name>XbarRegsFile</name>
         <uninitialized>true</uninitialized>
         <run_address>0x7920</run_address>
         <size>0x20</size>
         <input_file_ref idref="fl-2d"/>
      </object_component>
      <object_component id="oc-1ae">
         <name>IpcRegsFile</name>
         <uninitialized>true</uninitialized>
         <run_address>0x50000</run_address>
         <size>0x24</size>
         <input_file_ref idref="fl-2d"/>
      </object_component>
      <object_component id="oc-174">
         <name>FlashPumpSemaphoreRegsFile</name>
         <uninitialized>true</uninitialized>
         <run_address>0x50024</run_address>
         <size>0x2</size>
         <input_file_ref idref="fl-2d"/>
      </object_component>
      <object_component id="oc-175">
         <name>RomPrefetchRegsFile</name>
         <uninitialized>true</uninitialized>
         <run_address>0x5e608</run_address>
         <size>0x2</size>
         <input_file_ref idref="fl-2d"/>
      </object_component>
      <object_component id="oc-1c4">
         <name>MemCfgRegsFile</name>
         <uninitialized>true</uninitialized>
         <run_address>0x5f400</run_address>
         <size>0x80</size>
         <input_file_ref idref="fl-2d"/>
      </object_component>
      <object_component id="oc-1a3">
         <name>Emif1ConfigRegsFile</name>
         <uninitialized>true</uninitialized>
         <run_address>0x5f480</run_address>
         <size>0x20</size>
         <input_file_ref idref="fl-2d"/>
      </object_component>
      <object_component id="oc-1a4">
         <name>Emif2ConfigRegsFile</name>
         <uninitialized>true</uninitialized>
         <run_address>0x5f4a0</run_address>
         <size>0x20</size>
         <input_file_ref idref="fl-2d"/>
      </object_component>
      <object_component id="oc-1b9">
         <name>AccessProtectionRegsFile</name>
         <uninitialized>true</uninitialized>
         <run_address>0x5f4c0</run_address>
         <size>0x40</size>
         <input_file_ref idref="fl-2d"/>
      </object_component>
      <object_component id="oc-1ba">
         <name>MemoryErrorRegsFile</name>
         <uninitialized>true</uninitialized>
         <run_address>0x5f500</run_address>
         <size>0x40</size>
         <input_file_ref idref="fl-2d"/>
      </object_component>
      <object_component id="oc-176">
         <name>RomWaitStateRegsFile</name>
         <uninitialized>true</uninitialized>
         <run_address>0x5f540</run_address>
         <size>0x2</size>
         <input_file_ref idref="fl-2d"/>
      </object_component>
      <object_component id="oc-1af">
         <name>McbspaRegsFile</name>
         <uninitialized>true</uninitialized>
         <run_address>0x6000</run_address>
         <size>0x24</size>
         <input_file_ref idref="fl-2d"/>
      </object_component>
      <object_component id="oc-1b1">
         <name>McbspbRegsFile</name>
         <uninitialized>true</uninitialized>
         <run_address>0x6040</run_address>
         <size>0x24</size>
         <input_file_ref idref="fl-2d"/>
      </object_component>
      <object_component id="oc-1bc">
         <name>UppRegsFile</name>
         <uninitialized>true</uninitialized>
         <run_address>0x6200</run_address>
         <size>0x48</size>
         <input_file_ref idref="fl-2d"/>
      </object_component>
      <object_component id="oc-179">
         <name>NmiIntruptRegsFile</name>
         <uninitialized>true</uninitialized>
         <run_address>0x7060</run_address>
         <size>0x7</size>
         <input_file_ref idref="fl-2d"/>
      </object_component>
      <object_component id="oc-190">
         <name>PieCtrlRegsFile</name>
         <uninitialized>true</uninitialized>
         <run_address>0xce0</run_address>
         <size>0x1a</size>
         <input_file_ref idref="fl-2d"/>
      </object_component>
      <object_component id="oc-182">
         <name>SciaRegsFile</name>
         <uninitialized>true</uninitialized>
         <run_address>0x7200</run_address>
         <size>0x10</size>
         <input_file_ref idref="fl-2d"/>
      </object_component>
      <object_component id="oc-184">
         <name>ScibRegsFile</name>
         <uninitialized>true</uninitialized>
         <run_address>0x7210</run_address>
         <size>0x10</size>
         <input_file_ref idref="fl-2d"/>
      </object_component>
      <object_component id="oc-185">
         <name>ScicRegsFile</name>
         <uninitialized>true</uninitialized>
         <run_address>0x7220</run_address>
         <size>0x10</size>
         <input_file_ref idref="fl-2d"/>
      </object_component>
      <object_component id="oc-186">
         <name>ScidRegsFile</name>
         <uninitialized>true</uninitialized>
         <run_address>0x7230</run_address>
         <size>0x10</size>
         <input_file_ref idref="fl-2d"/>
      </object_component>
      <object_component id="oc-1c5">
         <name>Sdfm1RegsFile</name>
         <uninitialized>true</uninitialized>
         <run_address>0x5e00</run_address>
         <size>0x80</size>
         <input_file_ref idref="fl-2d"/>
      </object_component>
      <object_component id="oc-1c7">
         <name>Sdfm2RegsFile</name>
         <uninitialized>true</uninitialized>
         <run_address>0x5e80</run_address>
         <size>0x80</size>
         <input_file_ref idref="fl-2d"/>
      </object_component>
      <object_component id="oc-187">
         <name>SpiaRegsFile</name>
         <uninitialized>true</uninitialized>
         <run_address>0x6100</run_address>
         <size>0x10</size>
         <input_file_ref idref="fl-2d"/>
      </object_component>
      <object_component id="oc-189">
         <name>SpibRegsFile</name>
         <uninitialized>true</uninitialized>
         <run_address>0x6110</run_address>
         <size>0x10</size>
         <input_file_ref idref="fl-2d"/>
      </object_component>
      <object_component id="oc-18a">
         <name>SpicRegsFile</name>
         <uninitialized>true</uninitialized>
         <run_address>0x6120</run_address>
         <size>0x10</size>
         <input_file_ref idref="fl-2d"/>
      </object_component>
      <object_component id="oc-1d7">
         <name>DevCfgRegsFile</name>
         <uninitialized>true</uninitialized>
         <run_address>0x5d000</run_address>
         <size>0x12e</size>
         <input_file_ref idref="fl-2d"/>
      </object_component>
      <object_component id="oc-1b5">
         <name>ClkCfgRegsFile</name>
         <uninitialized>true</uninitialized>
         <run_address>0x5d200</run_address>
         <size>0x32</size>
         <input_file_ref idref="fl-2d"/>
      </object_component>
      <object_component id="oc-1c8">
         <name>CpuSysRegsFile</name>
         <uninitialized>true</uninitialized>
         <run_address>0x5d300</run_address>
         <size>0x82</size>
         <input_file_ref idref="fl-2d"/>
      </object_component>
      <object_component id="oc-178">
         <name>SyncSocRegsFile</name>
         <uninitialized>true</uninitialized>
         <run_address>0x7940</run_address>
         <size>0x6</size>
         <input_file_ref idref="fl-2d"/>
      </object_component>
      <object_component id="oc-1b3">
         <name>WdRegsFile</name>
         <uninitialized>true</uninitialized>
         <run_address>0x7000</run_address>
         <size>0x2b</size>
         <input_file_ref idref="fl-2d"/>
      </object_component>
      <object_component id="oc-181">
         <name>XintRegsFile</name>
         <uninitialized>true</uninitialized>
         <run_address>0x7070</run_address>
         <size>0xb</size>
         <input_file_ref idref="fl-2d"/>
      </object_component>
      <object_component id="oc-87">
         <name>.debug_info</name>
         <load_address>0x0</load_address>
         <run_address>0x0</run_address>
         <size>0x1d8</size>
         <input_file_ref idref="fl-2"/>
      </object_component>
      <object_component id="oc-89">
         <name>.debug_info</name>
         <load_address>0x1d8</load_address>
         <run_address>0x1d8</run_address>
         <size>0x46f0</size>
         <input_file_ref idref="fl-3"/>
      </object_component>
      <object_component id="oc-90">
         <name>.debug_info</name>
         <load_address>0x48c8</load_address>
         <run_address>0x48c8</run_address>
         <size>0x39e</size>
         <input_file_ref idref="fl-4"/>
      </object_component>
      <object_component id="oc-95">
         <name>.debug_info</name>
         <load_address>0x4c66</load_address>
         <run_address>0x4c66</run_address>
         <size>0x772</size>
         <input_file_ref idref="fl-5"/>
      </object_component>
      <object_component id="oc-9c">
         <name>.debug_info</name>
         <load_address>0x53d8</load_address>
         <run_address>0x53d8</run_address>
         <size>0x21f1</size>
         <input_file_ref idref="fl-6"/>
      </object_component>
      <object_component id="oc-a1">
         <name>.debug_info</name>
         <load_address>0x75c9</load_address>
         <run_address>0x75c9</run_address>
[...]
         <object_component_ref idref="oc-1c3"/>
      </symbol>
      <symbol id="sm-7b6">
         <name>_ScidRegs</name>
         <value>0x7230</value>
         <object_component_ref idref="oc-186"/>
      </symbol>
      <symbol id="sm-7b7">
         <name>_EmuBMode</name>
         <value>0xd00</value>
         <object_component_ref idref="oc-172"/>
      </symbol>
      <symbol id="sm-7b8">
         <name>_ECap4Regs</name>
         <value>0x5060</value>
         <object_component_ref idref="oc-19d"/>
      </symbol>
      <symbol id="sm-7b9">
         <name>_Flash0EccRegs</name>
         <value>0x5fb00</value>
         <object_component_ref idref="oc-1b2"/>
      </symbol>
      <symbol id="sm-7ba">
         <name>_IpcRegs</name>
         <value>0x50000</value>
         <object_component_ref idref="oc-1ae"/>
      </symbol>
      <symbol id="sm-7bb">
         <name>_InputXbarRegs</name>
         <value>0x7900</value>
         <object_component_ref idref="oc-1a0"/>
      </symbol>
      <symbol id="sm-7bc">
         <name>_EPwmXbarRegs</name>
         <value>0x7a00</value>
         <object_component_ref idref="oc-1b7"/>
      </symbol>
      <symbol id="sm-7bd">
         <name>_Cmpss7Regs</name>
         <value>0x5d40</value>
         <object_component_ref idref="oc-197"/>
      </symbol>
      <symbol id="sm-7be">
         <name>_DcsmZ2Regs</name>
         <value>0x5f040</value>
         <object_component_ref idref="oc-1ad"/>
      </symbol>
      <symbol id="sm-7bf">
         <name>_EPwm4Regs</name>
         <value>0x4300</value>
         <object_component_ref idref="oc-1ce"/>
      </symbol>
      <symbol id="sm-7c0">
         <name>_FlashPumpSemaphoreRegs</name>
         <value>0x50024</value>
         <object_component_ref idref="oc-174"/>
      </symbol>
      <symbol id="sm-7c1">
         <name>_ECap5Regs</name>
         <value>0x5080</value>
         <object_component_ref idref="oc-19e"/>
      </symbol>
      <symbol id="sm-7c2">
         <name>_I2cbRegs</name>
         <value>0x7340</value>
         <object_component_ref idref="oc-1ab"/>
      </symbol>
      <symbol id="sm-7c3">
         <name>_CpuTimer1Regs</name>
         <value>0xc08</value>
         <object_component_ref idref="oc-17e"/>
      </symbol>
      <symbol id="sm-7c4">
         <name>_RomPrefetchRegs</name>
         <value>0x5e608</value>
         <object_component_ref idref="oc-175"/>
      </symbol>
      <symbol id="sm-7c5">
         <name>_Cmpss4Regs</name>
         <value>0x5ce0</value>
         <object_component_ref idref="oc-194"/>
      </symbol>
      <symbol id="sm-7c6">
         <name>_EPwm5Regs</name>
         <value>0x4400</value>
         <object_component_ref idref="oc-1cf"/>
      </symbol>
      <symbol id="sm-7c7">
         <name>_UppRegs</name>
         <value>0x6200</value>
         <object_component_ref idref="oc-1bc"/>
      </symbol>
      <symbol id="sm-7c8">
         <name>_SpiaRegs</name>
         <value>0x6100</value>
         <object_component_ref idref="oc-187"/>
      </symbol>
      <symbol id="sm-7c9">
         <name>_CpuSysRegs</name>
         <value>0x5d300</value>
         <object_component_ref idref="oc-1c8"/>
      </symbol>
      <symbol id="sm-7ca">
         <name>_Cla1SoftIntRegs</name>
         <value>0xce0</value>
         <object_component_ref idref="oc-177"/>
      </symbol>
      <symbol id="sm-7cb">
         <name>_CanbRegs</name>
         <value>0x4a000</value>
         <object_component_ref idref="oc-1d9"/>
      </symbol>
      <symbol id="sm-7cc">
         <name>_ECap6Regs</name>
         <value>0x50a0</value>
         <object_component_ref idref="oc-19f"/>
      </symbol>
      <symbol id="sm-7cd">
         <name>_DmaRegs</name>
         <value>0x1000</value>
         <object_component_ref idref="oc-1c9"/>
      </symbol>
      <symbol id="sm-7ce">
         <name>_EmuBootPins</name>
         <value>0xd01</value>
         <object_component_ref idref="oc-173"/>
      </symbol>
      <symbol id="sm-7cf">
         <name>_XintRegs</name>
         <value>0x7070</value>
         <object_component_ref idref="oc-181"/>
      </symbol>
      <symbol id="sm-7d0">
         <name>_CpuTimer0Regs</name>
         <value>0xc00</value>
         <object_component_ref idref="oc-17d"/>
      </symbol>
      <symbol id="sm-7d1">
         <name>_Cmpss5Regs</name>
         <value>0x5d00</value>
         <object_component_ref idref="oc-195"/>
      </symbol>
      <symbol id="sm-7d2">
         <name>_Emif1Regs</name>
         <value>0x47000</value>
         <object_component_ref idref="oc-1bd"/>
      </symbol>
      <symbol id="sm-7d3">
         <name>_AccessProtectionRegs</name>
         <value>0x5f4c0</value>
         <object_component_ref idref="oc-1b9"/>
      </symbol>
      <symbol id="sm-7d4">
         <name>_MemCfgRegs</name>
         <value>0x5f400</value>
         <object_component_ref idref="oc-1c4"/>
      </symbol>
      <symbol id="sm-7d5">
         <name>_DacaRegs</name>
         <value>0x5c00</value>
         <object_component_ref idref="oc-17a"/>
      </symbol>
      <symbol id="sm-7d6">
         <name>_McbspbRegs</name>
         <value>0x6040</value>
         <object_component_ref idref="oc-1b1"/>
      </symbol>
      <symbol id="sm-7d7">
         <name>_EPwm6Regs</name>
         <value>0x4500</value>
         <object_component_ref idref="oc-1d0"/>
      </symbol>
      <symbol id="sm-7d8">
         <name>_AdcaRegs</name>
         <value>0x7400</value>
         <object_component_ref idref="oc-1bf"/>
      </symbol>
      <symbol id="sm-7d9">
         <name>_SciaRegs</name>
         <value>0x7200</value>
         <object_component_ref idref="oc-182"/>
      </symbol>
      <symbol id="sm-7da">
         <name>_EPwm11Regs</name>
         <value>0x4a00</value>
         <object_component_ref idref="oc-1d5"/>
      </symbol>
      <symbol id="sm-7db">
         <name>_GpioDataRegs</name>
         <value>0x7f00</value>
         <object_component_ref idref="oc-1b4"/>
      </symbol>
      <symbol id="sm-7dc">
         <name>_Sdfm1Regs</name>
         <value>0x5e00</value>
         <object_component_ref idref="oc-1c5"/>
      </symbol>
      <symbol id="sm-7dd">
         <name>_Cmpss2Regs</name>
         <value>0x5ca0</value>
         <object_component_ref idref="oc-192"/>
      </symbol>
      <symbol id="sm-7de">
         <name>_Emif2Regs</name>
         <value>0x47800</value>
         <object_component_ref idref="oc-1be"/>
      </symbol>
      <symbol id="sm-7df">
         <name>_DcsmZ1Regs</name>
         <value>0x5f000</value>
         <object_component_ref idref="oc-1ac"/>
      </symbol>
      <symbol id="sm-7e0">
         <name>_Flash0CtrlRegs</name>
         <value>0x5f800</value>
         <object_component_ref idref="oc-1db"/>
      </symbol>
      <symbol id="sm-7e1">
         <name>_EPwm7Regs</name>
         <value>0x4600</value>
         <object_component_ref idref="oc-1d1"/>
      </symbol>
      <symbol id="sm-7e2">
         <name>_SpicRegs</name>
         <value>0x6120</value>
         <object_component_ref idref="oc-18a"/>
      </symbol>
      <symbol id="sm-7e3">
         <name>_EPwm10Regs</name>
         <value>0x4900</value>
         <object_component_ref idref="oc-1d4"/>
      </symbol>
      <symbol id="sm-7e4">
         <name>_CpuTimer2Regs</name>
         <value>0xc10</value>
         <object_component_ref idref="oc-17f"/>
      </symbol>
      <symbol id="sm-7e5">
         <name>_DmaClaSrcSelRegs</name>
         <value>0x7980</value>
         <object_component_ref idref="oc-18f"/>
      </symbol>
      <symbol id="sm-7e6">
         <name>_AnalogSubsysRegs</name>
         <value>0x5d180</value>
         <object_component_ref idref="oc-1bb"/>
      </symbol>
      <symbol id="sm-7e7">
         <name>_Cmpss3Regs</name>
         <value>0x5cc0</value>
         <object_component_ref idref="oc-193"/>
      </symbol>
      <symbol id="sm-7e8">
         <name>_DaccRegs</name>
         <value>0x5c20</value>
         <object_component_ref idref="oc-17c"/>
      </symbol>
      <symbol id="sm-7e9">
         <name>_PieCtrlRegs</name>
         <value>0xce0</value>
         <object_component_ref idref="oc-190"/>
      </symbol>
      <symbol id="sm-7ea">
         <name>_DevCfgRegs</name>
         <value>0x5d000</value>
         <object_component_ref idref="oc-1d7"/>
      </symbol>
      <symbol id="sm-7eb">
         <name>_SpibRegs</name>
         <value>0x6110</value>
         <object_component_ref idref="oc-189"/>
      </symbol>
      <symbol id="sm-7ec">
         <name>_AdccRegs</name>
         <value>0x7500</value>
         <object_component_ref idref="oc-1c2"/>
      </symbol>
      <symbol id="sm-7ed">
         <name>_ScicRegs</name>
         <value>0x7220</value>
         <object_component_ref idref="oc-185"/>
      </symbol>
      <symbol id="sm-7ee">
         <name>_ECap1Regs</name>
         <value>0x5000</value>
         <object_component_ref idref="oc-199"/>
      </symbol>
      <symbol id="sm-7ef">
         <name>_OutputXbarRegs</name>
         <value>0x7a80</value>
         <object_component_ref idref="oc-1b8"/>
      </symbol>
      <symbol id="sm-7f0">
         <name>_MemoryErrorRegs</name>
         <value>0x5f500</value>
         <object_component_ref idref="oc-1ba"/>
      </symbol>
      <symbol id="sm-7f1">
         <name>_Cla1Regs</name>
         <value>0x1400</value>
         <object_component_ref idref="oc-1b6"/>
      </symbol>
      <symbol id="sm-7f2">
         <name>_EQep1Regs</name>
         <value>0x5100</value>
         <object_component_ref idref="oc-1a5"/>
      </symbol>
      <symbol id="sm-7f3">
         <name>_DacbRegs</name>
         <value>0x5c10</value>
         <object_component_ref idref="oc-17b"/>
      </symbol>
      <symbol id="sm-7f4">
         <name>_McbspaRegs</name>
         <value>0x6000</value>
         <object_component_ref idref="oc-1af"/>
      </symbol>
      <symbol id="sm-7f5">
         <name>_EPwm1Regs</name>
         <value>0x4000</value>
         <object_component_ref idref="oc-1ca"/>
      </symbol>
      <symbol id="sm-7f6">
         <name>_AdcbRegs</name>
         <value>0x7480</value>
         <object_component_ref idref="oc-1c1"/>
      </symbol>
      <symbol id="sm-7f7">
         <name>_ScibRegs</name>
         <value>0x7210</value>
         <object_component_ref idref="oc-184"/>
      </symbol>
      <symbol id="sm-7f8">
         <name>_AdcaResultRegs</name>
         <value>0xb00</value>
         <object_component_ref idref="oc-18b"/>
      </symbol>
      <symbol id="sm-7f9">
         <name>_ECap2Regs</name>
         <value>0x5020</value>
         <object_component_ref idref="oc-19b"/>
      </symbol>
      <symbol id="sm-7fa">
         <name>_EPwm12Regs</name>
         <value>0x4b00</value>
         <object_component_ref idref="oc-1d6"/>
      </symbol>
      <symbol id="sm-7fb">
         <name>_AdcbResultRegs</name>
         <value>0xb20</value>
         <object_component_ref idref="oc-18c"/>
      </symbol>
      <symbol id="sm-7fc">
         <name>_AdccResultRegs</name>
         <value>0xb40</value>
         <object_component_ref idref="oc-18d"/>
      </symbol>
      <symbol id="sm-7fd">
         <name>_Emif1ConfigRegs</name>
         <value>0x5f480</value>
         <object_component_ref idref="oc-1a3"/>
      </symbol>
      <symbol id="sm-7fe">
         <name>_Sdfm2Regs</name>
         <value>0x5e80</value>
         <object_component_ref idref="oc-1c7"/>
      </symbol>
      <symbol id="sm-7ff">
         <name>_AdcdResultRegs</name>
         <value>0xb60</value>
         <object_component_ref idref="oc-18e"/>
      </symbol>
      <symbol id="sm-800">
         <name>_EQep2Regs</name>
         <value>0x5140</value>
         <object_component_ref idref="oc-1a7"/>
      </symbol>
      <symbol id="sm-801">
         <name>_Cmpss1Regs</name>
         <value>0x5c80</value>
         <object_component_ref idref="oc-191"/>
      </symbol>
      <symbol id="sm-802">
         <name>_EPwm8Regs</name>
         <value>0x4700</value>
         <object_component_ref idref="oc-1d2"/>
      </symbol>
      <symbol id="sm-803">
         <name>_Emif2ConfigRegs</name>
         <value>0x5f4a0</value>
         <object_component_ref idref="oc-1a4"/>
      </symbol>
      <symbol id="sm-804">
         <name>_DcsmCommonRegs</name>
         <value>0x5f070</value>
         <object_component_ref idref="oc-180"/>
      </symbol>
      <symbol id="sm-805">
         <name>_EPwm2Regs</name>
         <value>0x4100</value>
         <object_component_ref idref="oc-1cc"/>
      </symbol>
      <symbol id="sm-806">
         <name>_ECap3Regs</name>
         <value>0x5040</value>
         <object_component_ref idref="oc-19c"/>
      </symbol>
      <symbol id="sm-807">
         <name>_Cmpss8Regs</name>
         <value>0x5d60</value>
         <object_component_ref idref="oc-198"/>
      </symbol>
      <symbol id="sm-808">
         <name>_EQep3Regs</name>
         <value>0x5180</value>
         <object_component_ref idref="oc-1a8"/>
      </symbol>
      <symbol id="sm-809">
         <name>_SyncSocRegs</name>
         <value>0x7940</value>
         <object_component_ref idref="oc-178"/>
      </symbol>
      <symbol id="sm-80a">
         <name>_EPwm9Regs</name>
         <value>0x4800</value>
         <object_component_ref idref="oc-1d3"/>
      </symbol>
      <symbol id="sm-80b">
         <name>_NmiIntruptRegs</name>
         <value>0x7060</value>
         <object_component_ref idref="oc-179"/>
      </symbol>
      <symbol id="sm-80c">
         <name>_EPwm3Regs</name>
         <value>0x4200</value>
         <object_component_ref idref="oc-1cd"/>
      </symbol>
      <symbol id="sm-80d">
         <name>_I2caRegs</name>
         <value>0x7300</value>
         <object_component_ref idref="oc-1a9"/>
      </symbol>
      <symbol id="sm-823">
         <name>_CPUTimer_setEmulationMode</name>
         <value>0x83b04</value>
         <object_component_ref idref="oc-257"/>
      </symbol>
      <symbol id="sm-867">
         <name>_Flash_initModule</name>
         <value>0xd3f2</value>
         <object_component_ref idref="oc-26c"/>
      </symbol>
      <symbol id="sm-891">
         <name>_GPIO_setMasterCore</name>
         <value>0x838e7</value>
         <object_component_ref idref="oc-25c"/>
      </symbol>
      <symbol id="sm-892">
         <name>_GPIO_setPinConfig</name>
         <value>0x838aa</value>
         <object_component_ref idref="oc-25a"/>
      </symbol>
      <symbol id="sm-893">
         <name>_GPIO_setDirectionMode</name>
         <value>0x8398a</value>
         <object_component_ref idref="oc-25b"/>
      </symbol>
      <symbol id="sm-894">
         <name>_GPIO_setQualificationMode</name>
         <value>0x8391f</value>
         <object_component_ref idref="oc-25e"/>
      </symbol>
      <symbol id="sm-895">
         <name>_GPIO_setPadConfig</name>
         <value>0x8377b</value>
         <object_component_ref idref="oc-25d"/>
      </symbol>
      <symbol id="sm-8c7">
         <name>_Interrupt_enable</name>
         <value>0x83957</value>
         <object_component_ref idref="oc-263"/>
      </symbol>
      <symbol id="sm-8c8">
         <name>_Interrupt_initVectorTable</name>
         <value>0x83a7c</value>
         <object_component_ref idref="oc-262"/>
      </symbol>
      <symbol id="sm-8c9">
         <name>_Interrupt_initModule</name>
         <value>0x83727</value>
         <object_component_ref idref="oc-261"/>
      </symbol>
      <symbol id="sm-8dc">
         <name>_MemCfg_setGSRAMMasterSel</name>
         <value>0x83a0d</value>
         <object_component_ref idref="oc-26e"/>
      </symbol>
      <symbol id="sm-91b">
         <name>_SysCtl_delay</name>
         <value>0xd527</value>
         <object_component_ref idref="oc-1fd"/>
      </symbol>
      <symbol id="sm-91c">
         <name>_SysCtl_selectOscSource</name>
         <value>0x837cd</value>
         <object_component_ref idref="oc-29c"/>
      </symbol>
      <symbol id="sm-91d">
         <name>_SysCtl_setClock</name>
         <value>0x82eb2</value>
         <object_component_ref idref="oc-26d"/>
      </symbol>
      <symbol id="sm-938">
         <name>_c_int00</name>
         <value>0x836d1</value>
         <object_component_ref idref="oc-86"/>
      </symbol>
      <symbol id="sm-939">
         <name>__stack</name>
         <value>0x400</value>
         <object_component_ref idref="oc-203"/>
      </symbol>
      <symbol id="sm-94a">
         <name>FS$$DIV</name>
         <value>0x835eb</value>
         <object_component_ref idref="oc-209"/>
      </symbol>
      <symbol id="sm-956">
         <name>LL$$AND</name>
         <value>0x83aec</value>
         <object_component_ref idref="oc-20e"/>
      </symbol>
      <symbol id="sm-957">
         <name>LL$$OR</name>
         <value>0x83af4</value>
         <object_component_ref idref="oc-20e"/>
      </symbol>
      <symbol id="sm-958">
         <name>LL$$XOR</name>
         <value>0x83afc</value>
         <object_component_ref idref="oc-20e"/>
      </symbol>
      <symbol id="sm-964">
         <name>U$$MOD</name>
         <value>0x83b8a</value>
         <object_component_ref idref="oc-213"/>
      </symbol>
      <symbol id="sm-965">
         <name>U$$DIV</name>
         <value>0x83b85</value>
         <object_component_ref idref="oc-213"/>
      </symbol>
      <symbol id="sm-974">
         <name>_copy_in</name>
         <value>0x83a58</value>
         <object_component_ref idref="oc-243"/>
      </symbol>
      <symbol id="sm-985">
         <name>_memcpy</name>
         <value>0x83a9c</value>
         <object_component_ref idref="oc-253"/>
      </symbol>
      <symbol id="sm-991">
         <name>__system_pre_init</name>
         <value>0x83bb1</value>
         <object_component_ref idref="oc-242"/>
      </symbol>
      <symbol id="sm-99e">
         <name>__system_post_cinit</name>
         <value>0x83673</value>
         <object_component_ref idref="oc-244"/>
      </symbol>
      <symbol id="sm-9b2">
         <name>C$$EXIT</name>
         <value>0x839e4</value>
         <object_component_ref idref="oc-246"/>
      </symbol>
      <symbol id="sm-9b3">
         <name>_exit</name>
         <value>0x839e6</value>
         <object_component_ref idref="oc-246"/>
      </symbol>
      <symbol id="sm-9b4">
         <name>___TI_cleanup_ptr</name>
         <value>0x8568</value>
         <object_component_ref idref="oc-22e"/>
      </symbol>
      <symbol id="sm-9b5">
         <name>___TI_enable_exit_profile_output</name>
         <value>0x8566</value>
         <object_component_ref idref="oc-22e"/>
      </symbol>
      <symbol id="sm-9b6">
         <name>_abort</name>
         <value>0x839e4</value>
         <object_component_ref idref="oc-246"/>
      </symbol>
      <symbol id="sm-9b7">
         <name>___TI_dtors_ptr</name>
         <value>0x856a</value>
         <object_component_ref idref="oc-22e"/>
      </symbol>
      <symbol id="sm-9cb">
         <name>__unlock</name>
         <value>0x858e</value>
         <object_component_ref idref="oc-28f"/>
      </symbol>
      <symbol id="sm-9cc">
         <name>__lock</name>
         <value>0x858c</value>
         <object_component_ref idref="oc-255"/>
      </symbol>
      <symbol id="sm-9cd">
         <name>__register_lock</name>
         <value>0x83b9d</value>
         <object_component_ref idref="oc-269"/>
      </symbol>
      <symbol id="sm-9ce">
         <name>__nop</name>
         <value>0x83ba1</value>
         <object_component_ref idref="oc-269"/>
      </symbol>
      <symbol id="sm-9cf">
         <name>__register_unlock</name>
         <value>0x83b99</value>
         <object_component_ref idref="oc-269"/>
      </symbol>
      <symbol id="sm-9de">
         <name>__args_main</name>
         <value>0x83ad3</value>
         <object_component_ref idref="oc-245"/>
      </symbol>
   </symbol_table>
   <title>Link successful</title>
</link_info>
